Archive member included because of file (symbol)

C:\workspaces\workspresso-nxp\lpc_board_nxp_lpcxpresso_1769\Debug\liblpc_board_nxp_lpcxpresso_1769.a(board.o)
                              ./freertos/src/FreeRTOSCommonHooks.o (Board_UARTPutSTR)
C:\workspaces\workspresso-nxp\lpc_board_nxp_lpcxpresso_1769\Debug\liblpc_board_nxp_lpcxpresso_1769.a(board_sysinit.o)
                              ./example/src/sysinit.o (Board_SystemInit)
C:\workspaces\workspresso-nxp\lpc_chip_175x_6x\Debug\liblpc_chip_175x_6x.a(adc_17xx_40xx.o)
                              ./example/src/practica.o (Chip_ADC_Init)
C:\workspaces\workspresso-nxp\lpc_chip_175x_6x\Debug\liblpc_chip_175x_6x.a(chip_17xx_40xx.o)
                              ./example/src/practica.o (SystemCoreClockUpdate)
C:\workspaces\workspresso-nxp\lpc_chip_175x_6x\Debug\liblpc_chip_175x_6x.a(clock_17xx_40xx.o)
                              C:\workspaces\workspresso-nxp\lpc_chip_175x_6x\Debug\liblpc_chip_175x_6x.a(chip_17xx_40xx.o) (Chip_Clock_EnablePLL)
C:\workspaces\workspresso-nxp\lpc_chip_175x_6x\Debug\liblpc_chip_175x_6x.a(i2s_17xx_40xx.o)
                              C:\workspaces\workspresso-nxp\lpc_board_nxp_lpcxpresso_1769\Debug\liblpc_board_nxp_lpcxpresso_1769.a(board.o) (Chip_I2S_Init)
C:\workspaces\workspresso-nxp\lpc_chip_175x_6x\Debug\liblpc_chip_175x_6x.a(iocon_17xx_40xx.o)
                              ./example/src/practica.o (Chip_IOCON_PinMux)
C:\workspaces\workspresso-nxp\lpc_chip_175x_6x\Debug\liblpc_chip_175x_6x.a(sysinit_17xx_40xx.o)
                              C:\workspaces\workspresso-nxp\lpc_board_nxp_lpcxpresso_1769\Debug\liblpc_board_nxp_lpcxpresso_1769.a(board_sysinit.o) (Chip_SetupXtalClocking)
C:\workspaces\workspresso-nxp\lpc_chip_175x_6x\Debug\liblpc_chip_175x_6x.a(uart_17xx_40xx.o)
                              C:\workspaces\workspresso-nxp\lpc_board_nxp_lpcxpresso_1769\Debug\liblpc_board_nxp_lpcxpresso_1769.a(board.o) (Chip_UART_TXEnable)
C:\workspaces\workspresso-nxp\lpc_chip_175x_6x\Debug\liblpc_chip_175x_6x.a(ring_buffer.o)
                              C:\workspaces\workspresso-nxp\lpc_chip_175x_6x\Debug\liblpc_chip_175x_6x.a(uart_17xx_40xx.o) (RingBuffer_Insert)
c:/workspaces/lpcxpresso_7.4.0_229/lpcxpresso/tools/bin/../lib/gcc/arm-none-eabi/4.8.4/armv7-m\libgcc.a(_arm_addsubdf3.o)
                              ./example/src/uart3.o (__aeabi_dsub)
c:/workspaces/lpcxpresso_7.4.0_229/lpcxpresso/tools/bin/../lib/gcc/arm-none-eabi/4.8.4/armv7-m\libgcc.a(_arm_muldivdf3.o)
                              ./example/src/uart3.o (__aeabi_dmul)
c:/workspaces/lpcxpresso_7.4.0_229/lpcxpresso/tools/bin/../lib/gcc/arm-none-eabi/4.8.4/armv7-m\libgcc.a(_arm_cmpdf2.o)
                              ./example/src/uart3.o (__aeabi_dcmplt)
c:/workspaces/lpcxpresso_7.4.0_229/lpcxpresso/tools/bin/../lib/gcc/arm-none-eabi/4.8.4/armv7-m\libgcc.a(_arm_fixunsdfsi.o)
                              ./example/src/uart3.o (__aeabi_d2uiz)
c:/workspaces/lpcxpresso_7.4.0_229/lpcxpresso/tools/bin/../lib/gcc/arm-none-eabi/4.8.4/armv7-m\libgcc.a(_aeabi_uldivmod.o)
                              C:\workspaces\workspresso-nxp\lpc_chip_175x_6x\Debug\liblpc_chip_175x_6x.a(i2s_17xx_40xx.o) (__aeabi_uldivmod)
c:/workspaces/lpcxpresso_7.4.0_229/lpcxpresso/tools/bin/../lib/gcc/arm-none-eabi/4.8.4/armv7-m\libgcc.a(bpabi.o)
                              c:/workspaces/lpcxpresso_7.4.0_229/lpcxpresso/tools/bin/../lib/gcc/arm-none-eabi/4.8.4/armv7-m\libgcc.a(_aeabi_uldivmod.o) (__gnu_uldivmod_helper)
c:/workspaces/lpcxpresso_7.4.0_229/lpcxpresso/tools/bin/../lib/gcc/arm-none-eabi/4.8.4/armv7-m\libgcc.a(_dvmd_tls.o)
                              c:/workspaces/lpcxpresso_7.4.0_229/lpcxpresso/tools/bin/../lib/gcc/arm-none-eabi/4.8.4/armv7-m\libgcc.a(_aeabi_uldivmod.o) (__aeabi_ldiv0)
c:/workspaces/lpcxpresso_7.4.0_229/lpcxpresso/tools/bin/../lib/gcc/arm-none-eabi/4.8.4/armv7-m\libgcc.a(_divdi3.o)
                              c:/workspaces/lpcxpresso_7.4.0_229/lpcxpresso/tools/bin/../lib/gcc/arm-none-eabi/4.8.4/armv7-m\libgcc.a(bpabi.o) (__divdi3)
c:/workspaces/lpcxpresso_7.4.0_229/lpcxpresso/tools/bin/../lib/gcc/arm-none-eabi/4.8.4/armv7-m\libgcc.a(_udivdi3.o)
                              c:/workspaces/lpcxpresso_7.4.0_229/lpcxpresso/tools/bin/../lib/gcc/arm-none-eabi/4.8.4/armv7-m\libgcc.a(bpabi.o) (__udivdi3)
c:/workspaces/lpcxpresso_7.4.0_229/lpcxpresso/tools/bin/../lib/gcc/arm-none-eabi/4.8.4/../../../../arm-none-eabi/lib/armv7-m\libc_s.a(lib_a-malloc.o)
                              ./freertos/src/heap_3.o (malloc)
c:/workspaces/lpcxpresso_7.4.0_229/lpcxpresso/tools/bin/../lib/gcc/arm-none-eabi/4.8.4/../../../../arm-none-eabi/lib/armv7-m\libc_s.a(lib_a-memcpy-stub.o)
                              ./freertos/src/queue.o (memcpy)
c:/workspaces/lpcxpresso_7.4.0_229/lpcxpresso/tools/bin/../lib/gcc/arm-none-eabi/4.8.4/../../../../arm-none-eabi/lib/armv7-m\libc_s.a(lib_a-memset.o)
                              ./freertos/src/tasks.o (memset)
[...]
Memory Configuration

Name             Origin             Length             Attributes
MFlash512        0x00000000         0x00080000         xr
RamLoc32         0x10000000         0x00008000         xrw
RamAHB32         0x2007c000         0x00008000         xrw
*default*        0x00000000         0xffffffff

Linker script and memory map

LOAD ./freertos/src/FreeRTOSCommonHooks.o
LOAD ./freertos/src/heap_3.o
LOAD ./freertos/src/list.o
LOAD ./freertos/src/port.o
LOAD ./freertos/src/queue.o
LOAD ./freertos/src/tasks.o
LOAD ./example/src/cr_startup_lpc175x_6x.o
LOAD ./example/src/fifo.o
LOAD ./example/src/practica.o
LOAD ./example/src/sysinit.o
LOAD ./example/src/uart3.o
LOAD C:\workspaces\workspresso-nxp\lpc_board_nxp_lpcxpresso_1769\Debug\liblpc_board_nxp_lpcxpresso_1769.a
LOAD C:\workspaces\workspresso-nxp\lpc_chip_175x_6x\Debug\liblpc_chip_175x_6x.a
START GROUP
LOAD c:/workspaces/lpcxpresso_7.4.0_229/lpcxpresso/tools/bin/../lib/gcc/arm-none-eabi/4.8.4/armv7-m\libgcc.a
LOAD c:/workspaces/lpcxpresso_7.4.0_229/lpcxpresso/tools/bin/../lib/gcc/arm-none-eabi/4.8.4/../../../../arm-none-eabi/lib/armv7-m\libc_s.a
LOAD c:/workspaces/lpcxpresso_7.4.0_229/lpcxpresso/tools/bin/../lib/gcc/arm-none-eabi/4.8.4/../../../../arm-none-eabi/lib/armv7-m\libm.a
LOAD c:/workspaces/lpcxpresso_7.4.0_229/lpcxpresso/tools/bin/../lib/gcc/arm-none-eabi/4.8.4/../../../../arm-none-eabi/lib/armv7-m\libcr_newlib_semihost.a
END GROUP
                0x00080000                __top_MFlash512 = 0x80000
                0x10008000                __top_RamLoc32 = 0x10008000
                0x20084000                __top_RamAHB32 = 0x20084000

.text           0x00000000     0x3844
 FILL mask 0xff
                0x00000000                __vectors_start__ = ABSOLUTE (.)
 *(.isr_vector)
 .isr_vector    0x00000000       0xcc ./example/src/cr_startup_lpc175x_6x.o
                0x00000000                g_pfnVectors
                0x000000cc                . = ALIGN (0x4)
                0x000000cc                __section_table_start = .
                0x000000cc                __data_section_table = .
                0x000000cc        0x4 LONG 0x3844 LOADADDR (.data)
                0x000000d0        0x4 LONG 0x10000000 ADDR (.data)
                0x000000d4        0x4 LONG 0x7c SIZEOF (.data)
                0x000000d8        0x4 LONG 0x3844 LOADADDR (.data_RAM2)
                0x000000dc        0x4 LONG 0x2007c000 ADDR (.data_RAM2)
                0x000000e0        0x4 LONG 0x0 SIZEOF (.data_RAM2)
                0x000000e4                __data_section_table_end = .
                0x000000e4                __bss_section_table = .
                0x000000e4        0x4 LONG 0x1000007c ADDR (.bss)
                0x000000e8        0x4 LONG 0x5e0 SIZEOF (.bss)
                0x000000ec        0x4 LONG 0x2007c000 ADDR (.bss_RAM2)
                0x000000f0        0x4 LONG 0x0 SIZEOF (.bss_RAM2)
                0x000000f4                __bss_section_table_end = .
                0x000000f4                __section_table_end = .
 *(.after_vectors*)
 .after_vectors
                0x000000f4       0xa4 ./example/src/cr_startup_lpc175x_6x.o
                0x000000f4                NMI_Handler
                0x000000f8                HardFault_Handler
                0x000000fc                MemManage_Handler
                0x00000100                BusFault_Handler
                0x00000104                UsageFault_Handler
                0x0000010c                DebugMon_Handler
                0x00000118                PWM1_IRQHandler
                0x00000118                I2C0_IRQHandler
                0x00000118                RIT_IRQHandler
                0x00000118                EINT2_IRQHandler
                0x00000118                UART1_IRQHandler
                0x00000118                EINT3_IRQHandler
                0x00000118                CANActivity_IRQHandler
                0x00000118                TIMER3_IRQHandler
                0x00000118                UART0_IRQHandler
                0x00000118                USBActivity_IRQHandler
                0x00000118                I2C1_IRQHandler
                0x00000118                IntDefaultHandler
                0x00000118                PLL0_IRQHandler
                0x00000118                CAN_IRQHandler
                0x00000118                PLL1_IRQHandler
                0x00000118                SSP0_IRQHandler
                0x00000118                I2S_IRQHandler
                0x00000118                I2C2_IRQHandler
                0x00000118                RTC_IRQHandler
                0x00000118                TIMER0_IRQHandler
                0x00000118                SPI_IRQHandler
                0x00000118                DMA_IRQHandler
                0x00000118                EINT1_IRQHandler
                0x00000118                TIMER1_IRQHandler
                0x00000118                UART2_IRQHandler
                0x00000118                ADC_IRQHandler
                0x00000118                SSP1_IRQHandler
                0x00000118                USB_IRQHandler
                0x00000118                BOD_IRQHandler
                0x00000118                TIMER2_IRQHandler
                0x00000118                WDT_IRQHandler
                0x00000118                QEI_IRQHandler
                0x00000118                EINT0_IRQHandler
                0x00000118                ETH_IRQHandler
                0x00000118                MCPWM_IRQHandler
                0x0000011c                data_init
                0x00000138                bss_init
                0x0000014c                ResetISR
 *(.text*)
 .text.vApplicationIdleHook
                0x00000198        0x4 ./freertos/src/FreeRTOSCommonHooks.o
                0x00000198                vApplicationIdleHook
 .text.pvPortMalloc
                0x0000019c       0x18 ./freertos/src/heap_3.o
                0x0000019c                pvPortMalloc
 .text.vPortFree
                0x000001b4       0x18 ./freertos/src/heap_3.o
                0x000001b4                vPortFree
 .text.vListInitialise
                0x000001cc       0x18 ./freertos/src/list.o
                0x000001cc                vListInitialise
 .text.vListInitialiseItem
                0x000001e4        0x8 ./freertos/src/list.o
                0x000001e4                vListInitialiseItem
 .text.vListInsertEnd
                0x000001ec       0x18 ./freertos/src/list.o
                0x000001ec                vListInsertEnd
 .text.vListInsert
                0x00000204       0x34 ./freertos/src/list.o
                0x00000204                vListInsert
 .text.uxListRemove
                0x00000238       0x24 ./freertos/src/list.o
                0x00000238                uxListRemove
 .text.prvPortStartFirstTask
                0x0000025c       0x14 ./freertos/src/port.o
 .text.pxPortInitialiseStack
                0x00000270       0x20 ./freertos/src/port.o
                0x00000270                pxPortInitialiseStack
 .text.SVC_Handler
                0x00000290       0x20 ./freertos/src/port.o
                0x00000290                SVC_Handler
 .text.vPortYield
                0x000002b0       0x18 ./freertos/src/port.o
                0x000002b0                vPortYield
 .text.ulPortSetInterruptMask
                0x000002c8       0x10 ./freertos/src/port.o
                0x000002c8                ulPortSetInterruptMask
 .text.prvTaskExitError
                0x000002d8        0x8 ./freertos/src/port.o
 .text.vPortEnterCritical
                0x000002e0       0x1c ./freertos/src/port.o
                0x000002e0                vPortEnterCritical
 .text.vPortClearInterruptMask
                0x000002fc        0x8 ./freertos/src/port.o
                0x000002fc                vPortClearInterruptMask
 .text.vPortExitCritical
                0x00000304       0x18 ./freertos/src/port.o
                0x00000304                vPortExitCritical
 .text.PendSV_Handler
                0x0000031c       0x3c ./freertos/src/port.o
                0x0000031c                PendSV_Handler
 .text.SysTick_Handler
                0x00000358       0x20 ./freertos/src/port.o
                0x00000358                SysTick_Handler
 .text.vPortSuppressTicksAndSleep
                0x00000378       0xf4 ./freertos/src/port.o
                0x00000378                vPortSuppressTicksAndSleep
 .text.vPortSetupTimerInterrupt
                0x0000046c       0x54 ./freertos/src/port.o
                0x0000046c                vPortSetupTimerInterrupt
 .text.xPortStartScheduler
                0x000004c0       0x30 ./freertos/src/port.o
                0x000004c0                xPortStartScheduler
 .text.prvIsQueueFull
                0x000004f0       0x20 ./freertos/src/queue.o
 .text.prvIsQueueEmpty
                0x00000510       0x1c ./freertos/src/queue.o
 .text.prvCopyDataToQueue
                0x0000052c       0x68 ./freertos/src/queue.o
 .text.prvCopyDataFromQueue
                0x00000594       0x24 ./freertos/src/queue.o
 .text.prvUnlockQueue
                0x000005b8       0x68 ./freertos/src/queue.o
 .text.xQueueGenericReset
                0x00000620       0x5c ./freertos/src/queue.o
                0x00000620                xQueueGenericReset
 .text.xQueueGenericCreate
                0x0000067c       0x44 ./freertos/src/queue.o
                0x0000067c                xQueueGenericCreate
 .text.xQueueGenericSend
                0x000006c0       0xd8 ./freertos/src/queue.o
                0x000006c0                xQueueGenericSend
 .text.xQueueGenericReceive
                0x00000798      0x108 ./freertos/src/queue.o
                0x00000798                xQueueGenericReceive
 .text.prvGetExpectedIdleTime
                0x000008a0       0x34 ./freertos/src/tasks.o
 .text.prvDeleteTCB
                0x000008d4       0x14 ./freertos/src/tasks.o
 .text.prvAllocateTCBAndStack
                0x000008e8       0x38 ./freertos/src/tasks.o
 .text.prvInitialiseTCBVariables
                0x00000920       0x48 ./freertos/src/tasks.o
 .text.prvInitialiseTaskLists
                0x00000968       0x68 ./freertos/src/tasks.o
 .text.prvAddCurrentTaskToDelayedList
                0x000009d0       0x54 ./freertos/src/tasks.o
 .text.xTaskGenericCreate
                0x00000a24       0xf8 ./freertos/src/tasks.o
                0x00000a24                xTaskGenericCreate
 .text.vTaskStartScheduler
                0x00000b1c       0x48 ./freertos/src/tasks.o
                0x00000b1c                vTaskStartScheduler
 .text.vTaskSuspendAll
                0x00000b64       0x10 ./freertos/src/tasks.o
                0x00000b64                vTaskSuspendAll
 .text.xTaskGetTickCount
                0x00000b74       0x18 ./freertos/src/tasks.o
                0x00000b74                xTaskGetTickCount
 .text.vTaskStepTick
                0x00000b8c       0x10 ./freertos/src/tasks.o
                0x00000b8c                vTaskStepTick
 .text.xTaskIncrementTick
                0x00000b9c      0x13c ./freertos/src/tasks.o
                0x00000b9c                xTaskIncrementTick
 .text.xTaskResumeAll
                0x00000cd8       0xd4 ./freertos/src/tasks.o
                0x00000cd8                xTaskResumeAll
 .text.vTaskDelayUntil
                0x00000dac       0x64 ./freertos/src/tasks.o
                0x00000dac                vTaskDelayUntil
 .text.prvCheckTasksWaitingTermination
                0x00000e10       0x50 ./freertos/src/tasks.o
 .text.prvIdleTask
                0x00000e60       0x38 ./freertos/src/tasks.o
 .text.vTaskSwitchContext
                0x00000e98       0x6c ./freertos/src/tasks.o
                0x00000e98                vTaskSwitchContext
 .text.vTaskPlaceOnEventList
                0x00000f04       0x40 ./freertos/src/tasks.o
                0x00000f04                vTaskPlaceOnEventList
 .text.xTaskRemoveFromEventList
                0x00000f44       0x78 ./freertos/src/tasks.o
                0x00000f44                xTaskRemoveFromEventList
 .text.vTaskSetTimeOutState
                0x00000fbc       0x18 ./freertos/src/tasks.o
                0x00000fbc                vTaskSetTimeOutState
 .text.xTaskCheckForTimeOut
                0x00000fd4       0x58 ./freertos/src/tasks.o
                0x00000fd4                xTaskCheckForTimeOut
 .text.vTaskMissedYield
                0x0000102c        0xc ./freertos/src/tasks.o
                0x0000102c                vTaskMissedYield
 .text.eTaskConfirmSleepModeStatus
                0x00001038       0x3c ./freertos/src/tasks.o
                0x00001038                eTaskConfirmSleepModeStatus
 .text.xTaskGetCurrentTaskHandle
                0x00001074        0xc ./freertos/src/tasks.o
                0x00001074                xTaskGetCurrentTaskHandle
 .text.vTaskPriorityInherit
                0x00001080       0x7c ./freertos/src/tasks.o
                0x00001080                vTaskPriorityInherit
 .text.vTaskPriorityDisinherit
                0x000010fc       0x48 ./freertos/src/tasks.o
                0x000010fc                vTaskPriorityDisinherit
 .text.fifo_init
                0x00001144       0x10 ./example/src/fifo.o
                0x00001144                fifo_init
 .text.fifo_isFull
                0x00001154       0x10 ./example/src/fifo.o
                0x00001154                fifo_isFull
 .text.fifo_isEmpty
                0x00001164        0xc ./example/src/fifo.o
                0x00001164                fifo_isEmpty
 .text.fifo_get
                0x00001170       0x34 ./example/src/fifo.o
                0x00001170                fifo_get
 .text.fifo_put
                0x000011a4       0x2c ./example/src/fifo.o
                0x000011a4                fifo_put
 .text.fifo_available
                0x000011d0        0x4 ./example/src/fifo.o
                0x000011d0                fifo_available
 .text.hardResetWifly
                0x000011d4       0x2c ./example/src/practica.o
 .text.initUART
                0x00001200        0xc ./example/src/practica.o
 .text.sendDataByUART
                0x0000120c       0x68 ./example/src/practica.o
 .text.initWiFly
                0x00001274       0xe4 ./example/src/practica.o
 .text.sendDataDelayedByUART
                0x00001358       0x68 ./example/src/practica.o
 .text.sendDataToWiFly
                0x000013c0       0x3c ./example/src/practica.o
 .text.sendResultDataWIFI
                0x000013fc      0x104 ./example/src/practica.o
 .text.getChannelZ
                0x00001500       0xf4 ./example/src/practica.o
 .text.getChannelY
                0x000015f4       0xb8 ./example/src/practica.o
 .text.getChannelX
                0x000016ac       0xa0 ./example/src/practica.o
 .text.initAccelerometro
                0x0000174c       0x7c ./example/src/practica.o
 .text.initDAC  0x000017c8       0x34 ./example/src/practica.o
 .text.initHardware
                0x000017fc       0x1c ./example/src/practica.o
 .text.main     0x00001818       0xcc ./example/src/practica.o
                0x00001818                main
 .text.SystemInit
                0x000018e4       0x18 ./example/src/sysinit.o
                0x000018e4                SystemInit
 .text.uart3_enable
                0x000018fc       0xe0 ./example/src/uart3.o
                0x000018fc                uart3_enable
 .text.uart3_printByte
                0x000019dc       0x50 ./example/src/uart3.o
                0x000019dc                uart3_printByte
 .text.uart3_printString
                0x00001a2c       0x14 ./example/src/uart3.o
                0x00001a2c                uart3_printString
 .text.uart3_available
                0x00001a40       0x1c ./example/src/uart3.o
                0x00001a40                uart3_available
 .text.uart3_read
                0x00001a5c       0x1c ./example/src/uart3.o
                0x00001a5c                uart3_read
 .text.UART3_IRQHandler
                0x00001a78       0xe0 ./example/src/uart3.o
                0x00001a78                UART3_IRQHandler
 .text.Board_LED_Init
                0x00001b58       0x10 C:\workspaces\workspresso-nxp\lpc_board_nxp_lpcxpresso_1769\Debug\liblpc_board_nxp_lpcxpresso_1769.a(board.o)
 .text.Board_Debug_Init
                0x00001b68       0x24 C:\workspaces\workspresso-nxp\lpc_board_nxp_lpcxpresso_1769\Debug\liblpc_board_nxp_lpcxpresso_1769.a(board.o)
                0x00001b68                Board_Debug_Init
 .text.Board_LED_Set
                0x00001b8c       0x20 C:\workspaces\workspresso-nxp\lpc_board_nxp_lpcxpresso_1769\Debug\liblpc_board_nxp_lpcxpresso_1769.a(board.o)
                0x00001b8c                Board_LED_Set
 .text.Board_Init
                0x00001bac       0x18 C:\workspaces\workspresso-nxp\lpc_board_nxp_lpcxpresso_1769\Debug\liblpc_board_nxp_lpcxpresso_1769.a(board.o)
                0x00001bac                Board_Init
 .text.Board_SetupMuxing
                0x00001bc4       0x18 C:\workspaces\workspresso-nxp\lpc_board_nxp_lpcxpresso_1769\Debug\liblpc_board_nxp_lpcxpresso_1769.a(board_sysinit.o)
                0x00001bc4                Board_SetupMuxing
 .text.Board_SetupClocking
                0x00001bdc       0x1c C:\workspaces\workspresso-nxp\lpc_board_nxp_lpcxpresso_1769\Debug\liblpc_board_nxp_lpcxpresso_1769.a(board_sysinit.o)
                0x00001bdc                Board_SetupClocking
 .text.Board_SystemInit
                0x00001bf8        0xc C:\workspaces\workspresso-nxp\lpc_board_nxp_lpcxpresso_1769\Debug\liblpc_board_nxp_lpcxpresso_1769.a(board_sysinit.o)
                0x00001bf8                Board_SystemInit
 .text.getClkDiv
                0x00001c04       0x20 C:\workspaces\workspresso-nxp\lpc_chip_175x_6x\Debug\liblpc_chip_175x_6x.a(adc_17xx_40xx.o)
 .text.setStartMode
                0x00001c24       0x10 C:\workspaces\workspresso-nxp\lpc_chip_175x_6x\Debug\liblpc_chip_175x_6x.a(adc_17xx_40xx.o)
                0x00001c24                setStartMode
 .text.readAdcVal
                0x00001c34       0x18 C:\workspaces\workspresso-nxp\lpc_chip_175x_6x\Debug\liblpc_chip_175x_6x.a(adc_17xx_40xx.o)
                0x00001c34                readAdcVal
 .text.Chip_ADC_Init
                0x00001c4c       0x34 C:\workspaces\workspresso-nxp\lpc_chip_175x_6x\Debug\liblpc_chip_175x_6x.a(adc_17xx_40xx.o)
                0x00001c4c                Chip_ADC_Init
 .text.Chip_ADC_ReadValue
                0x00001c80        0x8 C:\workspaces\workspresso-nxp\lpc_chip_175x_6x\Debug\liblpc_chip_175x_6x.a(adc_17xx_40xx.o)
                0x00001c80                Chip_ADC_ReadValue
 .text.Chip_ADC_ReadStatus
                0x00001c88       0x38 C:\workspaces\workspresso-nxp\lpc_chip_175x_6x\Debug\liblpc_chip_175x_6x.a(adc_17xx_40xx.o)
                0x00001c88                Chip_ADC_ReadStatus
 .text.Chip_ADC_EnableChannel
                0x00001cc0       0x28 C:\workspaces\workspresso-nxp\lpc_chip_175x_6x\Debug\liblpc_chip_175x_6x.a(adc_17xx_40xx.o)
                0x00001cc0                Chip_ADC_EnableChannel
 .text.Chip_ADC_SetBurstCmd
                0x00001ce8       0x24 C:\workspaces\workspresso-nxp\lpc_chip_175x_6x\Debug\liblpc_chip_175x_6x.a(adc_17xx_40xx.o)
                0x00001ce8                Chip_ADC_SetBurstCmd
 .text.SystemCoreClockUpdate
                0x00001d0c       0x10 C:\workspaces\workspresso-nxp\lpc_chip_175x_6x\Debug\liblpc_chip_175x_6x.a(chip_17xx_40xx.o)
                0x00001d0c                SystemCoreClockUpdate
 .text.Chip_Clock_EnablePLL
                0x00001d1c       0x28 C:\workspaces\workspresso-nxp\lpc_chip_175x_6x\Debug\liblpc_chip_175x_6x.a(clock_17xx_40xx.o)
                0x00001d1c                Chip_Clock_EnablePLL
 .text.Chip_Clock_DisablePLL
                0x00001d44       0x2c C:\workspaces\workspresso-nxp\lpc_chip_175x_6x\Debug\liblpc_chip_175x_6x.a(clock_17xx_40xx.o)
                0x00001d44                Chip_Clock_DisablePLL
 .text.Chip_Clock_SetupPLL
                0x00001d70       0x38 C:\workspaces\workspresso-nxp\lpc_chip_175x_6x\Debug\liblpc_chip_175x_6x.a(clock_17xx_40xx.o)
                0x00001d70                Chip_Clock_SetupPLL
 .text.Chip_Clock_EnablePeriphClock
                0x00001da8       0x18 C:\workspaces\workspresso-nxp\lpc_chip_175x_6x\Debug\liblpc_chip_175x_6x.a(clock_17xx_40xx.o)
                0x00001da8                Chip_Clock_EnablePeriphClock
 .text.Chip_Clock_GetCPUClockSource
                0x00001dc0       0x18 C:\workspaces\workspresso-nxp\lpc_chip_175x_6x\Debug\liblpc_chip_175x_6x.a(clock_17xx_40xx.o)
                0x00001dc0                Chip_Clock_GetCPUClockSource
 .text.Chip_Clock_SetCPUClockDiv
                0x00001dd8        0xc C:\workspaces\workspresso-nxp\lpc_chip_175x_6x\Debug\liblpc_chip_175x_6x.a(clock_17xx_40xx.o)
                0x00001dd8                Chip_Clock_SetCPUClockDiv
 .text.Chip_Clock_GetCPUClockDiv
                0x00001de4       0x10 C:\workspaces\workspresso-nxp\lpc_chip_175x_6x\Debug\liblpc_chip_175x_6x.a(clock_17xx_40xx.o)
                0x00001de4                Chip_Clock_GetCPUClockDiv
 .text.Chip_Clock_GetPCLKDiv
                0x00001df4       0x3c C:\workspaces\workspresso-nxp\lpc_chip_175x_6x\Debug\liblpc_chip_175x_6x.a(clock_17xx_40xx.o)
                0x00001df4                Chip_Clock_GetPCLKDiv
 .text.Chip_Clock_GetSYSCLKRate
                0x00001e30       0x3c C:\workspaces\workspresso-nxp\lpc_chip_175x_6x\Debug\liblpc_chip_175x_6x.a(clock_17xx_40xx.o)
                0x00001e30                Chip_Clock_GetSYSCLKRate
 .text.Chip_Clock_GetMainPLLOutClockRate
                0x00001e6c       0x3c C:\workspaces\workspresso-nxp\lpc_chip_175x_6x\Debug\liblpc_chip_175x_6x.a(clock_17xx_40xx.o)
                0x00001e6c                Chip_Clock_GetMainPLLOutClockRate
 .text.Chip_Clock_GetMainClockRate
                0x00001ea8       0x1c C:\workspaces\workspresso-nxp\lpc_chip_175x_6x\Debug\liblpc_chip_175x_6x.a(clock_17xx_40xx.o)
                0x00001ea8                Chip_Clock_GetMainClockRate
 .text.Chip_Clock_GetSystemClockRate
                0x00001ec4       0x14 C:\workspaces\workspresso-nxp\lpc_chip_175x_6x\Debug\liblpc_chip_175x_6x.a(clock_17xx_40xx.o)
                0x00001ec4                Chip_Clock_GetSystemClockRate
 .text.Chip_Clock_GetPeripheralClockRate
                0x00001ed8       0x18 C:\workspaces\workspresso-nxp\lpc_chip_175x_6x\Debug\liblpc_chip_175x_6x.a(clock_17xx_40xx.o)
                0x00001ed8                Chip_Clock_GetPeripheralClockRate
 .text.Chip_IOCON_PinMux
                0x00001ef0       0x3c C:\workspaces\workspresso-nxp\lpc_chip_175x_6x\Debug\liblpc_chip_175x_6x.a(iocon_17xx_40xx.o)
                0x00001ef0                Chip_IOCON_PinMux
 .text.Chip_IOCON_PinMuxSet
                0x00001f2c       0x14 C:\workspaces\workspresso-nxp\lpc_chip_175x_6x\Debug\liblpc_chip_175x_6x.a(iocon_17xx_40xx.o)
                0x00001f2c                Chip_IOCON_PinMuxSet
 .text.Chip_IOCON_SetPinMuxing
                0x00001f40       0x30 C:\workspaces\workspresso-nxp\lpc_chip_175x_6x\Debug\liblpc_chip_175x_6x.a(iocon_17xx_40xx.o)
                0x00001f40                Chip_IOCON_SetPinMuxing
 .text.Chip_SetupXtalClocking
                0x00001f70       0x90 C:\workspaces\workspresso-nxp\lpc_chip_175x_6x\Debug\liblpc_chip_175x_6x.a(sysinit_17xx_40xx.o)
                0x00001f70                Chip_SetupXtalClocking
 .text.Chip_UART_GetClockIndex
                0x00002000       0x2c C:\workspaces\workspresso-nxp\lpc_chip_175x_6x\Debug\liblpc_chip_175x_6x.a(uart_17xx_40xx.o)
 .text.Chip_UART_GetClkIndex
                0x0000202c       0x2c C:\workspaces\workspresso-nxp\lpc_chip_175x_6x\Debug\liblpc_chip_175x_6x.a(uart_17xx_40xx.o)
 .text.Chip_UART_TXEnable
                0x00002058        0x8 C:\workspaces\workspresso-nxp\lpc_chip_175x_6x\Debug\liblpc_chip_175x_6x.a(uart_17xx_40xx.o)
                0x00002058                Chip_UART_TXEnable
 .text.Chip_UART_TXDisable
                0x00002060        0x8 C:\workspaces\workspresso-nxp\lpc_chip_175x_6x\Debug\liblpc_chip_175x_6x.a(uart_17xx_40xx.o)
                0x00002060                Chip_UART_TXDisable
 .text.Chip_UART_Init
                0x00002068       0x40 C:\workspaces\workspresso-nxp\lpc_chip_175x_6x\Debug\liblpc_chip_175x_6x.a(uart_17xx_40xx.o)
                0x00002068                Chip_UART_Init
 .text.Chip_UART_SetBaud
                0x000020a8       0x34 C:\workspaces\workspresso-nxp\lpc_chip_175x_6x\Debug\liblpc_chip_175x_6x.a(uart_17xx_40xx.o)
                0x000020a8                Chip_UART_SetBaud
 .text.malloc   0x000020dc       0x10 c:/workspaces/lpcxpresso_7.4.0_229/lpcxpresso/tools/bin/../lib/gcc/arm-none-eabi/4.8.4/../../../../arm-none-eabi/lib/armv7-m\libc_s.a(lib_a-malloc.o)
                0x000020dc                malloc
 .text.free     0x000020ec       0x10 c:/workspaces/lpcxpresso_7.4.0_229/lpcxpresso/tools/bin/../lib/gcc/arm-none-eabi/4.8.4/../../../../arm-none-eabi/lib/armv7-m\libc_s.a(lib_a-malloc.o)
                0x000020ec                free
 .text.memcpy   0x000020fc       0x12 c:/workspaces/lpcxpresso_7.4.0_229/lpcxpresso/tools/bin/../lib/gcc/arm-none-eabi/4.8.4/../../../../arm-none-eabi/lib/armv7-m\libc_s.a(lib_a-memcpy-stub.o)
                0x000020fc                memcpy
 .text.memset   0x0000210e       0x10 c:/workspaces/lpcxpresso_7.4.0_229/lpcxpresso/tools/bin/../lib/gcc/arm-none-eabi/4.8.4/../../../../arm-none-eabi/lib/armv7-m\libc_s.a(lib_a-memset.o)
                0x0000210e                memset
 *fill*         0x0000211e        0x2 
 .text._free_r  0x00002120       0x88 c:/workspaces/lpcxpresso_7.4.0_229/lpcxpresso/tools/bin/../lib/gcc/arm-none-eabi/4.8.4/../../../../arm-none-eabi/lib/armv7-m\libc_s.a(lib_a-nano-freer.o)
                0x00002120                _free_r
 .text._malloc_r
                0x000021a8       0xa8 c:/workspaces/lpcxpresso_7.4.0_229/lpcxpresso/tools/bin/../lib/gcc/arm-none-eabi/4.8.4/../../../../arm-none-eabi/lib/armv7-m\libc_s.a(lib_a-nano-mallocr.o)
                0x000021a8                _malloc_r
 .text.printf   0x00002250       0x30 c:/workspaces/lpcxpresso_7.4.0_229/lpcxpresso/tools/bin/../lib/gcc/arm-none-eabi/4.8.4/../../../../arm-none-eabi/lib/armv7-m\libc_s.a(lib_a-printf.o)
                0x00002250                iprintf
                0x00002250                printf
 .text._sbrk_r  0x00002280       0x20 c:/workspaces/lpcxpresso_7.4.0_229/lpcxpresso/tools/bin/../lib/gcc/arm-none-eabi/4.8.4/../../../../arm-none-eabi/lib/armv7-m\libc_s.a(lib_a-sbrkr.o)
                0x00002280                _sbrk_r
 .text.sprintf  0x000022a0       0x48 c:/workspaces/lpcxpresso_7.4.0_229/lpcxpresso/tools/bin/../lib/gcc/arm-none-eabi/4.8.4/../../../../arm-none-eabi/lib/armv7-m\libc_s.a(lib_a-sprintf.o)
                0x000022a0                siprintf
                0x000022a0                sprintf
 .text.__ssputs_r
                0x000022e8       0xb8 c:/workspaces/lpcxpresso_7.4.0_229/lpcxpresso/tools/bin/../lib/gcc/arm-none-eabi/4.8.4/../../../../arm-none-eabi/lib/armv7-m\libc_s.a(lib_a-svfprintf.o)
                0x000022e8                __ssputs_r
 .text._svfprintf_r
                0x000023a0      0x1d8 c:/workspaces/lpcxpresso_7.4.0_229/lpcxpresso/tools/bin/../lib/gcc/arm-none-eabi/4.8.4/../../../../arm-none-eabi/lib/armv7-m\libc_s.a(lib_a-svfprintf.o)
                0x000023a0                _svfiprintf_r
                0x000023a0                _svfprintf_r
 .text.__sfputc_r
                0x00002578       0x2c c:/workspaces/lpcxpresso_7.4.0_229/lpcxpresso/tools/bin/../lib/gcc/arm-none-eabi/4.8.4/../../../../arm-none-eabi/lib/armv7-m\libc_s.a(lib_a-vfprintf.o)
 .text.__sfputs_r
                0x000025a4       0x24 c:/workspaces/lpcxpresso_7.4.0_229/lpcxpresso/tools/bin/../lib/gcc/arm-none-eabi/4.8.4/../../../../arm-none-eabi/lib/armv7-m\libc_s.a(lib_a-vfprintf.o)
                0x000025a4                __sfputs_r
 .text._vfprintf_r
                0x000025c8      0x208 c:/workspaces/lpcxpresso_7.4.0_229/lpcxpresso/tools/bin/../lib/gcc/arm-none-eabi/4.8.4/../../../../arm-none-eabi/lib/armv7-m\libc_s.a(lib_a-vfprintf.o)
                0x000025c8                _vfprintf_r
                0x000025c8                _vfiprintf_r
 .text._printf_common
                0x000027d0       0xe4 c:/workspaces/lpcxpresso_7.4.0_229/lpcxpresso/tools/bin/../lib/gcc/arm-none-eabi/4.8.4/../../../../arm-none-eabi/lib/armv7-m\libc_s.a(lib_a-vfprintf_i.o)
                0x000027d0                _printf_common
 .text._printf_i
                0x000028b4      0x228 c:/workspaces/lpcxpresso_7.4.0_229/lpcxpresso/tools/bin/../lib/gcc/arm-none-eabi/4.8.4/../../../../arm-none-eabi/lib/armv7-m\libc_s.a(lib_a-vfprintf_i.o)
                0x000028b4                _printf_i
 .text.__swbuf_r
                0x00002adc       0xa8 c:/workspaces/lpcxpresso_7.4.0_229/lpcxpresso/tools/bin/../lib/gcc/arm-none-eabi/4.8.4/../../../../arm-none-eabi/lib/armv7-m\libc_s.a(lib_a-wbuf.o)
                0x00002adc                __swbuf_r
 .text.__swsetup_r
                0x00002b84       0xdc c:/workspaces/lpcxpresso_7.4.0_229/lpcxpresso/tools/bin/../lib/gcc/arm-none-eabi/4.8.4/../../../../arm-none-eabi/lib/armv7-m\libc_s.a(lib_a-wsetup.o)
                0x00002b84                __swsetup_r
 .text.__sflush_r
                0x00002c60      0x106 c:/workspaces/lpcxpresso_7.4.0_229/lpcxpresso/tools/bin/../lib/gcc/arm-none-eabi/4.8.4/../../../../arm-none-eabi/lib/armv7-m\libc_s.a(lib_a-fflush.o)
                0x00002c60                __sflush_r
 *fill*         0x00002d66        0x2 
 .text._fflush_r
                0x00002d68       0x54 c:/workspaces/lpcxpresso_7.4.0_229/lpcxpresso/tools/bin/../lib/gcc/arm-none-eabi/4.8.4/../../../../arm-none-eabi/lib/armv7-m\libc_s.a(lib_a-fflush.o)
                0x00002d68                _fflush_r
 .text._cleanup_r
                0x00002dbc       0x32 c:/workspaces/lpcxpresso_7.4.0_229/lpcxpresso/tools/bin/../lib/gcc/arm-none-eabi/4.8.4/../../../../arm-none-eabi/lib/armv7-m\libc_s.a(lib_a-findfp.o)
                0x00002dbc                _cleanup_r
 *fill*         0x00002dee        0x2 
 .text.std.isra.0
                0x00002df0       0x48 c:/workspaces/lpcxpresso_7.4.0_229/lpcxpresso/tools/bin/../lib/gcc/arm-none-eabi/4.8.4/../../../../arm-none-eabi/lib/armv7-m\libc_s.a(lib_a-findfp.o)
 .text.__sfmoreglue
                0x00002e38       0x2c c:/workspaces/lpcxpresso_7.4.0_229/lpcxpresso/tools/bin/../lib/gcc/arm-none-eabi/4.8.4/../../../../arm-none-eabi/lib/armv7-m\libc_s.a(lib_a-findfp.o)
                0x00002e38                __sfmoreglue
 .text.__sinit  0x00002e64       0x60 c:/workspaces/lpcxpresso_7.4.0_229/lpcxpresso/tools/bin/../lib/gcc/arm-none-eabi/4.8.4/../../../../arm-none-eabi/lib/armv7-m\libc_s.a(lib_a-findfp.o)
                0x00002e64                __sinit
 .text.__sfp    0x00002ec4       0x74 c:/workspaces/lpcxpresso_7.4.0_229/lpcxpresso/tools/bin/../lib/gcc/arm-none-eabi/4.8.4/../../../../arm-none-eabi/lib/armv7-m\libc_s.a(lib_a-findfp.o)
                0x00002ec4                __sfp
 .text.__smakebuf_r
                0x00002f38       0x98 c:/workspaces/lpcxpresso_7.4.0_229/lpcxpresso/tools/bin/../lib/gcc/arm-none-eabi/4.8.4/../../../../arm-none-eabi/lib/armv7-m\libc_s.a(lib_a-makebuf.o)
                0x00002f38                __smakebuf_r
 .text.memchr   0x00002fd0       0x1c c:/workspaces/lpcxpresso_7.4.0_229/lpcxpresso/tools/bin/../lib/gcc/arm-none-eabi/4.8.4/../../../../arm-none-eabi/lib/armv7-m\libc_s.a(lib_a-memchr-stub.o)
                0x00002fd0                memchr
 .text.memmove  0x00002fec       0x36 c:/workspaces/lpcxpresso_7.4.0_229/lpcxpresso/tools/bin/../lib/gcc/arm-none-eabi/4.8.4/../../../../arm-none-eabi/lib/armv7-m\libc_s.a(lib_a-memmove.o)
                0x00002fec                memmove
 .text._realloc_r
                0x00003022       0x4c c:/workspaces/lpcxpresso_7.4.0_229/lpcxpresso/tools/bin/../lib/gcc/arm-none-eabi/4.8.4/../../../../arm-none-eabi/lib/armv7-m\libc_s.a(lib_a-nano-reallocr.o)
                0x00003022                _realloc_r
 .text.__sread  0x0000306e       0x22 c:/workspaces/lpcxpresso_7.4.0_229/lpcxpresso/tools/bin/../lib/gcc/arm-none-eabi/4.8.4/../../../../arm-none-eabi/lib/armv7-m\libc_s.a(lib_a-stdio.o)
                0x0000306e                __sread
 .text.__swrite
                0x00003090       0x38 c:/workspaces/lpcxpresso_7.4.0_229/lpcxpresso/tools/bin/../lib/gcc/arm-none-eabi/4.8.4/../../../../arm-none-eabi/lib/armv7-m\libc_s.a(lib_a-stdio.o)
                0x00003090                __swrite
 .text.__sseek  0x000030c8       0x24 c:/workspaces/lpcxpresso_7.4.0_229/lpcxpresso/tools/bin/../lib/gcc/arm-none-eabi/4.8.4/../../../../arm-none-eabi/lib/armv7-m\libc_s.a(lib_a-stdio.o)
                0x000030c8                __sseek
 .text.__sclose
                0x000030ec        0x8 c:/workspaces/lpcxpresso_7.4.0_229/lpcxpresso/tools/bin/../lib/gcc/arm-none-eabi/4.8.4/../../../../arm-none-eabi/lib/armv7-m\libc_s.a(lib_a-stdio.o)
                0x000030ec                __sclose
 .text.strlen   0x000030f4       0x10 c:/workspaces/lpcxpresso_7.4.0_229/lpcxpresso/tools/bin/../lib/gcc/arm-none-eabi/4.8.4/../../../../arm-none-eabi/lib/armv7-m\libc_s.a(lib_a-strlen.o)
                0x000030f4                strlen
 .text._write_r
                0x00003104       0x24 c:/workspaces/lpcxpresso_7.4.0_229/lpcxpresso/tools/bin/../lib/gcc/arm-none-eabi/4.8.4/../../../../arm-none-eabi/lib/armv7-m\libc_s.a(lib_a-writer.o)
                0x00003104                _write_r
 .text._close_r
                0x00003128       0x20 c:/workspaces/lpcxpresso_7.4.0_229/lpcxpresso/tools/bin/../lib/gcc/arm-none-eabi/4.8.4/../../../../arm-none-eabi/lib/armv7-m\libc_s.a(lib_a-closer.o)
                0x00003128                _close_r
 .text._fstat_r
                0x00003148       0x24 c:/workspaces/lpcxpresso_7.4.0_229/lpcxpresso/tools/bin/../lib/gcc/arm-none-eabi/4.8.4/../../../../arm-none-eabi/lib/armv7-m\libc_s.a(lib_a-fstatr.o)
                0x00003148                _fstat_r
 .text._isatty_r
                0x0000316c       0x20 c:/workspaces/lpcxpresso_7.4.0_229/lpcxpresso/tools/bin/../lib/gcc/arm-none-eabi/4.8.4/../../../../arm-none-eabi/lib/armv7-m\libc_s.a(lib_a-isattyr.o)
                0x0000316c                _isatty_r
 .text._lseek_r
                0x0000318c       0x24 c:/workspaces/lpcxpresso_7.4.0_229/lpcxpresso/tools/bin/../lib/gcc/arm-none-eabi/4.8.4/../../../../arm-none-eabi/lib/armv7-m\libc_s.a(lib_a-lseekr.o)
                0x0000318c                _lseek_r
 .text._malloc_usable_size_r
                0x000031b0       0x12 c:/workspaces/lpcxpresso_7.4.0_229/lpcxpresso/tools/bin/../lib/gcc/arm-none-eabi/4.8.4/../../../../arm-none-eabi/lib/armv7-m\libc_s.a(lib_a-nano-msizer.o)
                0x000031b0                _malloc_usable_size_r
 *fill*         0x000031c2        0x2 
 .text._read_r  0x000031c4       0x24 c:/workspaces/lpcxpresso_7.4.0_229/lpcxpresso/tools/bin/../lib/gcc/arm-none-eabi/4.8.4/../../../../arm-none-eabi/lib/armv7-m\libc_s.a(lib_a-readr.o)
                0x000031c4                _read_r
 .text._sbrk    0x000031e8       0x3c c:/workspaces/lpcxpresso_7.4.0_229/lpcxpresso/tools/bin/../lib/gcc/arm-none-eabi/4.8.4/../../../../arm-none-eabi/lib/armv7-m\libcr_newlib_semihost.a(_cr_sbrk.o)
                0x000031e8                _sbrk
 .text.error    0x00003224       0x1c c:/workspaces/lpcxpresso_7.4.0_229/lpcxpresso/tools/bin/../lib/gcc/arm-none-eabi/4.8.4/../../../../arm-none-eabi/lib/armv7-m\libcr_newlib_semihost.a(syscalls.o)
 .text.initialise_monitor_handles.part.0
                0x00003240       0xa0 c:/workspaces/lpcxpresso_7.4.0_229/lpcxpresso/tools/bin/../lib/gcc/arm-none-eabi/4.8.4/../../../../arm-none-eabi/lib/armv7-m\libcr_newlib_semihost.a(syscalls.o)
 .text.checkerror
                0x000032e0        0xa c:/workspaces/lpcxpresso_7.4.0_229/lpcxpresso/tools/bin/../lib/gcc/arm-none-eabi/4.8.4/../../../../arm-none-eabi/lib/armv7-m\libcr_newlib_semihost.a(syscalls.o)
 *fill*         0x000032ea        0x2 
 .text.findslot
                0x000032ec       0x30 c:/workspaces/lpcxpresso_7.4.0_229/lpcxpresso/tools/bin/../lib/gcc/arm-none-eabi/4.8.4/../../../../arm-none-eabi/lib/armv7-m\libcr_newlib_semihost.a(syscalls.o)
 .text._swiread
                0x0000331c       0x20 c:/workspaces/lpcxpresso_7.4.0_229/lpcxpresso/tools/bin/../lib/gcc/arm-none-eabi/4.8.4/../../../../arm-none-eabi/lib/armv7-m\libcr_newlib_semihost.a(syscalls.o)
                0x0000331c                _swiread
 .text._read    0x0000333c       0x34 c:/workspaces/lpcxpresso_7.4.0_229/lpcxpresso/tools/bin/../lib/gcc/arm-none-eabi/4.8.4/../../../../arm-none-eabi/lib/armv7-m\libcr_newlib_semihost.a(syscalls.o)
                0x0000333c                _read
 .text._swilseek
                0x00003370       0x7e c:/workspaces/lpcxpresso_7.4.0_229/lpcxpresso/tools/bin/../lib/gcc/arm-none-eabi/4.8.4/../../../../arm-none-eabi/lib/armv7-m\libcr_newlib_semihost.a(syscalls.o)
                0x00003370                _swilseek
 .text._lseek   0x000033ee        0x4 c:/workspaces/lpcxpresso_7.4.0_229/lpcxpresso/tools/bin/../lib/gcc/arm-none-eabi/4.8.4/../../../../arm-none-eabi/lib/armv7-m\libcr_newlib_semihost.a(syscalls.o)
                0x000033ee                _lseek
 .text._swiwrite
                0x000033f2       0x20 c:/workspaces/lpcxpresso_7.4.0_229/lpcxpresso/tools/bin/../lib/gcc/arm-none-eabi/4.8.4/../../../../arm-none-eabi/lib/armv7-m\libcr_newlib_semihost.a(syscalls.o)
                0x000033f2                _swiwrite
 .text._write   0x00003412       0x42 c:/workspaces/lpcxpresso_7.4.0_229/lpcxpresso/tools/bin/../lib/gcc/arm-none-eabi/4.8.4/../../../../arm-none-eabi/lib/armv7-m\libcr_newlib_semihost.a(syscalls.o)
                0x00003412                _write
 .text._swiclose
                0x00003454       0x1c c:/workspaces/lpcxpresso_7.4.0_229/lpcxpresso/tools/bin/../lib/gcc/arm-none-eabi/4.8.4/../../../../arm-none-eabi/lib/armv7-m\libcr_newlib_semihost.a(syscalls.o)
                0x00003454                _swiclose
 .text._close   0x00003470       0x48 c:/workspaces/lpcxpresso_7.4.0_229/lpcxpresso/tools/bin/../lib/gcc/arm-none-eabi/4.8.4/../../../../arm-none-eabi/lib/armv7-m\libcr_newlib_semihost.a(syscalls.o)
                0x00003470                _close
 .text._swistat
                0x000034b8       0x42 c:/workspaces/lpcxpresso_7.4.0_229/lpcxpresso/tools/bin/../lib/gcc/arm-none-eabi/4.8.4/../../../../arm-none-eabi/lib/armv7-m\libcr_newlib_semihost.a(syscalls.o)
                0x000034b8                _swistat
 .text._fstat   0x000034fa       0x1c c:/workspaces/lpcxpresso_7.4.0_229/lpcxpresso/tools/bin/../lib/gcc/arm-none-eabi/4.8.4/../../../../arm-none-eabi/lib/armv7-m\libcr_newlib_semihost.a(syscalls.o)
                0x000034fa                _fstat
 .text._isatty  0x00003516       0x2a c:/workspaces/lpcxpresso_7.4.0_229/lpcxpresso/tools/bin/../lib/gcc/arm-none-eabi/4.8.4/../../../../arm-none-eabi/lib/armv7-m\libcr_newlib_semihost.a(syscalls.o)
                0x00003516                _isatty
 .text.__check_heap_overflow
                0x00003540       0x18 c:/workspaces/lpcxpresso_7.4.0_229/lpcxpresso/tools/bin/../lib/gcc/arm-none-eabi/4.8.4/../../../../arm-none-eabi/lib/armv7-m\libcr_newlib_semihost.a(_cr_check_heap.o)
                0x00003540                __check_heap_overflow
 .text.__errno  0x00003558        0xc c:/workspaces/lpcxpresso_7.4.0_229/lpcxpresso/tools/bin/../lib/gcc/arm-none-eabi/4.8.4/../../../../arm-none-eabi/lib/armv7-m\libc_s.a(lib_a-errno.o)
                0x00003558                __errno
 *(.rodata .rodata.* .constdata .constdata.*)
 .rodata.str1.4
                0x00003564        0x5 ./freertos/src/tasks.o
                                  0x8 (size before relaxing)
 *fill*         0x00003569        0x3 
 .rodata.str1.4
                0x0000356c      0x1d4 ./example/src/practica.o
 .rodata.RTCOscRateIn
                0x00003740        0x4 C:\workspaces\workspresso-nxp\lpc_board_nxp_lpcxpresso_1769\Debug\liblpc_board_nxp_lpcxpresso_1769.a(board.o)
                0x00003740                RTCOscRateIn
 .rodata.OscRateIn
                0x00003744        0x4 C:\workspaces\workspresso-nxp\lpc_board_nxp_lpcxpresso_1769\Debug\liblpc_board_nxp_lpcxpresso_1769.a(board.o)
                0x00003744                OscRateIn
 .rodata.pinmuxing
                0x00003748       0x5c C:\workspaces\workspresso-nxp\lpc_board_nxp_lpcxpresso_1769\Debug\liblpc_board_nxp_lpcxpresso_1769.a(board_sysinit.o)
 .rodata.str1.1
                0x000037a4       0x11 c:/workspaces/lpcxpresso_7.4.0_229/lpcxpresso/tools/bin/../lib/gcc/arm-none-eabi/4.8.4/../../../../arm-none-eabi/lib/armv7-m\libc_s.a(lib_a-svfprintf.o)
 .rodata.str1.1
                0x00000000       0x11 c:/workspaces/lpcxpresso_7.4.0_229/lpcxpresso/tools/bin/../lib/gcc/arm-none-eabi/4.8.4/../../../../arm-none-eabi/lib/armv7-m\libc_s.a(lib_a-vfprintf.o)
 .rodata.str1.1
                0x000037b5       0x22 c:/workspaces/lpcxpresso_7.4.0_229/lpcxpresso/tools/bin/../lib/gcc/arm-none-eabi/4.8.4/../../../../arm-none-eabi/lib/armv7-m\libc_s.a(lib_a-vfprintf_i.o)
 *fill*         0x000037d7        0x1 
 .rodata.__sf_fake_stdin
                0x000037d8       0x20 c:/workspaces/lpcxpresso_7.4.0_229/lpcxpresso/tools/bin/../lib/gcc/arm-none-eabi/4.8.4/../../../../arm-none-eabi/lib/armv7-m\libc_s.a(lib_a-findfp.o)
                0x000037d8                __sf_fake_stdin
 .rodata.__sf_fake_stdout
                0x000037f8       0x20 c:/workspaces/lpcxpresso_7.4.0_229/lpcxpresso/tools/bin/../lib/gcc/arm-none-eabi/4.8.4/../../../../arm-none-eabi/lib/armv7-m\libc_s.a(lib_a-findfp.o)
                0x000037f8                __sf_fake_stdout
 .rodata.__sf_fake_stderr
                0x00003818       0x20 c:/workspaces/lpcxpresso_7.4.0_229/lpcxpresso/tools/bin/../lib/gcc/arm-none-eabi/4.8.4/../../../../arm-none-eabi/lib/armv7-m\libc_s.a(lib_a-findfp.o)
                0x00003818                __sf_fake_stderr
 .rodata.str1.1
                0x00003838        0x2 c:/workspaces/lpcxpresso_7.4.0_229/lpcxpresso/tools/bin/../lib/gcc/arm-none-eabi/4.8.4/../../../../arm-none-eabi/lib/armv7-m\libc_s.a(lib_a-impure.o)
 *fill*         0x0000383a        0x2 
 .rodata._global_impure_ptr
                0x0000383c        0x4 c:/workspaces/lpcxpresso_7.4.0_229/lpcxpresso/tools/bin/../lib/gcc/arm-none-eabi/4.8.4/../../../../arm-none-eabi/lib/armv7-m\libc_s.a(lib_a-impure.o)
                0x0000383c                _global_impure_ptr
 .rodata.str1.1
                0x00003840        0x4 c:/workspaces/lpcxpresso_7.4.0_229/lpcxpresso/tools/bin/../lib/gcc/arm-none-eabi/4.8.4/../../../../arm-none-eabi/lib/armv7-m\libcr_newlib_semihost.a(syscalls.o)
                0x00003844                . = ALIGN (0x4)

.glue_7         0x00003844        0x0
 .glue_7        0x00000000        0x0 linker stubs

.glue_7t        0x00003844        0x0
 .glue_7t       0x00000000        0x0 linker stubs

.vfp11_veneer   0x00003844        0x0
 .vfp11_veneer  0x00000000        0x0 linker stubs

.v4_bx          0x00003844        0x0
 .v4_bx         0x00000000        0x0 linker stubs

.iplt           0x00003844        0x0
 .iplt          0x00000000        0x0 ./freertos/src/FreeRTOSCommonHooks.o

.rel.dyn        0x00003844        0x0
 .rel.iplt      0x00000000        0x0 ./freertos/src/FreeRTOSCommonHooks.o

.ARM.extab
 *(.ARM.extab* .gnu.linkonce.armextab.*)
                0x00003844                __exidx_start = .

.ARM.exidx
 *(.ARM.exidx* .gnu.linkonce.armexidx.*)
                0x00003844                __exidx_end = .
                0x00003844                _etext = .

.data_RAM2      0x2007c000        0x0 load address 0x00003844
 FILL mask 0xff
 *(.ramfunc.$RAM2)
 *(.ramfunc.$RamAHB32)
 *(.data.$RAM2*)
 *(.data.$RamAHB32*)
                0x2007c000                . = ALIGN (0x4)

.uninit_RESERVED
                0x10000000        0x0
 *(.bss.$RESERVED*)
                0x10000000                . = ALIGN (0x4)
                0x10000000                _end_uninit_RESERVED = .

.data           0x10000000       0x7c load address 0x00003844
 FILL mask 0xff
                0x10000000                _data = .
 *(vtable)
 *(.ramfunc*)
 *(.data*)
 .data.uxCriticalNesting
                0x10000000        0x4 ./freertos/src/port.o
 .data.xNextTaskUnblockTime
                0x10000004        0x4 ./freertos/src/tasks.o
 .data.configWIFLY
                0x10000008        0x4 ./example/src/practica.o
 .data.configUART
                0x1000000c        0x4 ./example/src/practica.o
 .data.sendWIFLY
                0x10000010        0x4 ./example/src/practica.o
 .data.eraseWIFLY
                0x10000014        0x4 ./example/src/practica.o
 .data.impure_data
                0x10000018       0x60 c:/workspaces/lpcxpresso_7.4.0_229/lpcxpresso/tools/bin/../lib/gcc/arm-none-eabi/4.8.4/../../../../arm-none-eabi/lib/armv7-m\libc_s.a(lib_a-impure.o)
 .data._impure_ptr
                0x10000078        0x4 c:/workspaces/lpcxpresso_7.4.0_229/lpcxpresso/tools/bin/../lib/gcc/arm-none-eabi/4.8.4/../../../../arm-none-eabi/lib/armv7-m\libc_s.a(lib_a-impure.o)
                0x10000078                _impure_ptr
                0x1000007c                . = ALIGN (0x4)
                0x1000007c                _edata = .

.igot.plt       0x1000007c        0x0 load address 0x000038c0
 .igot.plt      0x00000000        0x0 ./freertos/src/FreeRTOSCommonHooks.o

.bss_RAM2       0x2007c000        0x0
 *(.bss.$RAM2*)
 *(.bss.$RamAHB32*)
                0x2007c000                . = ALIGN (0x4)

.bss            0x1000007c      0x5e0
                0x1000007c                _bss = .
 *(.bss*)
 .bss.ulTimerCountsForOneTick
                0x1000007c        0x4 ./freertos/src/port.o
 .bss.ulStoppedTimerCompensation
                0x10000080        0x4 ./freertos/src/port.o
 .bss.xMaximumPossibleSuppressedTicks
                0x10000084        0x4 ./freertos/src/port.o
 .bss.pxDelayedTaskList
                0x10000088        0x4 ./freertos/src/tasks.o
 .bss.xSchedulerRunning
                0x1000008c        0x4 ./freertos/src/tasks.o
 .bss.uxTasksDeleted
                0x10000090        0x4 ./freertos/src/tasks.o
 .bss.xTasksWaitingTermination
                0x10000094       0x14 ./freertos/src/tasks.o
 .bss.xDelayedTaskList2
                0x100000a8       0x14 ./freertos/src/tasks.o
 .bss.uxPendedTicks
                0x100000bc        0x4 ./freertos/src/tasks.o
 .bss.pxReadyTasksLists
                0x100000c0       0xa0 ./freertos/src/tasks.o
 .bss.uxSchedulerSuspended
                0x10000160        0x4 ./freertos/src/tasks.o
 .bss.uxCurrentNumberOfTasks
                0x10000164        0x4 ./freertos/src/tasks.o
 .bss.pxCurrentTCB
                0x10000168        0x4 ./freertos/src/tasks.o
                0x10000168                pxCurrentTCB
 .bss.xPendingReadyList
                0x1000016c       0x14 ./freertos/src/tasks.o
 .bss.xNumOfOverflows
                0x10000180        0x4 ./freertos/src/tasks.o
 .bss.xTickCount
                0x10000184        0x4 ./freertos/src/tasks.o
 .bss.pxOverflowDelayedTaskList
                0x10000188        0x4 ./freertos/src/tasks.o
 .bss.uxTaskNumber
                0x1000018c        0x4 ./freertos/src/tasks.o
 .bss.xDelayedTaskList1
                0x10000190       0x14 ./freertos/src/tasks.o
 .bss.xSuspendedTaskList
                0x100001a4       0x14 ./freertos/src/tasks.o
 .bss.uxTopReadyPriority
                0x100001b8        0x4 ./freertos/src/tasks.o
 .bss.xYieldPending
                0x100001bc        0x4 ./freertos/src/tasks.o
 .bss.ADCSetup  0x100001c0        0x8 ./example/src/practica.o
 .bss.xQueue    0x100001c8        0x4 ./example/src/practica.o
 .bss.xSemaphore
                0x100001cc        0x4 ./example/src/practica.o
 .bss.txFifo    0x100001d0       0x18 ./example/src/uart3.o
 .bss.uart3_tx_sts
                0x100001e8        0x1 ./example/src/uart3.o
 *fill*         0x100001e9        0x3 
 .bss.rdaInterrupts
                0x100001ec        0x4 ./example/src/uart3.o
                0x100001ec                rdaInterrupts
 .bss.ctiInterrupts
                0x100001f0        0x4 ./example/src/uart3.o
                0x100001f0                ctiInterrupts
 .bss.uart3_rxBuffer
                0x100001f4      0x200 ./example/src/uart3.o
 .bss.uart3_rx_sts
                0x100003f4        0x1 ./example/src/uart3.o
 *fill*         0x100003f5        0x3 
 .bss.uart3_txBuffer
                0x100003f8      0x200 ./example/src/uart3.o
 .bss.rxFifo    0x100005f8       0x18 ./example/src/uart3.o
 .bss.__malloc_sbrk_start
                0x10000610        0x4 c:/workspaces/lpcxpresso_7.4.0_229/lpcxpresso/tools/bin/../lib/gcc/arm-none-eabi/4.8.4/../../../../arm-none-eabi/lib/armv7-m\libc_s.a(lib_a-nano-mallocr.o)
                0x10000610                __malloc_sbrk_start
 .bss.__malloc_free_list
                0x10000614        0x4 c:/workspaces/lpcxpresso_7.4.0_229/lpcxpresso/tools/bin/../lib/gcc/arm-none-eabi/4.8.4/../../../../arm-none-eabi/lib/armv7-m\libc_s.a(lib_a-nano-mallocr.o)
                0x10000614                __malloc_free_list
 .bss.monitor_stdout
                0x10000618        0x4 c:/workspaces/lpcxpresso_7.4.0_229/lpcxpresso/tools/bin/../lib/gcc/arm-none-eabi/4.8.4/../../../../arm-none-eabi/lib/armv7-m\libcr_newlib_semihost.a(syscalls.o)
 .bss.initialized.5243
                0x1000061c        0x4 c:/workspaces/lpcxpresso_7.4.0_229/lpcxpresso/tools/bin/../lib/gcc/arm-none-eabi/4.8.4/../../../../arm-none-eabi/lib/armv7-m\libcr_newlib_semihost.a(syscalls.o)
 .bss.monitor_stdin
                0x10000620        0x4 c:/workspaces/lpcxpresso_7.4.0_229/lpcxpresso/tools/bin/../lib/gcc/arm-none-eabi/4.8.4/../../../../arm-none-eabi/lib/armv7-m\libcr_newlib_semihost.a(syscalls.o)
 .bss.monitor_stderr
                0x10000624        0x4 c:/workspaces/lpcxpresso_7.4.0_229/lpcxpresso/tools/bin/../lib/gcc/arm-none-eabi/4.8.4/../../../../arm-none-eabi/lib/armv7-m\libcr_newlib_semihost.a(syscalls.o)
 .bss.openfiles
                0x10000628       0x28 c:/workspaces/lpcxpresso_7.4.0_229/lpcxpresso/tools/bin/../lib/gcc/arm-none-eabi/4.8.4/../../../../arm-none-eabi/lib/armv7-m\libcr_newlib_semihost.a(syscalls.o)
 *(COMMON)
 COMMON         0x10000650        0x4 C:\workspaces\workspresso-nxp\lpc_chip_175x_6x\Debug\liblpc_chip_175x_6x.a(chip_17xx_40xx.o)
                0x10000650                SystemCoreClock
 COMMON         0x10000654        0x4 c:/workspaces/lpcxpresso_7.4.0_229/lpcxpresso/tools/bin/../lib/gcc/arm-none-eabi/4.8.4/../../../../arm-none-eabi/lib/armv7-m\libc_s.a(lib_a-reent.o)
                0x10000654                errno
 COMMON         0x10000658        0x4 c:/workspaces/lpcxpresso_7.4.0_229/lpcxpresso/tools/bin/../lib/gcc/arm-none-eabi/4.8.4/../../../../arm-none-eabi/lib/armv7-m\libcr_newlib_semihost.a(_cr_sbrk.o)
                0x10000658                __end_of_heap
                0x1000065c                . = ALIGN (0x4)
                0x1000065c                _ebss = .
                0x1000065c                PROVIDE (end, .)

.noinit_RAM2    0x2007c000        0x0
 *(.noinit.$RAM2*)
 *(.noinit.$RamAHB32*)
                0x2007c000                . = ALIGN (0x4)

.noinit         0x1000065c        0x0
                0x1000065c                _noinit = .
 *(.noinit*)
                0x1000065c                . = ALIGN (0x4)
                0x1000065c                _end_noinit = .
                0x1000065c                PROVIDE (_pvHeapStart, DEFINED (__user_heap_base)?__user_heap_base:.)
                0x10008000                PROVIDE (_vStackTop, DEFINED (__user_stack_top)?__user_stack_top:(__top_RamLoc32 - 0x0))
OUTPUT(PracticaV3.axf elf32-littlearm)

.debug_info     0x00000000     0xe02c
 .debug_info    0x00000000      0x27e ./freertos/src/FreeRTOSCommonHooks.o
 .debug_info    0x0000027e      0x1b9 ./freertos/src/heap_3.o
 .debug_info    0x00000437      0x2cc ./freertos/src/list.o
 .debug_info    0x00000703      0x49c ./freertos/src/port.o
 .debug_info    0x00000b9f     0x1344 ./freertos/src/queue.o
 .debug_info    0x00001ee3     0x1b37 ./freertos/src/tasks.o
 .debug_info    0x00003a1a      0x292 ./example/src/cr_startup_lpc175x_6x.o
 .debug_info    0x00003cac      0x27b ./example/src/fifo.o
 .debug_info    0x00003f27     0x1adf ./example/src/practica.o
 .debug_info    0x00005a06      0x122 ./example/src/sysinit.o
 .debug_info    0x00005b28     0x130e ./example/src/uart3.o
 .debug_info    0x00006e36     0x1d6c C:\workspaces\workspresso-nxp\lpc_board_nxp_lpcxpresso_1769\Debug\liblpc_board_nxp_lpcxpresso_1769.a(board.o)
 .debug_info    0x00008ba2      0x5f5 C:\workspaces\workspresso-nxp\lpc_board_nxp_lpcxpresso_1769\Debug\liblpc_board_nxp_lpcxpresso_1769.a(board_sysinit.o)
 .debug_info    0x00009197      0x983 C:\workspaces\workspresso-nxp\lpc_chip_175x_6x\Debug\liblpc_chip_175x_6x.a(adc_17xx_40xx.o)
 .debug_info    0x00009b1a      0x5e7 C:\workspaces\workspresso-nxp\lpc_chip_175x_6x\Debug\liblpc_chip_175x_6x.a(chip_17xx_40xx.o)
 .debug_info    0x0000a101      0xc88 C:\workspaces\workspresso-nxp\lpc_chip_175x_6x\Debug\liblpc_chip_175x_6x.a(clock_17xx_40xx.o)
 .debug_info    0x0000ad89      0x318 C:\workspaces\workspresso-nxp\lpc_chip_175x_6x\Debug\liblpc_chip_175x_6x.a(iocon_17xx_40xx.o)
 .debug_info    0x0000b0a1      0x66f C:\workspaces\workspresso-nxp\lpc_chip_175x_6x\Debug\liblpc_chip_175x_6x.a(sysinit_17xx_40xx.o)
 .debug_info    0x0000b710     0x1407 C:\workspaces\workspresso-nxp\lpc_chip_175x_6x\Debug\liblpc_chip_175x_6x.a(uart_17xx_40xx.o)
 .debug_info    0x0000cb17      0x12d c:/workspaces/lpcxpresso_7.4.0_229/lpcxpresso/tools/bin/../lib/gcc/arm-none-eabi/4.8.4/../../../../arm-none-eabi/lib/armv7-m\libcr_newlib_semihost.a(_cr_sbrk.o)
 .debug_info    0x0000cc44     0x137e c:/workspaces/lpcxpresso_7.4.0_229/lpcxpresso/tools/bin/../lib/gcc/arm-none-eabi/4.8.4/../../../../arm-none-eabi/lib/armv7-m\libcr_newlib_semihost.a(syscalls.o)
 .debug_info    0x0000dfc2       0x6a c:/workspaces/lpcxpresso_7.4.0_229/lpcxpresso/tools/bin/../lib/gcc/arm-none-eabi/4.8.4/../../../../arm-none-eabi/lib/armv7-m\libcr_newlib_semihost.a(_cr_check_heap.o)

.debug_abbrev   0x00000000     0x2eae
 .debug_abbrev  0x00000000      0x193 ./freertos/src/FreeRTOSCommonHooks.o
 .debug_abbrev  0x00000193      0x149 ./freertos/src/heap_3.o
 .debug_abbrev  0x000002dc      0x10a ./freertos/src/list.o
 .debug_abbrev  0x000003e6      0x213 ./freertos/src/port.o
 .debug_abbrev  0x000005f9      0x2cb ./freertos/src/queue.o
 .debug_abbrev  0x000008c4      0x2d1 ./freertos/src/tasks.o
 .debug_abbrev  0x00000b95      0x12f ./example/src/cr_startup_lpc175x_6x.o
 .debug_abbrev  0x00000cc4       0xf2 ./example/src/fifo.o
 .debug_abbrev  0x00000db6      0x38e ./example/src/practica.o
 .debug_abbrev  0x00001144       0xbf ./example/src/sysinit.o
 .debug_abbrev  0x00001203      0x397 ./example/src/uart3.o
 .debug_abbrev  0x0000159a      0x420 C:\workspaces\workspresso-nxp\lpc_board_nxp_lpcxpresso_1769\Debug\liblpc_board_nxp_lpcxpresso_1769.a(board.o)
 .debug_abbrev  0x000019ba      0x1d3 C:\workspaces\workspresso-nxp\lpc_board_nxp_lpcxpresso_1769\Debug\liblpc_board_nxp_lpcxpresso_1769.a(board_sysinit.o)
 .debug_abbrev  0x00001b8d      0x231 C:\workspaces\workspresso-nxp\lpc_chip_175x_6x\Debug\liblpc_chip_175x_6x.a(adc_17xx_40xx.o)
 .debug_abbrev  0x00001dbe      0x1bc C:\workspaces\workspresso-nxp\lpc_chip_175x_6x\Debug\liblpc_chip_175x_6x.a(chip_17xx_40xx.o)
 .debug_abbrev  0x00001f7a      0x320 C:\workspaces\workspresso-nxp\lpc_chip_175x_6x\Debug\liblpc_chip_175x_6x.a(clock_17xx_40xx.o)
 .debug_abbrev  0x0000229a      0x132 C:\workspaces\workspresso-nxp\lpc_chip_175x_6x\Debug\liblpc_chip_175x_6x.a(iocon_17xx_40xx.o)
 .debug_abbrev  0x000023cc      0x1f2 C:\workspaces\workspresso-nxp\lpc_chip_175x_6x\Debug\liblpc_chip_175x_6x.a(sysinit_17xx_40xx.o)
 .debug_abbrev  0x000025be      0x3fb C:\workspaces\workspresso-nxp\lpc_chip_175x_6x\Debug\liblpc_chip_175x_6x.a(uart_17xx_40xx.o)
 .debug_abbrev  0x000029b9       0xf6 c:/workspaces/lpcxpresso_7.4.0_229/lpcxpresso/tools/bin/../lib/gcc/arm-none-eabi/4.8.4/../../../../arm-none-eabi/lib/armv7-m\libcr_newlib_semihost.a(_cr_sbrk.o)
 .debug_abbrev  0x00002aaf      0x39d c:/workspaces/lpcxpresso_7.4.0_229/lpcxpresso/tools/bin/../lib/gcc/arm-none-eabi/4.8.4/../../../../arm-none-eabi/lib/armv7-m\libcr_newlib_semihost.a(syscalls.o)
 .debug_abbrev  0x00002e4c       0x62 c:/workspaces/lpcxpresso_7.4.0_229/lpcxpresso/tools/bin/../lib/gcc/arm-none-eabi/4.8.4/../../../../arm-none-eabi/lib/armv7-m\libcr_newlib_semihost.a(_cr_check_heap.o)

.debug_loc      0x00000000     0x561f
 .debug_loc     0x00000000       0x60 ./freertos/src/FreeRTOSCommonHooks.o
 .debug_loc     0x00000060       0x68 ./freertos/src/heap_3.o
 .debug_loc     0x000000c8       0x65 ./freertos/src/list.o
 .debug_loc     0x0000012d      0x12d ./freertos/src/port.o
 .debug_loc     0x0000025a      0xcf0 ./freertos/src/queue.o
 .debug_loc     0x00000f4a      0xfaa ./freertos/src/tasks.o
 .debug_loc     0x00001ef4      0x1d1 ./example/src/cr_startup_lpc175x_6x.o
 .debug_loc     0x000020c5      0x113 ./example/src/fifo.o
 .debug_loc     0x000021d8      0x439 ./example/src/practica.o
 .debug_loc     0x00002611      0x466 ./example/src/uart3.o
 .debug_loc     0x00002a77      0x582 C:\workspaces\workspresso-nxp\lpc_board_nxp_lpcxpresso_1769\Debug\liblpc_board_nxp_lpcxpresso_1769.a(board.o)
 .debug_loc     0x00002ff9       0x13 C:\workspaces\workspresso-nxp\lpc_board_nxp_lpcxpresso_1769\Debug\liblpc_board_nxp_lpcxpresso_1769.a(board_sysinit.o)
 .debug_loc     0x0000300c      0x573 C:\workspaces\workspresso-nxp\lpc_chip_175x_6x\Debug\liblpc_chip_175x_6x.a(adc_17xx_40xx.o)
 .debug_loc     0x0000357f      0x53b C:\workspaces\workspresso-nxp\lpc_chip_175x_6x\Debug\liblpc_chip_175x_6x.a(clock_17xx_40xx.o)
 .debug_loc     0x00003aba      0x1e4 C:\workspaces\workspresso-nxp\lpc_chip_175x_6x\Debug\liblpc_chip_175x_6x.a(iocon_17xx_40xx.o)
 .debug_loc     0x00003c9e      0xbce C:\workspaces\workspresso-nxp\lpc_chip_175x_6x\Debug\liblpc_chip_175x_6x.a(uart_17xx_40xx.o)
 .debug_loc     0x0000486c       0x47 c:/workspaces/lpcxpresso_7.4.0_229/lpcxpresso/tools/bin/../lib/gcc/arm-none-eabi/4.8.4/../../../../arm-none-eabi/lib/armv7-m\libcr_newlib_semihost.a(_cr_sbrk.o)
 .debug_loc     0x000048b3      0xd32 c:/workspaces/lpcxpresso_7.4.0_229/lpcxpresso/tools/bin/../lib/gcc/arm-none-eabi/4.8.4/../../../../arm-none-eabi/lib/armv7-m\libcr_newlib_semihost.a(syscalls.o)
 .debug_loc     0x000055e5       0x3a c:/workspaces/lpcxpresso_7.4.0_229/lpcxpresso/tools/bin/../lib/gcc/arm-none-eabi/4.8.4/../../../../arm-none-eabi/lib/armv7-m\libcr_newlib_semihost.a(_cr_check_heap.o)

.debug_aranges  0x00000000      0xa70
 .debug_aranges
                0x00000000       0x40 ./freertos/src/FreeRTOSCommonHooks.o
 .debug_aranges
                0x00000040       0x28 ./freertos/src/heap_3.o
 .debug_aranges
                0x00000068       0x40 ./freertos/src/list.o
 .debug_aranges
                0x000000a8       0x90 ./freertos/src/port.o
 .debug_aranges
                0x00000138       0xf0 ./freertos/src/queue.o
 .debug_aranges
                0x00000228      0x170 ./freertos/src/tasks.o
 .debug_aranges
                0x00000398       0x80 ./example/src/cr_startup_lpc175x_6x.o
 .debug_aranges
                0x00000418       0x60 ./example/src/fifo.o
 .debug_aranges
                0x00000478       0x88 ./example/src/practica.o
 .debug_aranges
                0x00000500       0x20 ./example/src/sysinit.o
 .debug_aranges
                0x00000520       0x88 ./example/src/uart3.o
 .debug_aranges
                0x000005a8       0xe0 C:\workspaces\workspresso-nxp\lpc_board_nxp_lpcxpresso_1769\Debug\liblpc_board_nxp_lpcxpresso_1769.a(board.o)
 .debug_aranges
                0x00000688       0x30 C:\workspaces\workspresso-nxp\lpc_board_nxp_lpcxpresso_1769\Debug\liblpc_board_nxp_lpcxpresso_1769.a(board_sysinit.o)
 .debug_aranges
                0x000006b8       0x80 C:\workspaces\workspresso-nxp\lpc_chip_175x_6x\Debug\liblpc_chip_175x_6x.a(adc_17xx_40xx.o)
 .debug_aranges
                0x00000738       0x28 C:\workspaces\workspresso-nxp\lpc_chip_175x_6x\Debug\liblpc_chip_175x_6x.a(chip_17xx_40xx.o)
 .debug_aranges
                0x00000760       0xc8 C:\workspaces\workspresso-nxp\lpc_chip_175x_6x\Debug\liblpc_chip_175x_6x.a(clock_17xx_40xx.o)
 .debug_aranges
                0x00000828       0x30 C:\workspaces\workspresso-nxp\lpc_chip_175x_6x\Debug\liblpc_chip_175x_6x.a(iocon_17xx_40xx.o)
 .debug_aranges
                0x00000858       0x30 C:\workspaces\workspresso-nxp\lpc_chip_175x_6x\Debug\liblpc_chip_175x_6x.a(sysinit_17xx_40xx.o)
 .debug_aranges
                0x00000888       0xc0 C:\workspaces\workspresso-nxp\lpc_chip_175x_6x\Debug\liblpc_chip_175x_6x.a(uart_17xx_40xx.o)
 .debug_aranges
                0x00000948       0x20 c:/workspaces/lpcxpresso_7.4.0_229/lpcxpresso/tools/bin/../lib/gcc/arm-none-eabi/4.8.4/../../../../arm-none-eabi/lib/armv7-m\libcr_newlib_semihost.a(_cr_sbrk.o)
 .debug_aranges
                0x00000968       0xe8 c:/workspaces/lpcxpresso_7.4.0_229/lpcxpresso/tools/bin/../lib/gcc/arm-none-eabi/4.8.4/../../../../arm-none-eabi/lib/armv7-m\libcr_newlib_semihost.a(syscalls.o)
 .debug_aranges
                0x00000a50       0x20 c:/workspaces/lpcxpresso_7.4.0_229/lpcxpresso/tools/bin/../lib/gcc/arm-none-eabi/4.8.4/../../../../arm-none-eabi/lib/armv7-m\libcr_newlib_semihost.a(_cr_check_heap.o)

.debug_ranges   0x00000000      0xb18
 .debug_ranges  0x00000000       0x30 ./freertos/src/FreeRTOSCommonHooks.o
 .debug_ranges  0x00000030       0x18 ./freertos/src/heap_3.o
 .debug_ranges  0x00000048       0x30 ./freertos/src/list.o
 .debug_ranges  0x00000078       0x80 ./freertos/src/port.o
 .debug_ranges  0x000000f8       0xe0 ./freertos/src/queue.o
 .debug_ranges  0x000001d8      0x1c8 ./freertos/src/tasks.o
 .debug_ranges  0x000003a0       0x70 ./example/src/cr_startup_lpc175x_6x.o
 .debug_ranges  0x00000410       0x50 ./example/src/fifo.o
 .debug_ranges  0x00000460       0xc0 ./example/src/practica.o
 .debug_ranges  0x00000520       0x10 ./example/src/sysinit.o
 .debug_ranges  0x00000530       0x90 ./example/src/uart3.o
 .debug_ranges  0x000005c0       0xe8 C:\workspaces\workspresso-nxp\lpc_board_nxp_lpcxpresso_1769\Debug\liblpc_board_nxp_lpcxpresso_1769.a(board.o)
 .debug_ranges  0x000006a8       0x20 C:\workspaces\workspresso-nxp\lpc_board_nxp_lpcxpresso_1769\Debug\liblpc_board_nxp_lpcxpresso_1769.a(board_sysinit.o)
 .debug_ranges  0x000006c8       0x70 C:\workspaces\workspresso-nxp\lpc_chip_175x_6x\Debug\liblpc_chip_175x_6x.a(adc_17xx_40xx.o)
 .debug_ranges  0x00000738       0x18 C:\workspaces\workspresso-nxp\lpc_chip_175x_6x\Debug\liblpc_chip_175x_6x.a(chip_17xx_40xx.o)
 .debug_ranges  0x00000750       0xb8 C:\workspaces\workspresso-nxp\lpc_chip_175x_6x\Debug\liblpc_chip_175x_6x.a(clock_17xx_40xx.o)
 .debug_ranges  0x00000808       0x20 C:\workspaces\workspresso-nxp\lpc_chip_175x_6x\Debug\liblpc_chip_175x_6x.a(iocon_17xx_40xx.o)
 .debug_ranges  0x00000828       0x20 C:\workspaces\workspresso-nxp\lpc_chip_175x_6x\Debug\liblpc_chip_175x_6x.a(sysinit_17xx_40xx.o)
 .debug_ranges  0x00000848       0xb0 C:\workspaces\workspresso-nxp\lpc_chip_175x_6x\Debug\liblpc_chip_175x_6x.a(uart_17xx_40xx.o)
 .debug_ranges  0x000008f8       0x10 c:/workspaces/lpcxpresso_7.4.0_229/lpcxpresso/tools/bin/../lib/gcc/arm-none-eabi/4.8.4/../../../../arm-none-eabi/lib/armv7-m\libcr_newlib_semihost.a(_cr_sbrk.o)
 .debug_ranges  0x00000908      0x200 c:/workspaces/lpcxpresso_7.4.0_229/lpcxpresso/tools/bin/../lib/gcc/arm-none-eabi/4.8.4/../../../../arm-none-eabi/lib/armv7-m\libcr_newlib_semihost.a(syscalls.o)
 .debug_ranges  0x00000b08       0x10 c:/workspaces/lpcxpresso_7.4.0_229/lpcxpresso/tools/bin/../lib/gcc/arm-none-eabi/4.8.4/../../../../arm-none-eabi/lib/armv7-m\libcr_newlib_semihost.a(_cr_check_heap.o)

.debug_macro    0x00000000     0x72af
 .debug_macro   0x00000000      0x29c ./freertos/src/FreeRTOSCommonHooks.o
 .debug_macro   0x0000029c      0x85c ./freertos/src/FreeRTOSCommonHooks.o
 .debug_macro   0x00000af8       0x10 ./freertos/src/FreeRTOSCommonHooks.o
 .debug_macro   0x00000b08      0x12d ./freertos/src/FreeRTOSCommonHooks.o
 .debug_macro   0x00000c35       0x16 ./freertos/src/FreeRTOSCommonHooks.o
 .debug_macro   0x00000c4b       0x46 ./freertos/src/FreeRTOSCommonHooks.o
 .debug_macro   0x00000c91      0x5b2 ./freertos/src/FreeRTOSCommonHooks.o
 .debug_macro   0x00001243       0x22 ./freertos/src/FreeRTOSCommonHooks.o
 .debug_macro   0x00001265       0x74 ./freertos/src/FreeRTOSCommonHooks.o
 .debug_macro   0x000012d9       0x10 ./freertos/src/FreeRTOSCommonHooks.o
 .debug_macro   0x000012e9       0x2d ./freertos/src/FreeRTOSCommonHooks.o
 .debug_macro   0x00001316       0x3a ./freertos/src/FreeRTOSCommonHooks.o
 .debug_macro   0x00001350       0x2d ./freertos/src/FreeRTOSCommonHooks.o
 .debug_macro   0x0000137d      0xbb1 ./freertos/src/FreeRTOSCommonHooks.o
 .debug_macro   0x00001f2e      0x22c ./freertos/src/FreeRTOSCommonHooks.o
 .debug_macro   0x0000215a       0x42 ./freertos/src/FreeRTOSCommonHooks.o
 .debug_macro   0x0000219c       0x52 ./freertos/src/FreeRTOSCommonHooks.o
 .debug_macro   0x000021ee       0x78 ./freertos/src/FreeRTOSCommonHooks.o
 .debug_macro   0x00002266       0x82 ./freertos/src/FreeRTOSCommonHooks.o
 .debug_macro   0x000022e8      0x48c ./freertos/src/FreeRTOSCommonHooks.o
 .debug_macro   0x00002774       0x34 ./freertos/src/FreeRTOSCommonHooks.o
 .debug_macro   0x000027a8      0x4c5 ./freertos/src/FreeRTOSCommonHooks.o
 .debug_macro   0x00002c6d      0x1b7 ./freertos/src/FreeRTOSCommonHooks.o
 .debug_macro   0x00002e24       0x10 ./freertos/src/FreeRTOSCommonHooks.o
 .debug_macro   0x00002e34      0x21b ./freertos/src/FreeRTOSCommonHooks.o
 .debug_macro   0x0000304f      0x1b9 ./freertos/src/FreeRTOSCommonHooks.o
 .debug_macro   0x00003208       0x40 ./freertos/src/FreeRTOSCommonHooks.o
 .debug_macro   0x00003248       0x22 ./freertos/src/FreeRTOSCommonHooks.o
 .debug_macro   0x0000326a      0x162 ./freertos/src/FreeRTOSCommonHooks.o
 .debug_macro   0x000033cc       0x94 ./freertos/src/FreeRTOSCommonHooks.o
 .debug_macro   0x00003460       0xb8 ./freertos/src/FreeRTOSCommonHooks.o
 .debug_macro   0x00003518       0x4c ./freertos/src/FreeRTOSCommonHooks.o
 .debug_macro   0x00003564       0x16 ./freertos/src/FreeRTOSCommonHooks.o
 .debug_macro   0x0000357a      0x328 ./freertos/src/FreeRTOSCommonHooks.o
 .debug_macro   0x000038a2       0x49 ./freertos/src/FreeRTOSCommonHooks.o
 .debug_macro   0x000038eb       0x16 ./freertos/src/FreeRTOSCommonHooks.o
 .debug_macro   0x00003901       0xca ./freertos/src/FreeRTOSCommonHooks.o
 .debug_macro   0x000039cb       0x11 ./freertos/src/FreeRTOSCommonHooks.o
 .debug_macro   0x000039dc       0x70 ./freertos/src/FreeRTOSCommonHooks.o
 .debug_macro   0x00003a4c       0x9a ./freertos/src/FreeRTOSCommonHooks.o
 .debug_macro   0x00003ae6       0x20 ./freertos/src/FreeRTOSCommonHooks.o
 .debug_macro   0x00003b06       0x28 ./freertos/src/FreeRTOSCommonHooks.o
 .debug_macro   0x00003b2e       0xee ./freertos/src/FreeRTOSCommonHooks.o
 .debug_macro   0x00003c1c       0xab ./freertos/src/FreeRTOSCommonHooks.o
 .debug_macro   0x00003cc7       0x12 ./freertos/src/FreeRTOSCommonHooks.o
 .debug_macro   0x00003cd9       0x1f ./freertos/src/FreeRTOSCommonHooks.o
 .debug_macro   0x00003cf8      0x257 ./freertos/src/FreeRTOSCommonHooks.o
 .debug_macro   0x00003f4f       0x64 ./freertos/src/FreeRTOSCommonHooks.o
 .debug_macro   0x00003fb3       0x57 ./freertos/src/FreeRTOSCommonHooks.o
 .debug_macro   0x0000400a      0x2b2 ./freertos/src/heap_3.o
 .debug_macro   0x000042bc       0x28 ./freertos/src/heap_3.o
 .debug_macro   0x000042e4      0x297 ./freertos/src/list.o
 .debug_macro   0x0000457b      0x329 ./freertos/src/port.o
 .debug_macro   0x000048a4      0x2fa ./freertos/src/queue.o
 .debug_macro   0x00004b9e       0xb0 ./freertos/src/queue.o
 .debug_macro   0x00004c4e      0x336 ./freertos/src/tasks.o
 .debug_macro   0x00004f84       0x5b ./freertos/src/tasks.o
 .debug_macro   0x00004fdf       0x16 ./freertos/src/tasks.o
 .debug_macro   0x00004ff5       0x1d ./example/src/cr_startup_lpc175x_6x.o
 .debug_macro   0x00005012       0x4b ./example/src/fifo.o
 .debug_macro   0x0000505d       0x16 ./example/src/fifo.o
 .debug_macro   0x00005073      0x306 ./example/src/practica.o
 .debug_macro   0x00005379       0x7b ./example/src/practica.o
 .debug_macro   0x000053f4       0x18 ./example/src/practica.o
 .debug_macro   0x0000540c       0x20 ./example/src/practica.o
 .debug_macro   0x0000542c       0x10 ./example/src/practica.o
 .debug_macro   0x0000543c       0xf4 ./example/src/practica.o
 .debug_macro   0x00005530       0x77 ./example/src/practica.o
 .debug_macro   0x000055a7       0x3a ./example/src/practica.o
 .debug_macro   0x000055e1       0x1c ./example/src/practica.o
 .debug_macro   0x000055fd      0x217 ./example/src/sysinit.o
 .debug_macro   0x00005814      0x275 ./example/src/uart3.o
 .debug_macro   0x00005a89       0x34 ./example/src/uart3.o
 .debug_macro   0x00005abd       0x1c ./example/src/uart3.o
 .debug_macro   0x00005ad9      0x289 C:\workspaces\workspresso-nxp\lpc_board_nxp_lpcxpresso_1769\Debug\liblpc_board_nxp_lpcxpresso_1769.a(board.o)
 .debug_macro   0x00005d62      0x856 C:\workspaces\workspresso-nxp\lpc_board_nxp_lpcxpresso_1769\Debug\liblpc_board_nxp_lpcxpresso_1769.a(board.o)
 .debug_macro   0x000065b8       0x12 C:\workspaces\workspresso-nxp\lpc_board_nxp_lpcxpresso_1769\Debug\liblpc_board_nxp_lpcxpresso_1769.a(board.o)
 .debug_macro   0x000065ca      0x217 C:\workspaces\workspresso-nxp\lpc_board_nxp_lpcxpresso_1769\Debug\liblpc_board_nxp_lpcxpresso_1769.a(board_sysinit.o)
 .debug_macro   0x000067e1      0x1cd C:\workspaces\workspresso-nxp\lpc_chip_175x_6x\Debug\liblpc_chip_175x_6x.a(adc_17xx_40xx.o)
 .debug_macro   0x000069ae      0x1cd C:\workspaces\workspresso-nxp\lpc_chip_175x_6x\Debug\liblpc_chip_175x_6x.a(chip_17xx_40xx.o)
 .debug_macro   0x00006b7b      0x1cd C:\workspaces\workspresso-nxp\lpc_chip_175x_6x\Debug\liblpc_chip_175x_6x.a(clock_17xx_40xx.o)
 .debug_macro   0x00006d48      0x1cd C:\workspaces\workspresso-nxp\lpc_chip_175x_6x\Debug\liblpc_chip_175x_6x.a(iocon_17xx_40xx.o)
 .debug_macro   0x00006f15      0x1cd C:\workspaces\workspresso-nxp\lpc_chip_175x_6x\Debug\liblpc_chip_175x_6x.a(sysinit_17xx_40xx.o)
 .debug_macro   0x000070e2      0x1cd C:\workspaces\workspresso-nxp\lpc_chip_175x_6x\Debug\liblpc_chip_175x_6x.a(uart_17xx_40xx.o)

.debug_line     0x00000000     0x73db
 .debug_line    0x00000000      0x5cc ./freertos/src/FreeRTOSCommonHooks.o
 .debug_line    0x000005cc      0x580 ./freertos/src/heap_3.o
 .debug_line    0x00000b4c      0x5c5 ./freertos/src/list.o
 .debug_line    0x00001111      0x69b ./freertos/src/port.o
 .debug_line    0x000017ac      0x8d1 ./freertos/src/queue.o
 .debug_line    0x0000207d      0xc3b ./freertos/src/tasks.o
 .debug_line    0x00002cb8       0xb3 ./example/src/cr_startup_lpc175x_6x.o
 .debug_line    0x00002d6b      0x1e7 ./example/src/fifo.o
 .debug_line    0x00002f52      0x78e ./example/src/practica.o
 .debug_line    0x000036e0      0x475 ./example/src/sysinit.o
 .debug_line    0x00003b55      0x656 ./example/src/uart3.o
 .debug_line    0x000041ab      0x761 C:\workspaces\workspresso-nxp\lpc_board_nxp_lpcxpresso_1769\Debug\liblpc_board_nxp_lpcxpresso_1769.a(board.o)
 .debug_line    0x0000490c      0x498 C:\workspaces\workspresso-nxp\lpc_board_nxp_lpcxpresso_1769\Debug\liblpc_board_nxp_lpcxpresso_1769.a(board_sysinit.o)
 .debug_line    0x00004da4      0x4f8 C:\workspaces\workspresso-nxp\lpc_chip_175x_6x\Debug\liblpc_chip_175x_6x.a(adc_17xx_40xx.o)
 .debug_line    0x0000529c      0x441 C:\workspaces\workspresso-nxp\lpc_chip_175x_6x\Debug\liblpc_chip_175x_6x.a(chip_17xx_40xx.o)
 .debug_line    0x000056dd      0x63a C:\workspaces\workspresso-nxp\lpc_chip_175x_6x\Debug\liblpc_chip_175x_6x.a(clock_17xx_40xx.o)
 .debug_line    0x00005d17      0x438 C:\workspaces\workspresso-nxp\lpc_chip_175x_6x\Debug\liblpc_chip_175x_6x.a(iocon_17xx_40xx.o)
 .debug_line    0x0000614f      0x4c1 C:\workspaces\workspresso-nxp\lpc_chip_175x_6x\Debug\liblpc_chip_175x_6x.a(sysinit_17xx_40xx.o)
 .debug_line    0x00006610      0x70c C:\workspaces\workspresso-nxp\lpc_chip_175x_6x\Debug\liblpc_chip_175x_6x.a(uart_17xx_40xx.o)
 .debug_line    0x00006d1c      0x101 c:/workspaces/lpcxpresso_7.4.0_229/lpcxpresso/tools/bin/../lib/gcc/arm-none-eabi/4.8.4/../../../../arm-none-eabi/lib/armv7-m\libcr_newlib_semihost.a(_cr_sbrk.o)
 .debug_line    0x00006e1d      0x571 c:/workspaces/lpcxpresso_7.4.0_229/lpcxpresso/tools/bin/../lib/gcc/arm-none-eabi/4.8.4/../../../../arm-none-eabi/lib/armv7-m\libcr_newlib_semihost.a(syscalls.o)
 .debug_line    0x0000738e       0x4d c:/workspaces/lpcxpresso_7.4.0_229/lpcxpresso/tools/bin/../lib/gcc/arm-none-eabi/4.8.4/../../../../arm-none-eabi/lib/armv7-m\libcr_newlib_semihost.a(_cr_check_heap.o)

.debug_str      0x00000000    0x1979b
 .debug_str     0x00000000    0x12a7a ./freertos/src/FreeRTOSCommonHooks.o
                              0x12b64 (size before relaxing)
 .debug_str     0x00012a7a      0x12e ./freertos/src/heap_3.o
                              0x12b52 (size before relaxing)
 .debug_str     0x00012ba8      0x12e ./freertos/src/list.o
                              0x1286c (size before relaxing)
 .debug_str     0x00012cd6      0x93d ./freertos/src/port.o
                              0x133c1 (size before relaxing)
 .debug_str     0x00013613     0x11be ./freertos/src/queue.o
                              0x13fdd (size before relaxing)
 .debug_str     0x000147d1     0x1396 ./freertos/src/tasks.o
                              0x1444e (size before relaxing)
 .debug_str     0x00015b67      0x1a4 ./example/src/cr_startup_lpc175x_6x.o
                               0x25ae (size before relaxing)
 .debug_str     0x00015d0b       0xdf ./example/src/fifo.o
                               0x3c19 (size before relaxing)
 .debug_str     0x00015dea      0xee0 ./example/src/practica.o
                              0x14631 (size before relaxing)
 .debug_str     0x00016cca       0x34 ./example/src/sysinit.o
                              0x1096e (size before relaxing)
 .debug_str     0x00016cfe      0x92d ./example/src/uart3.o
                              0x11142 (size before relaxing)
 .debug_str     0x0001762b      0xc37 C:\workspaces\workspresso-nxp\lpc_board_nxp_lpcxpresso_1769\Debug\liblpc_board_nxp_lpcxpresso_1769.a(board.o)
                              0x118f0 (size before relaxing)
 .debug_str     0x00018262      0x1bc C:\workspaces\workspresso-nxp\lpc_board_nxp_lpcxpresso_1769\Debug\liblpc_board_nxp_lpcxpresso_1769.a(board_sysinit.o)
                              0x10d9f (size before relaxing)
 .debug_str     0x0001841e      0x4a3 C:\workspaces\workspresso-nxp\lpc_chip_175x_6x\Debug\liblpc_chip_175x_6x.a(adc_17xx_40xx.o)
                              0x10d8e (size before relaxing)
 .debug_str     0x000188c1       0xb6 C:\workspaces\workspresso-nxp\lpc_chip_175x_6x\Debug\liblpc_chip_175x_6x.a(chip_17xx_40xx.o)
                              0x10af1 (size before relaxing)
 .debug_str     0x00018977      0x540 C:\workspaces\workspresso-nxp\lpc_chip_175x_6x\Debug\liblpc_chip_175x_6x.a(clock_17xx_40xx.o)
                              0x110d5 (size before relaxing)
 .debug_str     0x00018eb7       0x35 C:\workspaces\workspresso-nxp\lpc_chip_175x_6x\Debug\liblpc_chip_175x_6x.a(iocon_17xx_40xx.o)
                              0x10552 (size before relaxing)
 .debug_str     0x00018eec       0xad C:\workspaces\workspresso-nxp\lpc_chip_175x_6x\Debug\liblpc_chip_175x_6x.a(sysinit_17xx_40xx.o)
                              0x107a5 (size before relaxing)
 .debug_str     0x00018f99      0x372 C:\workspaces\workspresso-nxp\lpc_chip_175x_6x\Debug\liblpc_chip_175x_6x.a(uart_17xx_40xx.o)
                              0x11051 (size before relaxing)
 .debug_str     0x0001930b      0x17a c:/workspaces/lpcxpresso_7.4.0_229/lpcxpresso/tools/bin/../lib/gcc/arm-none-eabi/4.8.4/../../../../arm-none-eabi/lib/armv7-m\libcr_newlib_semihost.a(_cr_sbrk.o)
                                0x213 (size before relaxing)
 .debug_str     0x00019485      0x2f1 c:/workspaces/lpcxpresso_7.4.0_229/lpcxpresso/tools/bin/../lib/gcc/arm-none-eabi/4.8.4/../../../../arm-none-eabi/lib/armv7-m\libcr_newlib_semihost.a(syscalls.o)
                                0x4d8 (size before relaxing)
 .debug_str     0x00019776       0x25 c:/workspaces/lpcxpresso_7.4.0_229/lpcxpresso/tools/bin/../lib/gcc/arm-none-eabi/4.8.4/../../../../arm-none-eabi/lib/armv7-m\libcr_newlib_semihost.a(_cr_check_heap.o)
                                0x161 (size before relaxing)

.comment        0x00000000       0x70
 .comment       0x00000000       0x70 ./freertos/src/FreeRTOSCommonHooks.o
                                 0x71 (size before relaxing)
 .comment       0x00000000       0x71 ./freertos/src/heap_3.o
 .comment       0x00000000       0x71 ./freertos/src/list.o
 .comment       0x00000000       0x71 ./freertos/src/port.o
 .comment       0x00000000       0x71 ./freertos/src/queue.o
 .comment       0x00000000       0x71 ./freertos/src/tasks.o
 .comment       0x00000000       0x71 ./example/src/cr_startup_lpc175x_6x.o
 .comment       0x00000000       0x71 ./example/src/fifo.o
 .comment       0x00000000       0x71 ./example/src/practica.o
 .comment       0x00000000       0x71 ./example/src/sysinit.o
 .comment       0x00000000       0x71 ./example/src/uart3.o
 .comment       0x00000000       0x71 C:\workspaces\workspresso-nxp\lpc_board_nxp_lpcxpresso_1769\Debug\liblpc_board_nxp_lpcxpresso_1769.a(board.o)
 .comment       0x00000000       0x71 C:\workspaces\workspresso-nxp\lpc_board_nxp_lpcxpresso_1769\Debug\liblpc_board_nxp_lpcxpresso_1769.a(board_sysinit.o)
 .comment       0x00000000       0x71 C:\workspaces\workspresso-nxp\lpc_chip_175x_6x\Debug\liblpc_chip_175x_6x.a(adc_17xx_40xx.o)
 .comment       0x00000000       0x71 C:\workspaces\workspresso-nxp\lpc_chip_175x_6x\Debug\liblpc_chip_175x_6x.a(chip_17xx_40xx.o)
 .comment       0x00000000       0x71 C:\workspaces\workspresso-nxp\lpc_chip_175x_6x\Debug\liblpc_chip_175x_6x.a(clock_17xx_40xx.o)
 .comment       0x00000000       0x71 C:\workspaces\workspresso-nxp\lpc_chip_175x_6x\Debug\liblpc_chip_175x_6x.a(iocon_17xx_40xx.o)
 .comment       0x00000000       0x71 C:\workspaces\workspresso-nxp\lpc_chip_175x_6x\Debug\liblpc_chip_175x_6x.a(sysinit_17xx_40xx.o)
 .comment       0x00000000       0x71 C:\workspaces\workspresso-nxp\lpc_chip_175x_6x\Debug\liblpc_chip_175x_6x.a(uart_17xx_40xx.o)
 .comment       0x00000000       0x71 c:/workspaces/lpcxpresso_7.4.0_229/lpcxpresso/tools/bin/../lib/gcc/arm-none-eabi/4.8.4/../../../../arm-none-eabi/lib/armv7-m\libcr_newlib_semihost.a(_cr_sbrk.o)
 .comment       0x00000000       0x71 c:/workspaces/lpcxpresso_7.4.0_229/lpcxpresso/tools/bin/../lib/gcc/arm-none-eabi/4.8.4/../../../../arm-none-eabi/lib/armv7-m\libcr_newlib_semihost.a(syscalls.o)
 .comment       0x00000000       0x71 c:/workspaces/lpcxpresso_7.4.0_229/lpcxpresso/tools/bin/../lib/gcc/arm-none-eabi/4.8.4/../../../../arm-none-eabi/lib/armv7-m\libcr_newlib_semihost.a(_cr_check_heap.o)

.ARM.attributes
                0x00000000       0x33
 .ARM.attributes
                0x00000000       0x33 ./freertos/src/FreeRTOSCommonHooks.o
 .ARM.attributes
                0x00000033       0x33 ./freertos/src/heap_3.o
 .ARM.attributes
                0x00000066       0x33 ./freertos/src/list.o
 .ARM.attributes
                0x00000099       0x33 ./freertos/src/port.o
 .ARM.attributes
                0x000000cc       0x33 ./freertos/src/queue.o
 .ARM.attributes
                0x000000ff       0x33 ./freertos/src/tasks.o
 .ARM.attributes
                0x00000132       0x33 ./example/src/cr_startup_lpc175x_6x.o
 .ARM.attributes
                0x00000165       0x33 ./example/src/fifo.o
 .ARM.attributes
                0x00000198       0x33 ./example/src/practica.o
 .ARM.attributes
                0x000001cb       0x33 ./example/src/sysinit.o
 .ARM.attributes
                0x000001fe       0x33 ./example/src/uart3.o
 .ARM.attributes
                0x00000231       0x33 C:\workspaces\workspresso-nxp\lpc_board_nxp_lpcxpresso_1769\Debug\liblpc_board_nxp_lpcxpresso_1769.a(board.o)
 .ARM.attributes
                0x00000264       0x33 C:\workspaces\workspresso-nxp\lpc_board_nxp_lpcxpresso_1769\Debug\liblpc_board_nxp_lpcxpresso_1769.a(board_sysinit.o)
 .ARM.attributes
                0x00000297       0x33 C:\workspaces\workspresso-nxp\lpc_chip_175x_6x\Debug\liblpc_chip_175x_6x.a(adc_17xx_40xx.o)
 .ARM.attributes
                0x000002ca       0x33 C:\workspaces\workspresso-nxp\lpc_chip_175x_6x\Debug\liblpc_chip_175x_6x.a(chip_17xx_40xx.o)
 .ARM.attributes
                0x000002fd       0x33 C:\workspaces\workspresso-nxp\lpc_chip_175x_6x\Debug\liblpc_chip_175x_6x.a(clock_17xx_40xx.o)
 .ARM.attributes
                0x00000330       0x33 C:\workspaces\workspresso-nxp\lpc_chip_175x_6x\Debug\liblpc_chip_175x_6x.a(iocon_17xx_40xx.o)
 .ARM.attributes
                0x00000363       0x33 C:\workspaces\workspresso-nxp\lpc_chip_175x_6x\Debug\liblpc_chip_175x_6x.a(sysinit_17xx_40xx.o)
 .ARM.attributes
                0x00000396       0x33 C:\workspaces\workspresso-nxp\lpc_chip_175x_6x\Debug\liblpc_chip_175x_6x.a(uart_17xx_40xx.o)
 .ARM.attributes
                0x000003c9       0x2d c:/workspaces/lpcxpresso_7.4.0_229/lpcxpresso/tools/bin/../lib/gcc/arm-none-eabi/4.8.4/../../../../arm-none-eabi/lib/armv7-m\libc_s.a(lib_a-malloc.o)
 .ARM.attributes
                0x000003f6       0x2d c:/workspaces/lpcxpresso_7.4.0_229/lpcxpresso/tools/bin/../lib/gcc/arm-none-eabi/4.8.4/../../../../arm-none-eabi/lib/armv7-m\libc_s.a(lib_a-memcpy-stub.o)
 .ARM.attributes
                0x00000423       0x2d c:/workspaces/lpcxpresso_7.4.0_229/lpcxpresso/tools/bin/../lib/gcc/arm-none-eabi/4.8.4/../../../../arm-none-eabi/lib/armv7-m\libc_s.a(lib_a-memset.o)
 .ARM.attributes
                0x00000450       0x2d c:/workspaces/lpcxpresso_7.4.0_229/lpcxpresso/tools/bin/../lib/gcc/arm-none-eabi/4.8.4/../../../../arm-none-eabi/lib/armv7-m\libc_s.a(lib_a-nano-freer.o)
 .ARM.attributes
                0x0000047d       0x2d c:/workspaces/lpcxpresso_7.4.0_229/lpcxpresso/tools/bin/../lib/gcc/arm-none-eabi/4.8.4/../../../../arm-none-eabi/lib/armv7-m\libc_s.a(lib_a-nano-mallocr.o)
 .ARM.attributes
                0x000004aa       0x2d c:/workspaces/lpcxpresso_7.4.0_229/lpcxpresso/tools/bin/../lib/gcc/arm-none-eabi/4.8.4/../../../../arm-none-eabi/lib/armv7-m\libc_s.a(lib_a-printf.o)
 .ARM.attributes
                0x000004d7       0x2d c:/workspaces/lpcxpresso_7.4.0_229/lpcxpresso/tools/bin/../lib/gcc/arm-none-eabi/4.8.4/../../../../arm-none-eabi/lib/armv7-m\libc_s.a(lib_a-sbrkr.o)
 .ARM.attributes
                0x00000504       0x2d c:/workspaces/lpcxpresso_7.4.0_229/lpcxpresso/tools/bin/../lib/gcc/arm-none-eabi/4.8.4/../../../../arm-none-eabi/lib/armv7-m\libc_s.a(lib_a-sprintf.o)
 .ARM.attributes
                0x00000531       0x2d c:/workspaces/lpcxpresso_7.4.0_229/lpcxpresso/tools/bin/../lib/gcc/arm-none-eabi/4.8.4/../../../../arm-none-eabi/lib/armv7-m\libc_s.a(lib_a-svfprintf.o)
 .ARM.attributes
                0x0000055e       0x2d c:/workspaces/lpcxpresso_7.4.0_229/lpcxpresso/tools/bin/../lib/gcc/arm-none-eabi/4.8.4/../../../../arm-none-eabi/lib/armv7-m\libc_s.a(lib_a-vfprintf.o)
 .ARM.attributes
                0x0000058b       0x2d c:/workspaces/lpcxpresso_7.4.0_229/lpcxpresso/tools/bin/../lib/gcc/arm-none-eabi/4.8.4/../../../../arm-none-eabi/lib/armv7-m\libc_s.a(lib_a-vfprintf_i.o)
 .ARM.attributes
                0x000005b8       0x2d c:/workspaces/lpcxpresso_7.4.0_229/lpcxpresso/tools/bin/../lib/gcc/arm-none-eabi/4.8.4/../../../../arm-none-eabi/lib/armv7-m\libc_s.a(lib_a-wbuf.o)
 .ARM.attributes
                0x000005e5       0x2d c:/workspaces/lpcxpresso_7.4.0_229/lpcxpresso/tools/bin/../lib/gcc/arm-none-eabi/4.8.4/../../../../arm-none-eabi/lib/armv7-m\libc_s.a(lib_a-wsetup.o)
 .ARM.attributes
                0x00000612       0x2d c:/workspaces/lpcxpresso_7.4.0_229/lpcxpresso/tools/bin/../lib/gcc/arm-none-eabi/4.8.4/../../../../arm-none-eabi/lib/armv7-m\libc_s.a(lib_a-fflush.o)
 .ARM.attributes
                0x0000063f       0x2d c:/workspaces/lpcxpresso_7.4.0_229/lpcxpresso/tools/bin/../lib/gcc/arm-none-eabi/4.8.4/../../../../arm-none-eabi/lib/armv7-m\libc_s.a(lib_a-findfp.o)
 .ARM.attributes
                0x0000066c       0x2d c:/workspaces/lpcxpresso_7.4.0_229/lpcxpresso/tools/bin/../lib/gcc/arm-none-eabi/4.8.4/../../../../arm-none-eabi/lib/armv7-m\libc_s.a(lib_a-impure.o)
 .ARM.attributes
                0x00000699       0x2d c:/workspaces/lpcxpresso_7.4.0_229/lpcxpresso/tools/bin/../lib/gcc/arm-none-eabi/4.8.4/../../../../arm-none-eabi/lib/armv7-m\libc_s.a(lib_a-makebuf.o)
 .ARM.attributes
                0x000006c6       0x2d c:/workspaces/lpcxpresso_7.4.0_229/lpcxpresso/tools/bin/../lib/gcc/arm-none-eabi/4.8.4/../../../../arm-none-eabi/lib/armv7-m\libc_s.a(lib_a-memchr-stub.o)
 .ARM.attributes
                0x000006f3       0x2d c:/workspaces/lpcxpresso_7.4.0_229/lpcxpresso/tools/bin/../lib/gcc/arm-none-eabi/4.8.4/../../../../arm-none-eabi/lib/armv7-m\libc_s.a(lib_a-memmove.o)
 .ARM.attributes
                0x00000720       0x2d c:/workspaces/lpcxpresso_7.4.0_229/lpcxpresso/tools/bin/../lib/gcc/arm-none-eabi/4.8.4/../../../../arm-none-eabi/lib/armv7-m\libc_s.a(lib_a-nano-reallocr.o)
 .ARM.attributes
                0x0000074d       0x2d c:/workspaces/lpcxpresso_7.4.0_229/lpcxpresso/tools/bin/../lib/gcc/arm-none-eabi/4.8.4/../../../../arm-none-eabi/lib/armv7-m\libc_s.a(lib_a-reent.o)
 .ARM.attributes
                0x0000077a       0x2d c:/workspaces/lpcxpresso_7.4.0_229/lpcxpresso/tools/bin/../lib/gcc/arm-none-eabi/4.8.4/../../../../arm-none-eabi/lib/armv7-m\libc_s.a(lib_a-stdio.o)
 .ARM.attributes
                0x000007a7       0x2d c:/workspaces/lpcxpresso_7.4.0_229/lpcxpresso/tools/bin/../lib/gcc/arm-none-eabi/4.8.4/../../../../arm-none-eabi/lib/armv7-m\libc_s.a(lib_a-strlen.o)
 .ARM.attributes
                0x000007d4       0x2d c:/workspaces/lpcxpresso_7.4.0_229/lpcxpresso/tools/bin/../lib/gcc/arm-none-eabi/4.8.4/../../../../arm-none-eabi/lib/armv7-m\libc_s.a(lib_a-writer.o)
 .ARM.attributes
                0x00000801       0x2d c:/workspaces/lpcxpresso_7.4.0_229/lpcxpresso/tools/bin/../lib/gcc/arm-none-eabi/4.8.4/../../../../arm-none-eabi/lib/armv7-m\libc_s.a(lib_a-closer.o)
 .ARM.attributes
                0x0000082e       0x2d c:/workspaces/lpcxpresso_7.4.0_229/lpcxpresso/tools/bin/../lib/gcc/arm-none-eabi/4.8.4/../../../../arm-none-eabi/lib/armv7-m\libc_s.a(lib_a-fstatr.o)
 .ARM.attributes
                0x0000085b       0x2d c:/workspaces/lpcxpresso_7.4.0_229/lpcxpresso/tools/bin/../lib/gcc/arm-none-eabi/4.8.4/../../../../arm-none-eabi/lib/armv7-m\libc_s.a(lib_a-isattyr.o)
 .ARM.attributes
                0x00000888       0x2d c:/workspaces/lpcxpresso_7.4.0_229/lpcxpresso/tools/bin/../lib/gcc/arm-none-eabi/4.8.4/../../../../arm-none-eabi/lib/armv7-m\libc_s.a(lib_a-lseekr.o)
 .ARM.attributes
                0x000008b5       0x2d c:/workspaces/lpcxpresso_7.4.0_229/lpcxpresso/tools/bin/../lib/gcc/arm-none-eabi/4.8.4/../../../../arm-none-eabi/lib/armv7-m\libc_s.a(lib_a-nano-msizer.o)
 .ARM.attributes
                0x000008e2       0x2d c:/workspaces/lpcxpresso_7.4.0_229/lpcxpresso/tools/bin/../lib/gcc/arm-none-eabi/4.8.4/../../../../arm-none-eabi/lib/armv7-m\libc_s.a(lib_a-readr.o)
 .ARM.attributes
                0x0000090f       0x33 c:/workspaces/lpcxpresso_7.4.0_229/lpcxpresso/tools/bin/../lib/gcc/arm-none-eabi/4.8.4/../../../../arm-none-eabi/lib/armv7-m\libcr_newlib_semihost.a(_cr_sbrk.o)
 .ARM.attributes
                0x00000942       0x33 c:/workspaces/lpcxpresso_7.4.0_229/lpcxpresso/tools/bin/../lib/gcc/arm-none-eabi/4.8.4/../../../../arm-none-eabi/lib/armv7-m\libcr_newlib_semihost.a(syscalls.o)
 .ARM.attributes
                0x00000975       0x33 c:/workspaces/lpcxpresso_7.4.0_229/lpcxpresso/tools/bin/../lib/gcc/arm-none-eabi/4.8.4/../../../../arm-none-eabi/lib/armv7-m\libcr_newlib_semihost.a(_cr_check_heap.o)
 .ARM.attributes
                0x000009a8       0x2d c:/workspaces/lpcxpresso_7.4.0_229/lpcxpresso/tools/bin/../lib/gcc/arm-none-eabi/4.8.4/../../../../arm-none-eabi/lib/armv7-m\libc_s.a(lib_a-errno.o)

.debug_frame    0x00000000     0x21f8
 .debug_frame   0x00000000       0x7c ./freertos/src/FreeRTOSCommonHooks.o
 .debug_frame   0x0000007c       0x40 ./freertos/src/heap_3.o
 .debug_frame   0x000000bc       0x68 ./freertos/src/list.o
 .debug_frame   0x00000124      0x134 ./freertos/src/port.o
 .debug_frame   0x00000258      0x2b8 ./freertos/src/queue.o
 .debug_frame   0x00000510      0x434 ./freertos/src/tasks.o
 .debug_frame   0x00000944       0xf4 ./example/src/cr_startup_lpc175x_6x.o
 .debug_frame   0x00000a38       0xa8 ./example/src/fifo.o
 .debug_frame   0x00000ae0      0x1a8 ./example/src/practica.o
 .debug_frame   0x00000c88       0x28 ./example/src/sysinit.o
 .debug_frame   0x00000cb0      0x170 ./example/src/uart3.o
 .debug_frame   0x00000e20      0x230 C:\workspaces\workspresso-nxp\lpc_board_nxp_lpcxpresso_1769\Debug\liblpc_board_nxp_lpcxpresso_1769.a(board.o)
 .debug_frame   0x00001050       0x58 C:\workspaces\workspresso-nxp\lpc_board_nxp_lpcxpresso_1769\Debug\liblpc_board_nxp_lpcxpresso_1769.a(board_sysinit.o)
 .debug_frame   0x000010a8      0x130 C:\workspaces\workspresso-nxp\lpc_chip_175x_6x\Debug\liblpc_chip_175x_6x.a(adc_17xx_40xx.o)
 .debug_frame   0x000011d8       0x40 C:\workspaces\workspresso-nxp\lpc_chip_175x_6x\Debug\liblpc_chip_175x_6x.a(chip_17xx_40xx.o)
 .debug_frame   0x00001218      0x1c8 C:\workspaces\workspresso-nxp\lpc_chip_175x_6x\Debug\liblpc_chip_175x_6x.a(clock_17xx_40xx.o)
 .debug_frame   0x000013e0       0x68 C:\workspaces\workspresso-nxp\lpc_chip_175x_6x\Debug\liblpc_chip_175x_6x.a(iocon_17xx_40xx.o)
 .debug_frame   0x00001448       0x58 C:\workspaces\workspresso-nxp\lpc_chip_175x_6x\Debug\liblpc_chip_175x_6x.a(sysinit_17xx_40xx.o)
 .debug_frame   0x000014a0      0x200 C:\workspaces\workspresso-nxp\lpc_chip_175x_6x\Debug\liblpc_chip_175x_6x.a(uart_17xx_40xx.o)
 .debug_frame   0x000016a0       0x30 c:/workspaces/lpcxpresso_7.4.0_229/lpcxpresso/tools/bin/../lib/gcc/arm-none-eabi/4.8.4/../../../../arm-none-eabi/lib/armv7-m\libc_s.a(lib_a-malloc.o)
 .debug_frame   0x000016d0       0x28 c:/workspaces/lpcxpresso_7.4.0_229/lpcxpresso/tools/bin/../lib/gcc/arm-none-eabi/4.8.4/../../../../arm-none-eabi/lib/armv7-m\libc_s.a(lib_a-memcpy-stub.o)
 .debug_frame   0x000016f8       0x20 c:/workspaces/lpcxpresso_7.4.0_229/lpcxpresso/tools/bin/../lib/gcc/arm-none-eabi/4.8.4/../../../../arm-none-eabi/lib/armv7-m\libc_s.a(lib_a-memset.o)
 .debug_frame   0x00001718       0x2c c:/workspaces/lpcxpresso_7.4.0_229/lpcxpresso/tools/bin/../lib/gcc/arm-none-eabi/4.8.4/../../../../arm-none-eabi/lib/armv7-m\libc_s.a(lib_a-nano-freer.o)
 .debug_frame   0x00001744       0x2c c:/workspaces/lpcxpresso_7.4.0_229/lpcxpresso/tools/bin/../lib/gcc/arm-none-eabi/4.8.4/../../../../arm-none-eabi/lib/armv7-m\libc_s.a(lib_a-nano-mallocr.o)
 .debug_frame   0x00001770       0x60 c:/workspaces/lpcxpresso_7.4.0_229/lpcxpresso/tools/bin/../lib/gcc/arm-none-eabi/4.8.4/../../../../arm-none-eabi/lib/armv7-m\libc_s.a(lib_a-printf.o)
 .debug_frame   0x000017d0       0x2c c:/workspaces/lpcxpresso_7.4.0_229/lpcxpresso/tools/bin/../lib/gcc/arm-none-eabi/4.8.4/../../../../arm-none-eabi/lib/armv7-m\libc_s.a(lib_a-sbrkr.o)
 .debug_frame   0x000017fc       0x58 c:/workspaces/lpcxpresso_7.4.0_229/lpcxpresso/tools/bin/../lib/gcc/arm-none-eabi/4.8.4/../../../../arm-none-eabi/lib/armv7-m\libc_s.a(lib_a-sprintf.o)
 .debug_frame   0x00001854       0x88 c:/workspaces/lpcxpresso_7.4.0_229/lpcxpresso/tools/bin/../lib/gcc/arm-none-eabi/4.8.4/../../../../arm-none-eabi/lib/armv7-m\libc_s.a(lib_a-svfprintf.o)
 .debug_frame   0x000018dc       0xa8 c:/workspaces/lpcxpresso_7.4.0_229/lpcxpresso/tools/bin/../lib/gcc/arm-none-eabi/4.8.4/../../../../arm-none-eabi/lib/armv7-m\libc_s.a(lib_a-vfprintf.o)
 .debug_frame   0x00001984       0x60 c:/workspaces/lpcxpresso_7.4.0_229/lpcxpresso/tools/bin/../lib/gcc/arm-none-eabi/4.8.4/../../../../arm-none-eabi/lib/armv7-m\libc_s.a(lib_a-vfprintf_i.o)
 .debug_frame   0x000019e4       0x3c c:/workspaces/lpcxpresso_7.4.0_229/lpcxpresso/tools/bin/../lib/gcc/arm-none-eabi/4.8.4/../../../../arm-none-eabi/lib/armv7-m\libc_s.a(lib_a-wbuf.o)
 .debug_frame   0x00001a20       0x2c c:/workspaces/lpcxpresso_7.4.0_229/lpcxpresso/tools/bin/../lib/gcc/arm-none-eabi/4.8.4/../../../../arm-none-eabi/lib/armv7-m\libc_s.a(lib_a-wsetup.o)
 .debug_frame   0x00001a4c       0x5c c:/workspaces/lpcxpresso_7.4.0_229/lpcxpresso/tools/bin/../lib/gcc/arm-none-eabi/4.8.4/../../../../arm-none-eabi/lib/armv7-m\libc_s.a(lib_a-fflush.o)
 .debug_frame   0x00001aa8      0x12c c:/workspaces/lpcxpresso_7.4.0_229/lpcxpresso/tools/bin/../lib/gcc/arm-none-eabi/4.8.4/../../../../arm-none-eabi/lib/armv7-m\libc_s.a(lib_a-findfp.o)
 .debug_frame   0x00001bd4       0x30 c:/workspaces/lpcxpresso_7.4.0_229/lpcxpresso/tools/bin/../lib/gcc/arm-none-eabi/4.8.4/../../../../arm-none-eabi/lib/armv7-m\libc_s.a(lib_a-makebuf.o)
 .debug_frame   0x00001c04       0x28 c:/workspaces/lpcxpresso_7.4.0_229/lpcxpresso/tools/bin/../lib/gcc/arm-none-eabi/4.8.4/../../../../arm-none-eabi/lib/armv7-m\libc_s.a(lib_a-memchr-stub.o)
 .debug_frame   0x00001c2c       0x2c c:/workspaces/lpcxpresso_7.4.0_229/lpcxpresso/tools/bin/../lib/gcc/arm-none-eabi/4.8.4/../../../../arm-none-eabi/lib/armv7-m\libc_s.a(lib_a-memmove.o)
 .debug_frame   0x00001c58       0x30 c:/workspaces/lpcxpresso_7.4.0_229/lpcxpresso/tools/bin/../lib/gcc/arm-none-eabi/4.8.4/../../../../arm-none-eabi/lib/armv7-m\libc_s.a(lib_a-nano-reallocr.o)
 .debug_frame   0x00001c88       0x48 c:/workspaces/lpcxpresso_7.4.0_229/lpcxpresso/tools/bin/../lib/gcc/arm-none-eabi/4.8.4/../../../../arm-none-eabi/lib/armv7-m\libc_s.a(lib_a-reent.o)
 .debug_frame   0x00001cd0       0x80 c:/workspaces/lpcxpresso_7.4.0_229/lpcxpresso/tools/bin/../lib/gcc/arm-none-eabi/4.8.4/../../../../arm-none-eabi/lib/armv7-m\libc_s.a(lib_a-stdio.o)
 .debug_frame   0x00001d50       0x20 c:/workspaces/lpcxpresso_7.4.0_229/lpcxpresso/tools/bin/../lib/gcc/arm-none-eabi/4.8.4/../../../../arm-none-eabi/lib/armv7-m\libc_s.a(lib_a-strlen.o)