Archive member included because of file (symbol)

C:\workspaces\workspresso-nxp\lpc_board_nxp_lpcxpresso_1769\Debug\liblpc_board_nxp_lpcxpresso_1769.a(board.o)
                              ./freertos/src/FreeRTOSCommonHooks.o (Board_UARTPutSTR)
C:\workspaces\workspresso-nxp\lpc_board_nxp_lpcxpresso_1769\Debug\liblpc_board_nxp_lpcxpresso_1769.a(board_sysinit.o)
                              ./example/src/sysinit.o (Board_SystemInit)
C:\workspaces\workspresso-nxp\lpc_chip_175x_6x\Debug\liblpc_chip_175x_6x.a(adc_17xx_40xx.o)
                              ./example/src/practica.o (Chip_ADC_Init)
C:\workspaces\workspresso-nxp\lpc_chip_175x_6x\Debug\liblpc_chip_175x_6x.a(chip_17xx_40xx.o)
                              ./example/src/practica.o (SystemCoreClockUpdate)
C:\workspaces\workspresso-nxp\lpc_chip_175x_6x\Debug\liblpc_chip_175x_6x.a(clock_17xx_40xx.o)
                              C:\workspaces\workspresso-nxp\lpc_chip_175x_6x\Debug\liblpc_chip_175x_6x.a(chip_17xx_40xx.o) (Chip_Clock_EnablePLL)
C:\workspaces\workspresso-nxp\lpc_chip_175x_6x\Debug\liblpc_chip_175x_6x.a(i2s_17xx_40xx.o)
                              C:\workspaces\workspresso-nxp\lpc_board_nxp_lpcxpresso_1769\Debug\liblpc_board_nxp_lpcxpresso_1769.a(board.o) (Chip_I2S_Init)
C:\workspaces\workspresso-nxp\lpc_chip_175x_6x\Debug\liblpc_chip_175x_6x.a(iocon_17xx_40xx.o)
                              ./example/src/practica.o (Chip_IOCON_PinMux)
C:\workspaces\workspresso-nxp\lpc_chip_175x_6x\Debug\liblpc_chip_175x_6x.a(sysinit_17xx_40xx.o)
                              C:\workspaces\workspresso-nxp\lpc_board_nxp_lpcxpresso_1769\Debug\liblpc_board_nxp_lpcxpresso_1769.a(board_sysinit.o) (Chip_SetupXtalClocking)
C:\workspaces\workspresso-nxp\lpc_chip_175x_6x\Debug\liblpc_chip_175x_6x.a(uart_17xx_40xx.o)
                              C:\workspaces\workspresso-nxp\lpc_board_nxp_lpcxpresso_1769\Debug\liblpc_board_nxp_lpcxpresso_1769.a(board.o) (Chip_UART_TXEnable)
C:\workspaces\workspresso-nxp\lpc_chip_175x_6x\Debug\liblpc_chip_175x_6x.a(ring_buffer.o)
                              C:\workspaces\workspresso-nxp\lpc_chip_175x_6x\Debug\liblpc_chip_175x_6x.a(uart_17xx_40xx.o) (RingBuffer_Insert)
c:/workspaces/lpcxpresso_7.4.0_229/lpcxpresso/tools/bin/../lib/gcc/arm-none-eabi/4.8.4/armv7-m\libgcc.a(_aeabi_uldivmod.o)
                              ./example/src/uart.o (__aeabi_uldivmod)
c:/workspaces/lpcxpresso_7.4.0_229/lpcxpresso/tools/bin/../lib/gcc/arm-none-eabi/4.8.4/armv7-m\libgcc.a(bpabi.o)
                              c:/workspaces/lpcxpresso_7.4.0_229/lpcxpresso/tools/bin/../lib/gcc/arm-none-eabi/4.8.4/armv7-m\libgcc.a(_aeabi_uldivmod.o) (__gnu_uldivmod_helper)
c:/workspaces/lpcxpresso_7.4.0_229/lpcxpresso/tools/bin/../lib/gcc/arm-none-eabi/4.8.4/armv7-m\libgcc.a(_dvmd_tls.o)
                              c:/workspaces/lpcxpresso_7.4.0_229/lpcxpresso/tools/bin/../lib/gcc/arm-none-eabi/4.8.4/armv7-m\libgcc.a(_aeabi_uldivmod.o) (__aeabi_ldiv0)
c:/workspaces/lpcxpresso_7.4.0_229/lpcxpresso/tools/bin/../lib/gcc/arm-none-eabi/4.8.4/armv7-m\libgcc.a(_divdi3.o)
                              c:/workspaces/lpcxpresso_7.4.0_229/lpcxpresso/tools/bin/../lib/gcc/arm-none-eabi/4.8.4/armv7-m\libgcc.a(bpabi.o) (__divdi3)
c:/workspaces/lpcxpresso_7.4.0_229/lpcxpresso/tools/bin/../lib/gcc/arm-none-eabi/4.8.4/armv7-m\libgcc.a(_udivdi3.o)
                              c:/workspaces/lpcxpresso_7.4.0_229/lpcxpresso/tools/bin/../lib/gcc/arm-none-eabi/4.8.4/armv7-m\libgcc.a(bpabi.o) (__udivdi3)
c:/workspaces/lpcxpresso_7.4.0_229/lpcxpresso/tools/bin/../lib/gcc/arm-none-eabi/4.8.4/../../../../arm-none-eabi/lib/armv7-m\libc_s.a(lib_a-malloc.o)
                              ./freertos/src/heap_3.o (malloc)
c:/workspaces/lpcxpresso_7.4.0_229/lpcxpresso/tools/bin/../lib/gcc/arm-none-eabi/4.8.4/../../../../arm-none-eabi/lib/armv7-m\libc_s.a(lib_a-memcpy-stub.o)
                              ./freertos/src/queue.o (memcpy)
c:/workspaces/lpcxpresso_7.4.0_229/lpcxpresso/tools/bin/../lib/gcc/arm-none-eabi/4.8.4/../../../../arm-none-eabi/lib/armv7-m\libc_s.a(lib_a-memset.o)
                              ./freertos/src/tasks.o (memset)
c:/workspaces/lpcxpresso_7.4.0_229/lpcxpresso/tools/bin/../lib/gcc/arm-none-eabi/4.8.4/../../../../arm-none-eabi/lib/armv7-m\libc_s.a(lib_a-nano-freer.o)
                              c:/workspaces/lpcxpresso_7.4.0_229/lpcxpresso/tools/bin/../lib/gcc/arm-none-eabi/4.8.4/../../../../arm-none-eabi/lib/armv7-m\libc_s.a(lib_a-malloc.o) (_free_r)
c:/workspaces/lpcxpresso_7.4.0_229/lpcxpresso/tools/bin/../lib/gcc/arm-none-eabi/4.8.4/../../../../arm-none-eabi/lib/armv7-m\libc_s.a(lib_a-nano-mallocr.o)
                              c:/workspaces/lpcxpresso_7.4.0_229/lpcxpresso/tools/bin/../lib/gcc/arm-none-eabi/4.8.4/../../../../arm-none-eabi/lib/armv7-m\libc_s.a(lib_a-malloc.o) (_malloc_r)
c:/workspaces/lpcxpresso_7.4.0_229/lpcxpresso/tools/bin/../lib/gcc/arm-none-eabi/4.8.4/../../../../arm-none-eabi/lib/armv7-m\libc_s.a(lib_a-printf.o)
[...]
Memory Configuration

Name             Origin             Length             Attributes
MFlash512        0x00000000         0x00080000         xr
RamLoc32         0x10000000         0x00008000         xrw
RamAHB32         0x2007c000         0x00008000         xrw
*default*        0x00000000         0xffffffff

Linker script and memory map

LOAD ./freertos/src/FreeRTOSCommonHooks.o
LOAD ./freertos/src/heap_3.o
LOAD ./freertos/src/list.o
LOAD ./freertos/src/port.o
LOAD ./freertos/src/queue.o
LOAD ./freertos/src/tasks.o
LOAD ./example/src/cr_startup_lpc175x_6x.o
LOAD ./example/src/fifo.o
LOAD ./example/src/practica.o
LOAD ./example/src/sysinit.o
LOAD ./example/src/uart.o
LOAD C:\workspaces\workspresso-nxp\lpc_board_nxp_lpcxpresso_1769\Debug\liblpc_board_nxp_lpcxpresso_1769.a
LOAD C:\workspaces\workspresso-nxp\lpc_chip_175x_6x\Debug\liblpc_chip_175x_6x.a
START GROUP
LOAD c:/workspaces/lpcxpresso_7.4.0_229/lpcxpresso/tools/bin/../lib/gcc/arm-none-eabi/4.8.4/armv7-m\libgcc.a
LOAD c:/workspaces/lpcxpresso_7.4.0_229/lpcxpresso/tools/bin/../lib/gcc/arm-none-eabi/4.8.4/../../../../arm-none-eabi/lib/armv7-m\libc_s.a
LOAD c:/workspaces/lpcxpresso_7.4.0_229/lpcxpresso/tools/bin/../lib/gcc/arm-none-eabi/4.8.4/../../../../arm-none-eabi/lib/armv7-m\libm.a
LOAD c:/workspaces/lpcxpresso_7.4.0_229/lpcxpresso/tools/bin/../lib/gcc/arm-none-eabi/4.8.4/../../../../arm-none-eabi/lib/armv7-m\libcr_newlib_semihost.a
END GROUP
                0x00080000                __top_MFlash512 = 0x80000
                0x10008000                __top_RamLoc32 = 0x10008000
                0x20084000                __top_RamAHB32 = 0x20084000

.text           0x00000000     0x3968
 FILL mask 0xff
                0x00000000                __vectors_start__ = ABSOLUTE (.)
 *(.isr_vector)
 .isr_vector    0x00000000       0xcc ./example/src/cr_startup_lpc175x_6x.o
                0x00000000                g_pfnVectors
                0x000000cc                . = ALIGN (0x4)
                0x000000cc                __section_table_start = .
                0x000000cc                __data_section_table = .
                0x000000cc        0x4 LONG 0x3970 LOADADDR (.data)
                0x000000d0        0x4 LONG 0x10000000 ADDR (.data)
                0x000000d4        0x4 LONG 0x7c SIZEOF (.data)
                0x000000d8        0x4 LONG 0x3970 LOADADDR (.data_RAM2)
                0x000000dc        0x4 LONG 0x2007c000 ADDR (.data_RAM2)
                0x000000e0        0x4 LONG 0x0 SIZEOF (.data_RAM2)
                0x000000e4                __data_section_table_end = .
                0x000000e4                __bss_section_table = .
                0x000000e4        0x4 LONG 0x1000007c ADDR (.bss)
                0x000000e8        0x4 LONG 0x38c SIZEOF (.bss)
                0x000000ec        0x4 LONG 0x2007c000 ADDR (.bss_RAM2)
                0x000000f0        0x4 LONG 0x0 SIZEOF (.bss_RAM2)
                0x000000f4                __bss_section_table_end = .
                0x000000f4                __section_table_end = .
 *(.after_vectors*)
 .after_vectors
                0x000000f4       0xa4 ./example/src/cr_startup_lpc175x_6x.o
                0x000000f4                NMI_Handler
                0x000000f8                HardFault_Handler
                0x000000fc                MemManage_Handler
                0x00000100                BusFault_Handler
                0x00000104                UsageFault_Handler
                0x0000010c                DebugMon_Handler
                0x00000118                PWM1_IRQHandler
                0x00000118                USBActivity_IRQHandler
                0x00000118                RIT_IRQHandler
                0x00000118                EINT2_IRQHandler
                0x00000118                EINT3_IRQHandler
                0x00000118                CANActivity_IRQHandler
                0x00000118                TIMER3_IRQHandler
                0x00000118                I2C1_IRQHandler
                0x00000118                I2C0_IRQHandler
                0x00000118                IntDefaultHandler
                0x00000118                PLL0_IRQHandler
                0x00000118                CAN_IRQHandler
                0x00000118                PLL1_IRQHandler
                0x00000118                SSP0_IRQHandler
                0x00000118                I2S_IRQHandler
                0x00000118                I2C2_IRQHandler
                0x00000118                RTC_IRQHandler
                0x00000118                TIMER0_IRQHandler
                0x00000118                SPI_IRQHandler
                0x00000118                DMA_IRQHandler
                0x00000118                EINT1_IRQHandler
                0x00000118                TIMER1_IRQHandler
                0x00000118                ADC_IRQHandler
                0x00000118                SSP1_IRQHandler
                0x00000118                USB_IRQHandler
                0x00000118                BOD_IRQHandler
                0x00000118                TIMER2_IRQHandler
                0x00000118                WDT_IRQHandler
                0x00000118                QEI_IRQHandler
                0x00000118                EINT0_IRQHandler
                0x00000118                ETH_IRQHandler
                0x00000118                MCPWM_IRQHandler
                0x0000011c                data_init
                0x00000138                bss_init
                0x0000014c                ResetISR
 *(.text*)
 .text.vApplicationIdleHook
                0x00000198        0x4 ./freertos/src/FreeRTOSCommonHooks.o
                0x00000198                vApplicationIdleHook
 .text.pvPortMalloc
                0x0000019c       0x18 ./freertos/src/heap_3.o
                0x0000019c                pvPortMalloc
 .text.vPortFree
                0x000001b4       0x18 ./freertos/src/heap_3.o
                0x000001b4                vPortFree
 .text.vListInitialise
                0x000001cc       0x18 ./freertos/src/list.o
                0x000001cc                vListInitialise
 .text.vListInitialiseItem
                0x000001e4        0x8 ./freertos/src/list.o
                0x000001e4                vListInitialiseItem
 .text.vListInsertEnd
                0x000001ec       0x18 ./freertos/src/list.o
                0x000001ec                vListInsertEnd
 .text.vListInsert
                0x00000204       0x34 ./freertos/src/list.o
                0x00000204                vListInsert
 .text.uxListRemove
                0x00000238       0x24 ./freertos/src/list.o
                0x00000238                uxListRemove
 .text.prvPortStartFirstTask
                0x0000025c       0x14 ./freertos/src/port.o
 .text.pxPortInitialiseStack
                0x00000270       0x20 ./freertos/src/port.o
                0x00000270                pxPortInitialiseStack
 .text.SVC_Handler
                0x00000290       0x20 ./freertos/src/port.o
                0x00000290                SVC_Handler
 .text.vPortYield
                0x000002b0       0x18 ./freertos/src/port.o
                0x000002b0                vPortYield
 .text.ulPortSetInterruptMask
                0x000002c8       0x10 ./freertos/src/port.o
                0x000002c8                ulPortSetInterruptMask
 .text.prvTaskExitError
                0x000002d8        0x8 ./freertos/src/port.o
 .text.vPortEnterCritical
                0x000002e0       0x1c ./freertos/src/port.o
                0x000002e0                vPortEnterCritical
 .text.vPortClearInterruptMask
                0x000002fc        0x8 ./freertos/src/port.o
                0x000002fc                vPortClearInterruptMask
 .text.vPortExitCritical
                0x00000304       0x18 ./freertos/src/port.o
                0x00000304                vPortExitCritical
 .text.PendSV_Handler
                0x0000031c       0x3c ./freertos/src/port.o
                0x0000031c                PendSV_Handler
 .text.SysTick_Handler
                0x00000358       0x20 ./freertos/src/port.o
                0x00000358                SysTick_Handler
 .text.vPortSuppressTicksAndSleep
                0x00000378       0xf4 ./freertos/src/port.o
                0x00000378                vPortSuppressTicksAndSleep
 .text.vPortSetupTimerInterrupt
                0x0000046c       0x54 ./freertos/src/port.o
                0x0000046c                vPortSetupTimerInterrupt
 .text.xPortStartScheduler
                0x000004c0       0x30 ./freertos/src/port.o
                0x000004c0                xPortStartScheduler
 .text.prvIsQueueFull
                0x000004f0       0x20 ./freertos/src/queue.o
 .text.prvIsQueueEmpty
                0x00000510       0x1c ./freertos/src/queue.o
 .text.prvCopyDataToQueue
                0x0000052c       0x68 ./freertos/src/queue.o
 .text.prvCopyDataFromQueue
                0x00000594       0x24 ./freertos/src/queue.o
 .text.prvUnlockQueue
                0x000005b8       0x68 ./freertos/src/queue.o
 .text.xQueueGenericReset
                0x00000620       0x5c ./freertos/src/queue.o
                0x00000620                xQueueGenericReset
 .text.xQueueGenericCreate
                0x0000067c       0x44 ./freertos/src/queue.o
                0x0000067c                xQueueGenericCreate
 .text.xQueueGenericSend
                0x000006c0       0xd8 ./freertos/src/queue.o
                0x000006c0                xQueueGenericSend
 .text.xQueueCreateMutex
                0x00000798       0x4c ./freertos/src/queue.o
                0x00000798                xQueueCreateMutex
 .text.xQueueGenericReceive
                0x000007e4      0x108 ./freertos/src/queue.o
                0x000007e4                xQueueGenericReceive
 .text.xQueueTakeMutexRecursive
                0x000008ec       0x34 ./freertos/src/queue.o
                0x000008ec                xQueueTakeMutexRecursive
 .text.prvGetExpectedIdleTime
                0x00000920       0x34 ./freertos/src/tasks.o
 .text.prvDeleteTCB
                0x00000954       0x14 ./freertos/src/tasks.o
 .text.prvAllocateTCBAndStack
                0x00000968       0x38 ./freertos/src/tasks.o
 .text.prvInitialiseTCBVariables
                0x000009a0       0x48 ./freertos/src/tasks.o
 .text.prvInitialiseTaskLists
                0x000009e8       0x68 ./freertos/src/tasks.o
 .text.prvAddCurrentTaskToDelayedList
                0x00000a50       0x54 ./freertos/src/tasks.o
 .text.xTaskGenericCreate
                0x00000aa4       0xf8 ./freertos/src/tasks.o
                0x00000aa4                xTaskGenericCreate
 .text.vTaskStartScheduler
                0x00000b9c       0x48 ./freertos/src/tasks.o
                0x00000b9c                vTaskStartScheduler
 .text.vTaskSuspendAll
                0x00000be4       0x10 ./freertos/src/tasks.o
                0x00000be4                vTaskSuspendAll
 .text.xTaskGetTickCount
                0x00000bf4       0x18 ./freertos/src/tasks.o
                0x00000bf4                xTaskGetTickCount
 .text.vTaskStepTick
                0x00000c0c       0x10 ./freertos/src/tasks.o
                0x00000c0c                vTaskStepTick
 .text.xTaskIncrementTick
                0x00000c1c      0x13c ./freertos/src/tasks.o
                0x00000c1c                xTaskIncrementTick
 .text.xTaskResumeAll
                0x00000d58       0xd4 ./freertos/src/tasks.o
                0x00000d58                xTaskResumeAll
 .text.vTaskDelayUntil
                0x00000e2c       0x64 ./freertos/src/tasks.o
                0x00000e2c                vTaskDelayUntil
 .text.prvCheckTasksWaitingTermination
                0x00000e90       0x50 ./freertos/src/tasks.o
 .text.prvIdleTask
                0x00000ee0       0x38 ./freertos/src/tasks.o
 .text.vTaskSwitchContext
                0x00000f18       0x6c ./freertos/src/tasks.o
                0x00000f18                vTaskSwitchContext
 .text.vTaskPlaceOnEventList
                0x00000f84       0x40 ./freertos/src/tasks.o
                0x00000f84                vTaskPlaceOnEventList
 .text.xTaskRemoveFromEventList
                0x00000fc4       0x78 ./freertos/src/tasks.o
                0x00000fc4                xTaskRemoveFromEventList
 .text.vTaskSetTimeOutState
                0x0000103c       0x18 ./freertos/src/tasks.o
                0x0000103c                vTaskSetTimeOutState
 .text.xTaskCheckForTimeOut
                0x00001054       0x58 ./freertos/src/tasks.o
                0x00001054                xTaskCheckForTimeOut
 .text.vTaskMissedYield
                0x000010ac        0xc ./freertos/src/tasks.o
                0x000010ac                vTaskMissedYield
 .text.eTaskConfirmSleepModeStatus
                0x000010b8       0x3c ./freertos/src/tasks.o
                0x000010b8                eTaskConfirmSleepModeStatus
 .text.xTaskGetCurrentTaskHandle
                0x000010f4        0xc ./freertos/src/tasks.o
                0x000010f4                xTaskGetCurrentTaskHandle
 .text.vTaskPriorityInherit
                0x00001100       0x7c ./freertos/src/tasks.o
                0x00001100                vTaskPriorityInherit
 .text.vTaskPriorityDisinherit
                0x0000117c       0x48 ./freertos/src/tasks.o
                0x0000117c                vTaskPriorityDisinherit
 .text.hardResetWifly
                0x000011c4       0x2c ./example/src/practica.o
 .text.initUART
                0x000011f0       0x10 ./example/src/practica.o
 .text.Lock_Wifly
                0x00001200       0x24 ./example/src/practica.o
 .text.sendDataByUART
                0x00001224       0x5c ./example/src/practica.o
 .text.iniDataWiFly
                0x00001280       0x44 ./example/src/practica.o
 .text.initWiFly
                0x000012c4      0x164 ./example/src/practica.o
 .text.sendDataToWiFly
                0x00001428       0x40 ./example/src/practica.o
 .text.sendResultDataWIFI
                0x00001468      0x108 ./example/src/practica.o
 .text.getChannelZ
                0x00001570       0xf4 ./example/src/practica.o
 .text.getChannelY
                0x00001664       0xb8 ./example/src/practica.o
 .text.getChannelX
                0x0000171c       0xa0 ./example/src/practica.o
 .text.initAccelerometro
                0x000017bc       0x7c ./example/src/practica.o
 .text.initDAC  0x00001838       0x34 ./example/src/practica.o
 .text.initHardware
                0x0000186c       0x1c ./example/src/practica.o
 .text.main     0x00001888       0xb8 ./example/src/practica.o
                0x00001888                main
 .text.SystemInit
                0x00001940       0x18 ./example/src/sysinit.o
                0x00001940                SystemInit
 .text.UART0_IRQHandler
                0x00001958       0xb4 ./example/src/uart.o
                0x00001958                UART0_IRQHandler
 .text.UART1_IRQHandler
                0x00001a0c       0xb4 ./example/src/uart.o
                0x00001a0c                UART1_IRQHandler
 .text.UART2_IRQHandler
                0x00001ac0       0xb4 ./example/src/uart.o
                0x00001ac0                UART2_IRQHandler
 .text.UART3_IRQHandler
                0x00001b74       0xb4 ./example/src/uart.o
                0x00001b74                UART3_IRQHandler
 .text.UART_Set_Divisors
                0x00001c28      0x25c ./example/src/uart.o
                0x00001c28                UART_Set_Divisors
 .text.UART_Init
                0x00001e84      0x108 ./example/src/uart.o
                0x00001e84                UART_Init
 .text.UART_Write
                0x00001f8c       0x88 ./example/src/uart.o
                0x00001f8c                UART_Write
 .text.UART_Send
                0x00002014       0x18 ./example/src/uart.o
                0x00002014                UART_Send
 .text.UART_Flush
                0x0000202c       0x6c ./example/src/uart.o
                0x0000202c                UART_Flush
 .text.UART_Read
                0x00002098      0x1ac ./example/src/uart.o
                0x00002098                UART_Read
 .text.Board_LED_Init
                0x00002244       0x10 C:\workspaces\workspresso-nxp\lpc_board_nxp_lpcxpresso_1769\Debug\liblpc_board_nxp_lpcxpresso_1769.a(board.o)
 .text.Board_Debug_Init
                0x00002254       0x24 C:\workspaces\workspresso-nxp\lpc_board_nxp_lpcxpresso_1769\Debug\liblpc_board_nxp_lpcxpresso_1769.a(board.o)
                0x00002254                Board_Debug_Init
 .text.Board_LED_Set
                0x00002278       0x20 C:\workspaces\workspresso-nxp\lpc_board_nxp_lpcxpresso_1769\Debug\liblpc_board_nxp_lpcxpresso_1769.a(board.o)
                0x00002278                Board_LED_Set
 .text.Board_Init
                0x00002298       0x18 C:\workspaces\workspresso-nxp\lpc_board_nxp_lpcxpresso_1769\Debug\liblpc_board_nxp_lpcxpresso_1769.a(board.o)
                0x00002298                Board_Init
 .text.Board_SetupMuxing
                0x000022b0       0x18 C:\workspaces\workspresso-nxp\lpc_board_nxp_lpcxpresso_1769\Debug\liblpc_board_nxp_lpcxpresso_1769.a(board_sysinit.o)
                0x000022b0                Board_SetupMuxing
 .text.Board_SetupClocking
                0x000022c8       0x1c C:\workspaces\workspresso-nxp\lpc_board_nxp_lpcxpresso_1769\Debug\liblpc_board_nxp_lpcxpresso_1769.a(board_sysinit.o)
                0x000022c8                Board_SetupClocking
 .text.Board_SystemInit
                0x000022e4        0xc C:\workspaces\workspresso-nxp\lpc_board_nxp_lpcxpresso_1769\Debug\liblpc_board_nxp_lpcxpresso_1769.a(board_sysinit.o)
                0x000022e4                Board_SystemInit
 .text.getClkDiv
                0x000022f0       0x20 C:\workspaces\workspresso-nxp\lpc_chip_175x_6x\Debug\liblpc_chip_175x_6x.a(adc_17xx_40xx.o)
 .text.setStartMode
                0x00002310       0x10 C:\workspaces\workspresso-nxp\lpc_chip_175x_6x\Debug\liblpc_chip_175x_6x.a(adc_17xx_40xx.o)
                0x00002310                setStartMode
 .text.readAdcVal
                0x00002320       0x18 C:\workspaces\workspresso-nxp\lpc_chip_175x_6x\Debug\liblpc_chip_175x_6x.a(adc_17xx_40xx.o)
                0x00002320                readAdcVal
 .text.Chip_ADC_Init
                0x00002338       0x34 C:\workspaces\workspresso-nxp\lpc_chip_175x_6x\Debug\liblpc_chip_175x_6x.a(adc_17xx_40xx.o)
                0x00002338                Chip_ADC_Init
 .text.Chip_ADC_ReadValue
                0x0000236c        0x8 C:\workspaces\workspresso-nxp\lpc_chip_175x_6x\Debug\liblpc_chip_175x_6x.a(adc_17xx_40xx.o)
                0x0000236c                Chip_ADC_ReadValue
 .text.Chip_ADC_ReadStatus
                0x00002374       0x38 C:\workspaces\workspresso-nxp\lpc_chip_175x_6x\Debug\liblpc_chip_175x_6x.a(adc_17xx_40xx.o)
                0x00002374                Chip_ADC_ReadStatus
 .text.Chip_ADC_EnableChannel
                0x000023ac       0x28 C:\workspaces\workspresso-nxp\lpc_chip_175x_6x\Debug\liblpc_chip_175x_6x.a(adc_17xx_40xx.o)
                0x000023ac                Chip_ADC_EnableChannel
 .text.Chip_ADC_SetBurstCmd
                0x000023d4       0x24 C:\workspaces\workspresso-nxp\lpc_chip_175x_6x\Debug\liblpc_chip_175x_6x.a(adc_17xx_40xx.o)
                0x000023d4                Chip_ADC_SetBurstCmd
 .text.SystemCoreClockUpdate
                0x000023f8       0x10 C:\workspaces\workspresso-nxp\lpc_chip_175x_6x\Debug\liblpc_chip_175x_6x.a(chip_17xx_40xx.o)
                0x000023f8                SystemCoreClockUpdate
 .text.Chip_Clock_EnablePLL
                0x00002408       0x28 C:\workspaces\workspresso-nxp\lpc_chip_175x_6x\Debug\liblpc_chip_175x_6x.a(clock_17xx_40xx.o)
                0x00002408                Chip_Clock_EnablePLL
 .text.Chip_Clock_DisablePLL
                0x00002430       0x2c C:\workspaces\workspresso-nxp\lpc_chip_175x_6x\Debug\liblpc_chip_175x_6x.a(clock_17xx_40xx.o)
                0x00002430                Chip_Clock_DisablePLL
 .text.Chip_Clock_SetupPLL
                0x0000245c       0x38 C:\workspaces\workspresso-nxp\lpc_chip_175x_6x\Debug\liblpc_chip_175x_6x.a(clock_17xx_40xx.o)
                0x0000245c                Chip_Clock_SetupPLL
 .text.Chip_Clock_EnablePeriphClock
                0x00002494       0x18 C:\workspaces\workspresso-nxp\lpc_chip_175x_6x\Debug\liblpc_chip_175x_6x.a(clock_17xx_40xx.o)
                0x00002494                Chip_Clock_EnablePeriphClock
 .text.Chip_Clock_GetCPUClockSource
                0x000024ac       0x18 C:\workspaces\workspresso-nxp\lpc_chip_175x_6x\Debug\liblpc_chip_175x_6x.a(clock_17xx_40xx.o)
                0x000024ac                Chip_Clock_GetCPUClockSource
 .text.Chip_Clock_SetCPUClockDiv
                0x000024c4        0xc C:\workspaces\workspresso-nxp\lpc_chip_175x_6x\Debug\liblpc_chip_175x_6x.a(clock_17xx_40xx.o)
                0x000024c4                Chip_Clock_SetCPUClockDiv
 .text.Chip_Clock_GetCPUClockDiv
                0x000024d0       0x10 C:\workspaces\workspresso-nxp\lpc_chip_175x_6x\Debug\liblpc_chip_175x_6x.a(clock_17xx_40xx.o)
                0x000024d0                Chip_Clock_GetCPUClockDiv
 .text.Chip_Clock_GetPCLKDiv
                0x000024e0       0x3c C:\workspaces\workspresso-nxp\lpc_chip_175x_6x\Debug\liblpc_chip_175x_6x.a(clock_17xx_40xx.o)
                0x000024e0                Chip_Clock_GetPCLKDiv
 .text.Chip_Clock_GetSYSCLKRate
                0x0000251c       0x3c C:\workspaces\workspresso-nxp\lpc_chip_175x_6x\Debug\liblpc_chip_175x_6x.a(clock_17xx_40xx.o)
                0x0000251c                Chip_Clock_GetSYSCLKRate
 .text.Chip_Clock_GetMainPLLOutClockRate
                0x00002558       0x3c C:\workspaces\workspresso-nxp\lpc_chip_175x_6x\Debug\liblpc_chip_175x_6x.a(clock_17xx_40xx.o)
                0x00002558                Chip_Clock_GetMainPLLOutClockRate
 .text.Chip_Clock_GetMainClockRate
                0x00002594       0x1c C:\workspaces\workspresso-nxp\lpc_chip_175x_6x\Debug\liblpc_chip_175x_6x.a(clock_17xx_40xx.o)
                0x00002594                Chip_Clock_GetMainClockRate
 .text.Chip_Clock_GetSystemClockRate
                0x000025b0       0x14 C:\workspaces\workspresso-nxp\lpc_chip_175x_6x\Debug\liblpc_chip_175x_6x.a(clock_17xx_40xx.o)
                0x000025b0                Chip_Clock_GetSystemClockRate
 .text.Chip_Clock_GetPeripheralClockRate
                0x000025c4       0x18 C:\workspaces\workspresso-nxp\lpc_chip_175x_6x\Debug\liblpc_chip_175x_6x.a(clock_17xx_40xx.o)
                0x000025c4                Chip_Clock_GetPeripheralClockRate
 .text.Chip_IOCON_PinMux
                0x000025dc       0x3c C:\workspaces\workspresso-nxp\lpc_chip_175x_6x\Debug\liblpc_chip_175x_6x.a(iocon_17xx_40xx.o)
                0x000025dc                Chip_IOCON_PinMux
 .text.Chip_IOCON_PinMuxSet
                0x00002618       0x14 C:\workspaces\workspresso-nxp\lpc_chip_175x_6x\Debug\liblpc_chip_175x_6x.a(iocon_17xx_40xx.o)
                0x00002618                Chip_IOCON_PinMuxSet
 .text.Chip_IOCON_SetPinMuxing
                0x0000262c       0x30 C:\workspaces\workspresso-nxp\lpc_chip_175x_6x\Debug\liblpc_chip_175x_6x.a(iocon_17xx_40xx.o)
                0x0000262c                Chip_IOCON_SetPinMuxing
 .text.Chip_SetupXtalClocking
                0x0000265c       0x90 C:\workspaces\workspresso-nxp\lpc_chip_175x_6x\Debug\liblpc_chip_175x_6x.a(sysinit_17xx_40xx.o)
                0x0000265c                Chip_SetupXtalClocking
 .text.Chip_UART_GetClockIndex
                0x000026ec       0x2c C:\workspaces\workspresso-nxp\lpc_chip_175x_6x\Debug\liblpc_chip_175x_6x.a(uart_17xx_40xx.o)
 .text.Chip_UART_GetClkIndex
                0x00002718       0x2c C:\workspaces\workspresso-nxp\lpc_chip_175x_6x\Debug\liblpc_chip_175x_6x.a(uart_17xx_40xx.o)
 .text.Chip_UART_TXEnable
                0x00002744        0x8 C:\workspaces\workspresso-nxp\lpc_chip_175x_6x\Debug\liblpc_chip_175x_6x.a(uart_17xx_40xx.o)
                0x00002744                Chip_UART_TXEnable
 .text.Chip_UART_TXDisable
                0x0000274c        0x8 C:\workspaces\workspresso-nxp\lpc_chip_175x_6x\Debug\liblpc_chip_175x_6x.a(uart_17xx_40xx.o)
                0x0000274c                Chip_UART_TXDisable
 .text.Chip_UART_Init
                0x00002754       0x40 C:\workspaces\workspresso-nxp\lpc_chip_175x_6x\Debug\liblpc_chip_175x_6x.a(uart_17xx_40xx.o)
                0x00002754                Chip_UART_Init
 .text.Chip_UART_SetBaud
                0x00002794       0x34 C:\workspaces\workspresso-nxp\lpc_chip_175x_6x\Debug\liblpc_chip_175x_6x.a(uart_17xx_40xx.o)
                0x00002794                Chip_UART_SetBaud
 .text          0x000027c8       0x2c c:/workspaces/lpcxpresso_7.4.0_229/lpcxpresso/tools/bin/../lib/gcc/arm-none-eabi/4.8.4/armv7-m\libgcc.a(_aeabi_uldivmod.o)
                0x000027c8                __aeabi_uldivmod
 .text          0x000027f4       0x60 c:/workspaces/lpcxpresso_7.4.0_229/lpcxpresso/tools/bin/../lib/gcc/arm-none-eabi/4.8.4/armv7-m\libgcc.a(bpabi.o)
                0x000027f4                __gnu_ldivmod_helper
                0x00002824                __gnu_uldivmod_helper
 .text          0x00002854        0x4 c:/workspaces/lpcxpresso_7.4.0_229/lpcxpresso/tools/bin/../lib/gcc/arm-none-eabi/4.8.4/armv7-m\libgcc.a(_dvmd_tls.o)
                0x00002854                __aeabi_idiv0
                0x00002854                __aeabi_ldiv0
 .text          0x00002858      0x2a0 c:/workspaces/lpcxpresso_7.4.0_229/lpcxpresso/tools/bin/../lib/gcc/arm-none-eabi/4.8.4/armv7-m\libgcc.a(_divdi3.o)
                0x00002858                __divdi3
 .text          0x00002af8      0x290 c:/workspaces/lpcxpresso_7.4.0_229/lpcxpresso/tools/bin/../lib/gcc/arm-none-eabi/4.8.4/armv7-m\libgcc.a(_udivdi3.o)
                0x00002af8                __udivdi3
 .text.malloc   0x00002d88       0x10 c:/workspaces/lpcxpresso_7.4.0_229/lpcxpresso/tools/bin/../lib/gcc/arm-none-eabi/4.8.4/../../../../arm-none-eabi/lib/armv7-m\libc_s.a(lib_a-malloc.o)
                0x00002d88                malloc
 .text.free     0x00002d98       0x10 c:/workspaces/lpcxpresso_7.4.0_229/lpcxpresso/tools/bin/../lib/gcc/arm-none-eabi/4.8.4/../../../../arm-none-eabi/lib/armv7-m\libc_s.a(lib_a-malloc.o)
                0x00002d98                free
 .text.memcpy   0x00002da8       0x12 c:/workspaces/lpcxpresso_7.4.0_229/lpcxpresso/tools/bin/../lib/gcc/arm-none-eabi/4.8.4/../../../../arm-none-eabi/lib/armv7-m\libc_s.a(lib_a-memcpy-stub.o)
                0x00002da8                memcpy
 .text.memset   0x00002dba       0x10 c:/workspaces/lpcxpresso_7.4.0_229/lpcxpresso/tools/bin/../lib/gcc/arm-none-eabi/4.8.4/../../../../arm-none-eabi/lib/armv7-m\libc_s.a(lib_a-memset.o)
                0x00002dba                memset
 *fill*         0x00002dca        0x2 
 .text._free_r  0x00002dcc       0x88 c:/workspaces/lpcxpresso_7.4.0_229/lpcxpresso/tools/bin/../lib/gcc/arm-none-eabi/4.8.4/../../../../arm-none-eabi/lib/armv7-m\libc_s.a(lib_a-nano-freer.o)
                0x00002dcc                _free_r
 .text._malloc_r
                0x00002e54       0xa8 c:/workspaces/lpcxpresso_7.4.0_229/lpcxpresso/tools/bin/../lib/gcc/arm-none-eabi/4.8.4/../../../../arm-none-eabi/lib/armv7-m\libc_s.a(lib_a-nano-mallocr.o)
                0x00002e54                _malloc_r
 .text._sbrk_r  0x00002efc       0x20 c:/workspaces/lpcxpresso_7.4.0_229/lpcxpresso/tools/bin/../lib/gcc/arm-none-eabi/4.8.4/../../../../arm-none-eabi/lib/armv7-m\libc_s.a(lib_a-sbrkr.o)
                0x00002efc                _sbrk_r
 .text.sprintf  0x00002f1c       0x48 c:/workspaces/lpcxpresso_7.4.0_229/lpcxpresso/tools/bin/../lib/gcc/arm-none-eabi/4.8.4/../../../../arm-none-eabi/lib/armv7-m\libc_s.a(lib_a-sprintf.o)
                0x00002f1c                siprintf
                0x00002f1c                sprintf
 .text.strlen   0x00002f64       0x10 c:/workspaces/lpcxpresso_7.4.0_229/lpcxpresso/tools/bin/../lib/gcc/arm-none-eabi/4.8.4/../../../../arm-none-eabi/lib/armv7-m\libc_s.a(lib_a-strlen.o)
                0x00002f64                strlen
 .text.strncat  0x00002f74       0x2a c:/workspaces/lpcxpresso_7.4.0_229/lpcxpresso/tools/bin/../lib/gcc/arm-none-eabi/4.8.4/../../../../arm-none-eabi/lib/armv7-m\libc_s.a(lib_a-strncat.o)
                0x00002f74                strncat
 .text.strstr   0x00002f9e       0x32 c:/workspaces/lpcxpresso_7.4.0_229/lpcxpresso/tools/bin/../lib/gcc/arm-none-eabi/4.8.4/../../../../arm-none-eabi/lib/armv7-m\libc_s.a(lib_a-strstr.o)
                0x00002f9e                strstr
 .text.__ssputs_r
                0x00002fd0       0xb8 c:/workspaces/lpcxpresso_7.4.0_229/lpcxpresso/tools/bin/../lib/gcc/arm-none-eabi/4.8.4/../../../../arm-none-eabi/lib/armv7-m\libc_s.a(lib_a-svfprintf.o)
                0x00002fd0                __ssputs_r
 .text._svfprintf_r
                0x00003088      0x1d8 c:/workspaces/lpcxpresso_7.4.0_229/lpcxpresso/tools/bin/../lib/gcc/arm-none-eabi/4.8.4/../../../../arm-none-eabi/lib/armv7-m\libc_s.a(lib_a-svfprintf.o)
                0x00003088                _svfiprintf_r
                0x00003088                _svfprintf_r
 .text._printf_common
                0x00003260       0xe4 c:/workspaces/lpcxpresso_7.4.0_229/lpcxpresso/tools/bin/../lib/gcc/arm-none-eabi/4.8.4/../../../../arm-none-eabi/lib/armv7-m\libc_s.a(lib_a-vfprintf_i.o)
                0x00003260                _printf_common
 .text._printf_i
                0x00003344      0x228 c:/workspaces/lpcxpresso_7.4.0_229/lpcxpresso/tools/bin/../lib/gcc/arm-none-eabi/4.8.4/../../../../arm-none-eabi/lib/armv7-m\libc_s.a(lib_a-vfprintf_i.o)
                0x00003344                _printf_i
 .text.memchr   0x0000356c       0x1c c:/workspaces/lpcxpresso_7.4.0_229/lpcxpresso/tools/bin/../lib/gcc/arm-none-eabi/4.8.4/../../../../arm-none-eabi/lib/armv7-m\libc_s.a(lib_a-memchr-stub.o)
                0x0000356c                memchr
 .text.memmove  0x00003588       0x36 c:/workspaces/lpcxpresso_7.4.0_229/lpcxpresso/tools/bin/../lib/gcc/arm-none-eabi/4.8.4/../../../../arm-none-eabi/lib/armv7-m\libc_s.a(lib_a-memmove.o)
                0x00003588                memmove
 .text._realloc_r
                0x000035be       0x4c c:/workspaces/lpcxpresso_7.4.0_229/lpcxpresso/tools/bin/../lib/gcc/arm-none-eabi/4.8.4/../../../../arm-none-eabi/lib/armv7-m\libc_s.a(lib_a-nano-reallocr.o)
                0x000035be                _realloc_r
 .text._malloc_usable_size_r
                0x0000360a       0x12 c:/workspaces/lpcxpresso_7.4.0_229/lpcxpresso/tools/bin/../lib/gcc/arm-none-eabi/4.8.4/../../../../arm-none-eabi/lib/armv7-m\libc_s.a(lib_a-nano-msizer.o)
                0x0000360a                _malloc_usable_size_r
 .text._sbrk    0x0000361c       0x3c c:/workspaces/lpcxpresso_7.4.0_229/lpcxpresso/tools/bin/../lib/gcc/arm-none-eabi/4.8.4/../../../../arm-none-eabi/lib/armv7-m\libcr_newlib_semihost.a(_cr_sbrk.o)
                0x0000361c                _sbrk
 .text.__check_heap_overflow
                0x00003658       0x18 c:/workspaces/lpcxpresso_7.4.0_229/lpcxpresso/tools/bin/../lib/gcc/arm-none-eabi/4.8.4/../../../../arm-none-eabi/lib/armv7-m\libcr_newlib_semihost.a(_cr_check_heap.o)
                0x00003658                __check_heap_overflow
 .text.__errno  0x00003670        0xc c:/workspaces/lpcxpresso_7.4.0_229/lpcxpresso/tools/bin/../lib/gcc/arm-none-eabi/4.8.4/../../../../arm-none-eabi/lib/armv7-m\libc_s.a(lib_a-errno.o)
                0x00003670                __errno
 *(.rodata .rodata.* .constdata .constdata.*)
 .rodata.str1.4
                0x0000367c        0x5 ./freertos/src/tasks.o
                                  0x8 (size before relaxing)
 *fill*         0x00003681        0x3 
 .rodata.str1.4
                0x00003684      0x1cd ./example/src/practica.o
                                0x1d4 (size before relaxing)
 *fill*         0x00003851        0x3 
 .rodata.str1.4
                0x00003854       0x18 ./example/src/uart.o
 .rodata.RTCOscRateIn
                0x0000386c        0x4 C:\workspaces\workspresso-nxp\lpc_board_nxp_lpcxpresso_1769\Debug\liblpc_board_nxp_lpcxpresso_1769.a(board.o)
                0x0000386c                RTCOscRateIn
 .rodata.OscRateIn
                0x00003870        0x4 C:\workspaces\workspresso-nxp\lpc_board_nxp_lpcxpresso_1769\Debug\liblpc_board_nxp_lpcxpresso_1769.a(board.o)
                0x00003870                OscRateIn
 .rodata.pinmuxing
                0x00003874       0x5c C:\workspaces\workspresso-nxp\lpc_board_nxp_lpcxpresso_1769\Debug\liblpc_board_nxp_lpcxpresso_1769.a(board_sysinit.o)
 .rodata.str1.1
                0x000038d0       0x11 c:/workspaces/lpcxpresso_7.4.0_229/lpcxpresso/tools/bin/../lib/gcc/arm-none-eabi/4.8.4/../../../../arm-none-eabi/lib/armv7-m\libc_s.a(lib_a-svfprintf.o)
 .rodata.str1.1
                0x000038e1       0x22 c:/workspaces/lpcxpresso_7.4.0_229/lpcxpresso/tools/bin/../lib/gcc/arm-none-eabi/4.8.4/../../../../arm-none-eabi/lib/armv7-m\libc_s.a(lib_a-vfprintf_i.o)
 *fill*         0x00003903        0x1 
 .rodata.__sf_fake_stdin
                0x00003904       0x20 c:/workspaces/lpcxpresso_7.4.0_229/lpcxpresso/tools/bin/../lib/gcc/arm-none-eabi/4.8.4/../../../../arm-none-eabi/lib/armv7-m\libc_s.a(lib_a-findfp.o)
                0x00003904                __sf_fake_stdin
 .rodata.__sf_fake_stdout
                0x00003924       0x20 c:/workspaces/lpcxpresso_7.4.0_229/lpcxpresso/tools/bin/../lib/gcc/arm-none-eabi/4.8.4/../../../../arm-none-eabi/lib/armv7-m\libc_s.a(lib_a-findfp.o)
                0x00003924                __sf_fake_stdout
 .rodata.__sf_fake_stderr
                0x00003944       0x20 c:/workspaces/lpcxpresso_7.4.0_229/lpcxpresso/tools/bin/../lib/gcc/arm-none-eabi/4.8.4/../../../../arm-none-eabi/lib/armv7-m\libc_s.a(lib_a-findfp.o)
                0x00003944                __sf_fake_stderr
 .rodata.str1.1
                0x00003964        0x2 c:/workspaces/lpcxpresso_7.4.0_229/lpcxpresso/tools/bin/../lib/gcc/arm-none-eabi/4.8.4/../../../../arm-none-eabi/lib/armv7-m\libc_s.a(lib_a-impure.o)
                0x00003968                . = ALIGN (0x4)
 *fill*         0x00003966        0x2 ff

.glue_7         0x00003968        0x0
 .glue_7        0x00000000        0x0 linker stubs

.glue_7t        0x00003968        0x0
 .glue_7t       0x00000000        0x0 linker stubs

.vfp11_veneer   0x00003968        0x0
 .vfp11_veneer  0x00000000        0x0 linker stubs

.v4_bx          0x00003968        0x0
 .v4_bx         0x00000000        0x0 linker stubs

.iplt           0x00003968        0x0
 .iplt          0x00000000        0x0 ./freertos/src/FreeRTOSCommonHooks.o

.ARM.extab
 *(.ARM.extab* .gnu.linkonce.armextab.*)
                0x00003968                __exidx_start = .

.ARM.exidx      0x00003968        0x8
 *(.ARM.exidx* .gnu.linkonce.armexidx.*)
 .ARM.exidx     0x00003968        0x8 c:/workspaces/lpcxpresso_7.4.0_229/lpcxpresso/tools/bin/../lib/gcc/arm-none-eabi/4.8.4/armv7-m\libgcc.a(_divdi3.o)
 .ARM.exidx     0x00003970        0x0 c:/workspaces/lpcxpresso_7.4.0_229/lpcxpresso/tools/bin/../lib/gcc/arm-none-eabi/4.8.4/armv7-m\libgcc.a(_udivdi3.o)
                                  0x8 (size before relaxing)
                0x00003970                __exidx_end = .
                0x00003970                _etext = .

.rel.dyn        0x00003970        0x0
 .rel.iplt      0x00000000        0x0 ./freertos/src/FreeRTOSCommonHooks.o

.data_RAM2      0x2007c000        0x0 load address 0x00003970
 FILL mask 0xff
 *(.ramfunc.$RAM2)
 *(.ramfunc.$RamAHB32)
 *(.data.$RAM2*)
 *(.data.$RamAHB32*)
                0x2007c000                . = ALIGN (0x4)

.uninit_RESERVED
                0x10000000        0x0
 *(.bss.$RESERVED*)
                0x10000000                . = ALIGN (0x4)
                0x10000000                _end_uninit_RESERVED = .

.data           0x10000000       0x7c load address 0x00003970
 FILL mask 0xff
                0x10000000                _data = .
 *(vtable)
 *(.ramfunc*)
 *(.data*)
 .data.uxCriticalNesting
                0x10000000        0x4 ./freertos/src/port.o
 .data.xNextTaskUnblockTime
                0x10000004        0x4 ./freertos/src/tasks.o
 .data.configWIFLY
                0x10000008        0x4 ./example/src/practica.o
 .data.configUART
                0x1000000c        0x4 ./example/src/practica.o
 .data.sendWIFLY
                0x10000010        0x4 ./example/src/practica.o
 .data.UART0TxEmpty
                0x10000014        0x1 ./example/src/uart.o
                0x10000014                UART0TxEmpty
 .data.UART1TxEmpty
                0x10000015        0x1 ./example/src/uart.o
                0x10000015                UART1TxEmpty
 .data.UART2TxEmpty
                0x10000016        0x1 ./example/src/uart.o
                0x10000016                UART2TxEmpty
 .data.UART3TxEmpty
                0x10000017        0x1 ./example/src/uart.o
                0x10000017                UART3TxEmpty
 .data.impure_data
                0x10000018       0x60 c:/workspaces/lpcxpresso_7.4.0_229/lpcxpresso/tools/bin/../lib/gcc/arm-none-eabi/4.8.4/../../../../arm-none-eabi/lib/armv7-m\libc_s.a(lib_a-impure.o)
 .data._impure_ptr
                0x10000078        0x4 c:/workspaces/lpcxpresso_7.4.0_229/lpcxpresso/tools/bin/../lib/gcc/arm-none-eabi/4.8.4/../../../../arm-none-eabi/lib/armv7-m\libc_s.a(lib_a-impure.o)
                0x10000078                _impure_ptr
                0x1000007c                . = ALIGN (0x4)
                0x1000007c                _edata = .

.igot.plt       0x1000007c        0x0 load address 0x000039ec
 .igot.plt      0x00000000        0x0 ./freertos/src/FreeRTOSCommonHooks.o

.bss_RAM2       0x2007c000        0x0
 *(.bss.$RAM2*)
 *(.bss.$RamAHB32*)
                0x2007c000                . = ALIGN (0x4)

.bss            0x1000007c      0x38c
                0x1000007c                _bss = .
 *(.bss*)
 .bss.ulTimerCountsForOneTick
                0x1000007c        0x4 ./freertos/src/port.o
 .bss.ulStoppedTimerCompensation
                0x10000080        0x4 ./freertos/src/port.o
 .bss.xMaximumPossibleSuppressedTicks
                0x10000084        0x4 ./freertos/src/port.o
 .bss.pxDelayedTaskList
                0x10000088        0x4 ./freertos/src/tasks.o
 .bss.xSchedulerRunning
                0x1000008c        0x4 ./freertos/src/tasks.o
 .bss.uxTasksDeleted
                0x10000090        0x4 ./freertos/src/tasks.o
 .bss.xTasksWaitingTermination
                0x10000094       0x14 ./freertos/src/tasks.o
 .bss.xDelayedTaskList2
                0x100000a8       0x14 ./freertos/src/tasks.o
 .bss.uxPendedTicks
                0x100000bc        0x4 ./freertos/src/tasks.o
 .bss.pxReadyTasksLists
                0x100000c0       0xa0 ./freertos/src/tasks.o
 .bss.uxSchedulerSuspended
                0x10000160        0x4 ./freertos/src/tasks.o
 .bss.uxCurrentNumberOfTasks
                0x10000164        0x4 ./freertos/src/tasks.o
 .bss.pxCurrentTCB
                0x10000168        0x4 ./freertos/src/tasks.o
                0x10000168                pxCurrentTCB
 .bss.xPendingReadyList
                0x1000016c       0x14 ./freertos/src/tasks.o
 .bss.xNumOfOverflows
                0x10000180        0x4 ./freertos/src/tasks.o
 .bss.xTickCount
                0x10000184        0x4 ./freertos/src/tasks.o
 .bss.pxOverflowDelayedTaskList
                0x10000188        0x4 ./freertos/src/tasks.o
 .bss.uxTaskNumber
                0x1000018c        0x4 ./freertos/src/tasks.o
 .bss.xDelayedTaskList1
                0x10000190       0x14 ./freertos/src/tasks.o
 .bss.xSuspendedTaskList
                0x100001a4       0x14 ./freertos/src/tasks.o
 .bss.uxTopReadyPriority
                0x100001b8        0x4 ./freertos/src/tasks.o
 .bss.xYieldPending
                0x100001bc        0x4 ./freertos/src/tasks.o
 .bss.ADCSetup  0x100001c0        0x8 ./example/src/practica.o
 .bss.Buffer.7787
                0x100001c8      0x100 ./example/src/practica.o
 .bss.xQueue    0x100002c8        0x4 ./example/src/practica.o
 .bss.eraseWIFLY
                0x100002cc        0x4 ./example/src/practica.o
 .bss.xSemaphore
                0x100002d0        0x4 ./example/src/practica.o
 .bss.UART3Count
                0x100002d4        0x4 ./example/src/uart.o
                0x100002d4                UART3Count
 .bss.UART2Count
                0x100002d8        0x4 ./example/src/uart.o
                0x100002d8                UART2Count
 .bss.UART1Count
                0x100002dc        0x4 ./example/src/uart.o
                0x100002dc                UART1Count
 .bss.UART0Count
                0x100002e0        0x4 ./example/src/uart.o
                0x100002e0                UART0Count
 .bss.__malloc_sbrk_start
                0x100002e4        0x4 c:/workspaces/lpcxpresso_7.4.0_229/lpcxpresso/tools/bin/../lib/gcc/arm-none-eabi/4.8.4/../../../../arm-none-eabi/lib/armv7-m\libc_s.a(lib_a-nano-mallocr.o)
                0x100002e4                __malloc_sbrk_start
 .bss.__malloc_free_list
                0x100002e8        0x4 c:/workspaces/lpcxpresso_7.4.0_229/lpcxpresso/tools/bin/../lib/gcc/arm-none-eabi/4.8.4/../../../../arm-none-eabi/lib/armv7-m\libc_s.a(lib_a-nano-mallocr.o)
                0x100002e8                __malloc_free_list
 *(COMMON)
 COMMON         0x100002ec      0x110 ./example/src/uart.o
                0x100002ec                UART1Buffer
                0x1000032c                UART2Status
                0x10000330                UART3Status
                0x10000334                UART0Buffer
                0x10000374                UART1Status
                0x10000378                UART3Buffer
                0x100003b8                UART2Buffer
                0x100003f8                UART0Status
 COMMON         0x100003fc        0x4 C:\workspaces\workspresso-nxp\lpc_chip_175x_6x\Debug\liblpc_chip_175x_6x.a(chip_17xx_40xx.o)
                0x100003fc                SystemCoreClock
 COMMON         0x10000400        0x4 c:/workspaces/lpcxpresso_7.4.0_229/lpcxpresso/tools/bin/../lib/gcc/arm-none-eabi/4.8.4/../../../../arm-none-eabi/lib/armv7-m\libc_s.a(lib_a-reent.o)
                0x10000400                errno
 COMMON         0x10000404        0x4 c:/workspaces/lpcxpresso_7.4.0_229/lpcxpresso/tools/bin/../lib/gcc/arm-none-eabi/4.8.4/../../../../arm-none-eabi/lib/armv7-m\libcr_newlib_semihost.a(_cr_sbrk.o)
                0x10000404                __end_of_heap
                0x10000408                . = ALIGN (0x4)
                0x10000408                _ebss = .
                0x10000408                PROVIDE (end, .)

.noinit_RAM2    0x2007c000        0x0
 *(.noinit.$RAM2*)
 *(.noinit.$RamAHB32*)
                0x2007c000                . = ALIGN (0x4)

.noinit         0x10000408        0x0
                0x10000408                _noinit = .
 *(.noinit*)
                0x10000408                . = ALIGN (0x4)
                0x10000408                _end_noinit = .
                0x10000408                PROVIDE (_pvHeapStart, DEFINED (__user_heap_base)?__user_heap_base:.)
                0x10008000                PROVIDE (_vStackTop, DEFINED (__user_stack_top)?__user_stack_top:(__top_RamLoc32 - 0x0))
OUTPUT(PracticaV4.axf elf32-littlearm)

.debug_info     0x00000000     0xca61
 .debug_info    0x00000000      0x27e ./freertos/src/FreeRTOSCommonHooks.o
 .debug_info    0x0000027e      0x1b9 ./freertos/src/heap_3.o
 .debug_info    0x00000437      0x2cc ./freertos/src/list.o
 .debug_info    0x00000703      0x49c ./freertos/src/port.o
 .debug_info    0x00000b9f     0x1344 ./freertos/src/queue.o
 .debug_info    0x00001ee3     0x1b37 ./freertos/src/tasks.o
 .debug_info    0x00003a1a      0x292 ./example/src/cr_startup_lpc175x_6x.o
 .debug_info    0x00003cac     0x1b64 ./example/src/practica.o
 .debug_info    0x00005810      0x122 ./example/src/sysinit.o
 .debug_info    0x00005932     0x12b7 ./example/src/uart.o
 .debug_info    0x00006be9     0x1d6c C:\workspaces\workspresso-nxp\lpc_board_nxp_lpcxpresso_1769\Debug\liblpc_board_nxp_lpcxpresso_1769.a(board.o)
 .debug_info    0x00008955      0x5f5 C:\workspaces\workspresso-nxp\lpc_board_nxp_lpcxpresso_1769\Debug\liblpc_board_nxp_lpcxpresso_1769.a(board_sysinit.o)
 .debug_info    0x00008f4a      0x983 C:\workspaces\workspresso-nxp\lpc_chip_175x_6x\Debug\liblpc_chip_175x_6x.a(adc_17xx_40xx.o)
 .debug_info    0x000098cd      0x5e7 C:\workspaces\workspresso-nxp\lpc_chip_175x_6x\Debug\liblpc_chip_175x_6x.a(chip_17xx_40xx.o)
 .debug_info    0x00009eb4      0xc88 C:\workspaces\workspresso-nxp\lpc_chip_175x_6x\Debug\liblpc_chip_175x_6x.a(clock_17xx_40xx.o)
 .debug_info    0x0000ab3c      0x318 C:\workspaces\workspresso-nxp\lpc_chip_175x_6x\Debug\liblpc_chip_175x_6x.a(iocon_17xx_40xx.o)
 .debug_info    0x0000ae54      0x66f C:\workspaces\workspresso-nxp\lpc_chip_175x_6x\Debug\liblpc_chip_175x_6x.a(sysinit_17xx_40xx.o)
 .debug_info    0x0000b4c3     0x1407 C:\workspaces\workspresso-nxp\lpc_chip_175x_6x\Debug\liblpc_chip_175x_6x.a(uart_17xx_40xx.o)
 .debug_info    0x0000c8ca      0x12d c:/workspaces/lpcxpresso_7.4.0_229/lpcxpresso/tools/bin/../lib/gcc/arm-none-eabi/4.8.4/../../../../arm-none-eabi/lib/armv7-m\libcr_newlib_semihost.a(_cr_sbrk.o)
 .debug_info    0x0000c9f7       0x6a c:/workspaces/lpcxpresso_7.4.0_229/lpcxpresso/tools/bin/../lib/gcc/arm-none-eabi/4.8.4/../../../../arm-none-eabi/lib/armv7-m\libcr_newlib_semihost.a(_cr_check_heap.o)

.debug_abbrev   0x00000000     0x29b7
 .debug_abbrev  0x00000000      0x193 ./freertos/src/FreeRTOSCommonHooks.o
 .debug_abbrev  0x00000193      0x149 ./freertos/src/heap_3.o
 .debug_abbrev  0x000002dc      0x10a ./freertos/src/list.o
 .debug_abbrev  0x000003e6      0x213 ./freertos/src/port.o
 .debug_abbrev  0x000005f9      0x2cb ./freertos/src/queue.o
 .debug_abbrev  0x000008c4      0x2d1 ./freertos/src/tasks.o
 .debug_abbrev  0x00000b95      0x12f ./example/src/cr_startup_lpc175x_6x.o
 .debug_abbrev  0x00000cc4      0x3a0 ./example/src/practica.o
 .debug_abbrev  0x00001064       0xbf ./example/src/sysinit.o
 .debug_abbrev  0x00001123      0x31d ./example/src/uart.o
 .debug_abbrev  0x00001440      0x420 C:\workspaces\workspresso-nxp\lpc_board_nxp_lpcxpresso_1769\Debug\liblpc_board_nxp_lpcxpresso_1769.a(board.o)
 .debug_abbrev  0x00001860      0x1d3 C:\workspaces\workspresso-nxp\lpc_board_nxp_lpcxpresso_1769\Debug\liblpc_board_nxp_lpcxpresso_1769.a(board_sysinit.o)
 .debug_abbrev  0x00001a33      0x231 C:\workspaces\workspresso-nxp\lpc_chip_175x_6x\Debug\liblpc_chip_175x_6x.a(adc_17xx_40xx.o)
 .debug_abbrev  0x00001c64      0x1bc C:\workspaces\workspresso-nxp\lpc_chip_175x_6x\Debug\liblpc_chip_175x_6x.a(chip_17xx_40xx.o)
 .debug_abbrev  0x00001e20      0x320 C:\workspaces\workspresso-nxp\lpc_chip_175x_6x\Debug\liblpc_chip_175x_6x.a(clock_17xx_40xx.o)
 .debug_abbrev  0x00002140      0x132 C:\workspaces\workspresso-nxp\lpc_chip_175x_6x\Debug\liblpc_chip_175x_6x.a(iocon_17xx_40xx.o)
 .debug_abbrev  0x00002272      0x1f2 C:\workspaces\workspresso-nxp\lpc_chip_175x_6x\Debug\liblpc_chip_175x_6x.a(sysinit_17xx_40xx.o)
 .debug_abbrev  0x00002464      0x3fb C:\workspaces\workspresso-nxp\lpc_chip_175x_6x\Debug\liblpc_chip_175x_6x.a(uart_17xx_40xx.o)
 .debug_abbrev  0x0000285f       0xf6 c:/workspaces/lpcxpresso_7.4.0_229/lpcxpresso/tools/bin/../lib/gcc/arm-none-eabi/4.8.4/../../../../arm-none-eabi/lib/armv7-m\libcr_newlib_semihost.a(_cr_sbrk.o)
 .debug_abbrev  0x00002955       0x62 c:/workspaces/lpcxpresso_7.4.0_229/lpcxpresso/tools/bin/../lib/gcc/arm-none-eabi/4.8.4/../../../../arm-none-eabi/lib/armv7-m\libcr_newlib_semihost.a(_cr_check_heap.o)

.debug_loc      0x00000000     0x4ce0
 .debug_loc     0x00000000       0x60 ./freertos/src/FreeRTOSCommonHooks.o
 .debug_loc     0x00000060       0x68 ./freertos/src/heap_3.o
 .debug_loc     0x000000c8       0x65 ./freertos/src/list.o
 .debug_loc     0x0000012d      0x12d ./freertos/src/port.o
 .debug_loc     0x0000025a      0xcf0 ./freertos/src/queue.o
 .debug_loc     0x00000f4a      0xfaa ./freertos/src/tasks.o
 .debug_loc     0x00001ef4      0x1d1 ./example/src/cr_startup_lpc175x_6x.o
 .debug_loc     0x000020c5      0x42e ./example/src/practica.o
 .debug_loc     0x000024f3      0x977 ./example/src/uart.o
 .debug_loc     0x00002e6a      0x582 C:\workspaces\workspresso-nxp\lpc_board_nxp_lpcxpresso_1769\Debug\liblpc_board_nxp_lpcxpresso_1769.a(board.o)
 .debug_loc     0x000033ec       0x13 C:\workspaces\workspresso-nxp\lpc_board_nxp_lpcxpresso_1769\Debug\liblpc_board_nxp_lpcxpresso_1769.a(board_sysinit.o)
 .debug_loc     0x000033ff      0x573 C:\workspaces\workspresso-nxp\lpc_chip_175x_6x\Debug\liblpc_chip_175x_6x.a(adc_17xx_40xx.o)
 .debug_loc     0x00003972      0x53b C:\workspaces\workspresso-nxp\lpc_chip_175x_6x\Debug\liblpc_chip_175x_6x.a(clock_17xx_40xx.o)
 .debug_loc     0x00003ead      0x1e4 C:\workspaces\workspresso-nxp\lpc_chip_175x_6x\Debug\liblpc_chip_175x_6x.a(iocon_17xx_40xx.o)
 .debug_loc     0x00004091      0xbce C:\workspaces\workspresso-nxp\lpc_chip_175x_6x\Debug\liblpc_chip_175x_6x.a(uart_17xx_40xx.o)
 .debug_loc     0x00004c5f       0x47 c:/workspaces/lpcxpresso_7.4.0_229/lpcxpresso/tools/bin/../lib/gcc/arm-none-eabi/4.8.4/../../../../arm-none-eabi/lib/armv7-m\libcr_newlib_semihost.a(_cr_sbrk.o)
 .debug_loc     0x00004ca6       0x3a c:/workspaces/lpcxpresso_7.4.0_229/lpcxpresso/tools/bin/../lib/gcc/arm-none-eabi/4.8.4/../../../../arm-none-eabi/lib/armv7-m\libcr_newlib_semihost.a(_cr_check_heap.o)

.debug_aranges  0x00000000      0x920
 .debug_aranges
                0x00000000       0x40 ./freertos/src/FreeRTOSCommonHooks.o
 .debug_aranges
                0x00000040       0x28 ./freertos/src/heap_3.o
 .debug_aranges
                0x00000068       0x40 ./freertos/src/list.o
 .debug_aranges
                0x000000a8       0x90 ./freertos/src/port.o
 .debug_aranges
                0x00000138       0xf0 ./freertos/src/queue.o
 .debug_aranges
                0x00000228      0x170 ./freertos/src/tasks.o
 .debug_aranges
                0x00000398       0x80 ./example/src/cr_startup_lpc175x_6x.o
 .debug_aranges
                0x00000418       0x90 ./example/src/practica.o
 .debug_aranges
                0x000004a8       0x20 ./example/src/sysinit.o
 .debug_aranges
                0x000004c8       0x78 ./example/src/uart.o
 .debug_aranges
                0x00000540       0xe0 C:\workspaces\workspresso-nxp\lpc_board_nxp_lpcxpresso_1769\Debug\liblpc_board_nxp_lpcxpresso_1769.a(board.o)
 .debug_aranges
                0x00000620       0x30 C:\workspaces\workspresso-nxp\lpc_board_nxp_lpcxpresso_1769\Debug\liblpc_board_nxp_lpcxpresso_1769.a(board_sysinit.o)
 .debug_aranges
                0x00000650       0x80 C:\workspaces\workspresso-nxp\lpc_chip_175x_6x\Debug\liblpc_chip_175x_6x.a(adc_17xx_40xx.o)
 .debug_aranges
                0x000006d0       0x28 C:\workspaces\workspresso-nxp\lpc_chip_175x_6x\Debug\liblpc_chip_175x_6x.a(chip_17xx_40xx.o)
 .debug_aranges
                0x000006f8       0xc8 C:\workspaces\workspresso-nxp\lpc_chip_175x_6x\Debug\liblpc_chip_175x_6x.a(clock_17xx_40xx.o)
 .debug_aranges
                0x000007c0       0x30 C:\workspaces\workspresso-nxp\lpc_chip_175x_6x\Debug\liblpc_chip_175x_6x.a(iocon_17xx_40xx.o)
 .debug_aranges
                0x000007f0       0x30 C:\workspaces\workspresso-nxp\lpc_chip_175x_6x\Debug\liblpc_chip_175x_6x.a(sysinit_17xx_40xx.o)
 .debug_aranges
                0x00000820       0xc0 C:\workspaces\workspresso-nxp\lpc_chip_175x_6x\Debug\liblpc_chip_175x_6x.a(uart_17xx_40xx.o)
 .debug_aranges
                0x000008e0       0x20 c:/workspaces/lpcxpresso_7.4.0_229/lpcxpresso/tools/bin/../lib/gcc/arm-none-eabi/4.8.4/../../../../arm-none-eabi/lib/armv7-m\libcr_newlib_semihost.a(_cr_sbrk.o)
 .debug_aranges
                0x00000900       0x20 c:/workspaces/lpcxpresso_7.4.0_229/lpcxpresso/tools/bin/../lib/gcc/arm-none-eabi/4.8.4/../../../../arm-none-eabi/lib/armv7-m\libcr_newlib_semihost.a(_cr_check_heap.o)

.debug_ranges   0x00000000      0x8c0
 .debug_ranges  0x00000000       0x30 ./freertos/src/FreeRTOSCommonHooks.o
 .debug_ranges  0x00000030       0x18 ./freertos/src/heap_3.o
 .debug_ranges  0x00000048       0x30 ./freertos/src/list.o
 .debug_ranges  0x00000078       0x80 ./freertos/src/port.o
 .debug_ranges  0x000000f8       0xe0 ./freertos/src/queue.o
 .debug_ranges  0x000001d8      0x1c8 ./freertos/src/tasks.o
 .debug_ranges  0x000003a0       0x70 ./example/src/cr_startup_lpc175x_6x.o
 .debug_ranges  0x00000410       0xe0 ./example/src/practica.o
 .debug_ranges  0x000004f0       0x10 ./example/src/sysinit.o
 .debug_ranges  0x00000500       0x68 ./example/src/uart.o
 .debug_ranges  0x00000568       0xe8 C:\workspaces\workspresso-nxp\lpc_board_nxp_lpcxpresso_1769\Debug\liblpc_board_nxp_lpcxpresso_1769.a(board.o)
 .debug_ranges  0x00000650       0x20 C:\workspaces\workspresso-nxp\lpc_board_nxp_lpcxpresso_1769\Debug\liblpc_board_nxp_lpcxpresso_1769.a(board_sysinit.o)
 .debug_ranges  0x00000670       0x70 C:\workspaces\workspresso-nxp\lpc_chip_175x_6x\Debug\liblpc_chip_175x_6x.a(adc_17xx_40xx.o)
 .debug_ranges  0x000006e0       0x18 C:\workspaces\workspresso-nxp\lpc_chip_175x_6x\Debug\liblpc_chip_175x_6x.a(chip_17xx_40xx.o)
 .debug_ranges  0x000006f8       0xb8 C:\workspaces\workspresso-nxp\lpc_chip_175x_6x\Debug\liblpc_chip_175x_6x.a(clock_17xx_40xx.o)
 .debug_ranges  0x000007b0       0x20 C:\workspaces\workspresso-nxp\lpc_chip_175x_6x\Debug\liblpc_chip_175x_6x.a(iocon_17xx_40xx.o)
 .debug_ranges  0x000007d0       0x20 C:\workspaces\workspresso-nxp\lpc_chip_175x_6x\Debug\liblpc_chip_175x_6x.a(sysinit_17xx_40xx.o)
 .debug_ranges  0x000007f0       0xb0 C:\workspaces\workspresso-nxp\lpc_chip_175x_6x\Debug\liblpc_chip_175x_6x.a(uart_17xx_40xx.o)
 .debug_ranges  0x000008a0       0x10 c:/workspaces/lpcxpresso_7.4.0_229/lpcxpresso/tools/bin/../lib/gcc/arm-none-eabi/4.8.4/../../../../arm-none-eabi/lib/armv7-m\libcr_newlib_semihost.a(_cr_sbrk.o)
 .debug_ranges  0x000008b0       0x10 c:/workspaces/lpcxpresso_7.4.0_229/lpcxpresso/tools/bin/../lib/gcc/arm-none-eabi/4.8.4/../../../../arm-none-eabi/lib/armv7-m\libcr_newlib_semihost.a(_cr_check_heap.o)

.debug_macro    0x00000000     0x72e4
 .debug_macro   0x00000000      0x29c ./freertos/src/FreeRTOSCommonHooks.o
 .debug_macro   0x0000029c      0x85c ./freertos/src/FreeRTOSCommonHooks.o
 .debug_macro   0x00000af8       0x10 ./freertos/src/FreeRTOSCommonHooks.o
 .debug_macro   0x00000b08      0x12d ./freertos/src/FreeRTOSCommonHooks.o
 .debug_macro   0x00000c35       0x16 ./freertos/src/FreeRTOSCommonHooks.o
 .debug_macro   0x00000c4b       0x46 ./freertos/src/FreeRTOSCommonHooks.o
 .debug_macro   0x00000c91      0x5b2 ./freertos/src/FreeRTOSCommonHooks.o
 .debug_macro   0x00001243       0x22 ./freertos/src/FreeRTOSCommonHooks.o
 .debug_macro   0x00001265       0x74 ./freertos/src/FreeRTOSCommonHooks.o
 .debug_macro   0x000012d9       0x10 ./freertos/src/FreeRTOSCommonHooks.o
 .debug_macro   0x000012e9       0x2d ./freertos/src/FreeRTOSCommonHooks.o
 .debug_macro   0x00001316       0x3a ./freertos/src/FreeRTOSCommonHooks.o
 .debug_macro   0x00001350       0x2d ./freertos/src/FreeRTOSCommonHooks.o
 .debug_macro   0x0000137d      0xbb1 ./freertos/src/FreeRTOSCommonHooks.o
 .debug_macro   0x00001f2e      0x22c ./freertos/src/FreeRTOSCommonHooks.o
 .debug_macro   0x0000215a       0x42 ./freertos/src/FreeRTOSCommonHooks.o
 .debug_macro   0x0000219c       0x52 ./freertos/src/FreeRTOSCommonHooks.o
 .debug_macro   0x000021ee       0x78 ./freertos/src/FreeRTOSCommonHooks.o
 .debug_macro   0x00002266       0x82 ./freertos/src/FreeRTOSCommonHooks.o
 .debug_macro   0x000022e8      0x48c ./freertos/src/FreeRTOSCommonHooks.o
 .debug_macro   0x00002774       0x34 ./freertos/src/FreeRTOSCommonHooks.o
 .debug_macro   0x000027a8      0x4c5 ./freertos/src/FreeRTOSCommonHooks.o
 .debug_macro   0x00002c6d      0x1b7 ./freertos/src/FreeRTOSCommonHooks.o
 .debug_macro   0x00002e24       0x10 ./freertos/src/FreeRTOSCommonHooks.o
 .debug_macro   0x00002e34      0x21b ./freertos/src/FreeRTOSCommonHooks.o
 .debug_macro   0x0000304f      0x1b9 ./freertos/src/FreeRTOSCommonHooks.o
 .debug_macro   0x00003208       0x40 ./freertos/src/FreeRTOSCommonHooks.o
 .debug_macro   0x00003248       0x22 ./freertos/src/FreeRTOSCommonHooks.o
 .debug_macro   0x0000326a      0x162 ./freertos/src/FreeRTOSCommonHooks.o
 .debug_macro   0x000033cc       0x94 ./freertos/src/FreeRTOSCommonHooks.o
 .debug_macro   0x00003460       0xb8 ./freertos/src/FreeRTOSCommonHooks.o
 .debug_macro   0x00003518       0x4c ./freertos/src/FreeRTOSCommonHooks.o
 .debug_macro   0x00003564       0x16 ./freertos/src/FreeRTOSCommonHooks.o
 .debug_macro   0x0000357a      0x328 ./freertos/src/FreeRTOSCommonHooks.o
 .debug_macro   0x000038a2       0x49 ./freertos/src/FreeRTOSCommonHooks.o
 .debug_macro   0x000038eb       0x16 ./freertos/src/FreeRTOSCommonHooks.o
 .debug_macro   0x00003901       0xca ./freertos/src/FreeRTOSCommonHooks.o
 .debug_macro   0x000039cb       0x11 ./freertos/src/FreeRTOSCommonHooks.o
 .debug_macro   0x000039dc       0x70 ./freertos/src/FreeRTOSCommonHooks.o
 .debug_macro   0x00003a4c       0x9a ./freertos/src/FreeRTOSCommonHooks.o
 .debug_macro   0x00003ae6       0x20 ./freertos/src/FreeRTOSCommonHooks.o
 .debug_macro   0x00003b06       0x28 ./freertos/src/FreeRTOSCommonHooks.o
 .debug_macro   0x00003b2e       0xee ./freertos/src/FreeRTOSCommonHooks.o
 .debug_macro   0x00003c1c       0xab ./freertos/src/FreeRTOSCommonHooks.o
 .debug_macro   0x00003cc7       0x12 ./freertos/src/FreeRTOSCommonHooks.o
 .debug_macro   0x00003cd9       0x1f ./freertos/src/FreeRTOSCommonHooks.o
 .debug_macro   0x00003cf8      0x257 ./freertos/src/FreeRTOSCommonHooks.o
 .debug_macro   0x00003f4f       0x64 ./freertos/src/FreeRTOSCommonHooks.o
 .debug_macro   0x00003fb3       0x57 ./freertos/src/FreeRTOSCommonHooks.o
 .debug_macro   0x0000400a      0x2b2 ./freertos/src/heap_3.o
 .debug_macro   0x000042bc       0x28 ./freertos/src/heap_3.o
 .debug_macro   0x000042e4      0x297 ./freertos/src/list.o
 .debug_macro   0x0000457b      0x329 ./freertos/src/port.o
 .debug_macro   0x000048a4      0x2fa ./freertos/src/queue.o
 .debug_macro   0x00004b9e       0xb0 ./freertos/src/queue.o
 .debug_macro   0x00004c4e      0x336 ./freertos/src/tasks.o
 .debug_macro   0x00004f84       0x5b ./freertos/src/tasks.o
 .debug_macro   0x00004fdf       0x16 ./freertos/src/tasks.o
 .debug_macro   0x00004ff5       0x1d ./example/src/cr_startup_lpc175x_6x.o
 .debug_macro   0x00005012      0x309 ./example/src/practica.o
 .debug_macro   0x0000531b       0x7b ./example/src/practica.o
 .debug_macro   0x00005396       0x18 ./example/src/practica.o
 .debug_macro   0x000053ae       0x10 ./example/src/practica.o
 .debug_macro   0x000053be       0xf4 ./example/src/practica.o
 .debug_macro   0x000054b2       0x77 ./example/src/practica.o
 .debug_macro   0x00005529       0x16 ./example/src/practica.o
 .debug_macro   0x0000553f       0x94 ./example/src/practica.o
 .debug_macro   0x000055d3       0x1c ./example/src/practica.o
 .debug_macro   0x000055ef      0x217 ./example/src/sysinit.o
 .debug_macro   0x00005806      0x21a ./example/src/uart.o
 .debug_macro   0x00005a20       0xee ./example/src/uart.o
 .debug_macro   0x00005b0e      0x289 C:\workspaces\workspresso-nxp\lpc_board_nxp_lpcxpresso_1769\Debug\liblpc_board_nxp_lpcxpresso_1769.a(board.o)
 .debug_macro   0x00005d97      0x856 C:\workspaces\workspresso-nxp\lpc_board_nxp_lpcxpresso_1769\Debug\liblpc_board_nxp_lpcxpresso_1769.a(board.o)
 .debug_macro   0x000065ed       0x12 C:\workspaces\workspresso-nxp\lpc_board_nxp_lpcxpresso_1769\Debug\liblpc_board_nxp_lpcxpresso_1769.a(board.o)
 .debug_macro   0x000065ff      0x217 C:\workspaces\workspresso-nxp\lpc_board_nxp_lpcxpresso_1769\Debug\liblpc_board_nxp_lpcxpresso_1769.a(board_sysinit.o)
 .debug_macro   0x00006816      0x1cd C:\workspaces\workspresso-nxp\lpc_chip_175x_6x\Debug\liblpc_chip_175x_6x.a(adc_17xx_40xx.o)
 .debug_macro   0x000069e3      0x1cd C:\workspaces\workspresso-nxp\lpc_chip_175x_6x\Debug\liblpc_chip_175x_6x.a(chip_17xx_40xx.o)
 .debug_macro   0x00006bb0      0x1cd C:\workspaces\workspresso-nxp\lpc_chip_175x_6x\Debug\liblpc_chip_175x_6x.a(clock_17xx_40xx.o)
 .debug_macro   0x00006d7d      0x1cd C:\workspaces\workspresso-nxp\lpc_chip_175x_6x\Debug\liblpc_chip_175x_6x.a(iocon_17xx_40xx.o)
 .debug_macro   0x00006f4a      0x1cd C:\workspaces\workspresso-nxp\lpc_chip_175x_6x\Debug\liblpc_chip_175x_6x.a(sysinit_17xx_40xx.o)
 .debug_macro   0x00007117      0x1cd C:\workspaces\workspresso-nxp\lpc_chip_175x_6x\Debug\liblpc_chip_175x_6x.a(uart_17xx_40xx.o)

.debug_line     0x00000000     0x6d80
 .debug_line    0x00000000      0x5cc ./freertos/src/FreeRTOSCommonHooks.o
 .debug_line    0x000005cc      0x580 ./freertos/src/heap_3.o
 .debug_line    0x00000b4c      0x5c5 ./freertos/src/list.o
 .debug_line    0x00001111      0x69b ./freertos/src/port.o
 .debug_line    0x000017ac      0x8d1 ./freertos/src/queue.o
 .debug_line    0x0000207d      0xc3b ./freertos/src/tasks.o
 .debug_line    0x00002cb8       0xb3 ./example/src/cr_startup_lpc175x_6x.o
 .debug_line    0x00002d6b      0x78b ./example/src/practica.o
 .debug_line    0x000034f6      0x475 ./example/src/sysinit.o
 .debug_line    0x0000396b      0x756 ./example/src/uart.o
 .debug_line    0x000040c1      0x761 C:\workspaces\workspresso-nxp\lpc_board_nxp_lpcxpresso_1769\Debug\liblpc_board_nxp_lpcxpresso_1769.a(board.o)
 .debug_line    0x00004822      0x498 C:\workspaces\workspresso-nxp\lpc_board_nxp_lpcxpresso_1769\Debug\liblpc_board_nxp_lpcxpresso_1769.a(board_sysinit.o)
 .debug_line    0x00004cba      0x4f8 C:\workspaces\workspresso-nxp\lpc_chip_175x_6x\Debug\liblpc_chip_175x_6x.a(adc_17xx_40xx.o)
 .debug_line    0x000051b2      0x441 C:\workspaces\workspresso-nxp\lpc_chip_175x_6x\Debug\liblpc_chip_175x_6x.a(chip_17xx_40xx.o)
 .debug_line    0x000055f3      0x63a C:\workspaces\workspresso-nxp\lpc_chip_175x_6x\Debug\liblpc_chip_175x_6x.a(clock_17xx_40xx.o)
 .debug_line    0x00005c2d      0x438 C:\workspaces\workspresso-nxp\lpc_chip_175x_6x\Debug\liblpc_chip_175x_6x.a(iocon_17xx_40xx.o)
 .debug_line    0x00006065      0x4c1 C:\workspaces\workspresso-nxp\lpc_chip_175x_6x\Debug\liblpc_chip_175x_6x.a(sysinit_17xx_40xx.o)
 .debug_line    0x00006526      0x70c C:\workspaces\workspresso-nxp\lpc_chip_175x_6x\Debug\liblpc_chip_175x_6x.a(uart_17xx_40xx.o)
 .debug_line    0x00006c32      0x101 c:/workspaces/lpcxpresso_7.4.0_229/lpcxpresso/tools/bin/../lib/gcc/arm-none-eabi/4.8.4/../../../../arm-none-eabi/lib/armv7-m\libcr_newlib_semihost.a(_cr_sbrk.o)
 .debug_line    0x00006d33       0x4d c:/workspaces/lpcxpresso_7.4.0_229/lpcxpresso/tools/bin/../lib/gcc/arm-none-eabi/4.8.4/../../../../arm-none-eabi/lib/armv7-m\libcr_newlib_semihost.a(_cr_check_heap.o)

.debug_str      0x00000000    0x194a6
 .debug_str     0x00000000    0x12a7a ./freertos/src/FreeRTOSCommonHooks.o
                              0x12b64 (size before relaxing)
 .debug_str     0x00012a7a      0x12e ./freertos/src/heap_3.o
                              0x12b52 (size before relaxing)
 .debug_str     0x00012ba8      0x12e ./freertos/src/list.o
                              0x1286c (size before relaxing)
 .debug_str     0x00012cd6      0x93d ./freertos/src/port.o
                              0x133c1 (size before relaxing)
 .debug_str     0x00013613     0x11be ./freertos/src/queue.o
                              0x13fdd (size before relaxing)
 .debug_str     0x000147d1     0x1396 ./freertos/src/tasks.o
                              0x1444e (size before relaxing)
 .debug_str     0x00015b67      0x1a4 ./example/src/cr_startup_lpc175x_6x.o
                               0x25ae (size before relaxing)
 .debug_str     0x00015d0b      0xf42 ./example/src/practica.o
                              0x14729 (size before relaxing)
 .debug_str     0x00016c4d       0x34 ./example/src/sysinit.o
                              0x1096e (size before relaxing)
 .debug_str     0x00016c81      0x9c0 ./example/src/uart.o
                              0x11254 (size before relaxing)
 .debug_str     0x00017641      0xc37 C:\workspaces\workspresso-nxp\lpc_board_nxp_lpcxpresso_1769\Debug\liblpc_board_nxp_lpcxpresso_1769.a(board.o)
                              0x118f0 (size before relaxing)
 .debug_str     0x00018278      0x1bc C:\workspaces\workspresso-nxp\lpc_board_nxp_lpcxpresso_1769\Debug\liblpc_board_nxp_lpcxpresso_1769.a(board_sysinit.o)
                              0x10d9f (size before relaxing)
 .debug_str     0x00018434      0x4a3 C:\workspaces\workspresso-nxp\lpc_chip_175x_6x\Debug\liblpc_chip_175x_6x.a(adc_17xx_40xx.o)
                              0x10d8e (size before relaxing)
 .debug_str     0x000188d7       0xb6 C:\workspaces\workspresso-nxp\lpc_chip_175x_6x\Debug\liblpc_chip_175x_6x.a(chip_17xx_40xx.o)
                              0x10af1 (size before relaxing)
 .debug_str     0x0001898d      0x546 C:\workspaces\workspresso-nxp\lpc_chip_175x_6x\Debug\liblpc_chip_175x_6x.a(clock_17xx_40xx.o)
                              0x110d5 (size before relaxing)
 .debug_str     0x00018ed3       0x35 C:\workspaces\workspresso-nxp\lpc_chip_175x_6x\Debug\liblpc_chip_175x_6x.a(iocon_17xx_40xx.o)
                              0x10552 (size before relaxing)
 .debug_str     0x00018f08       0xad C:\workspaces\workspresso-nxp\lpc_chip_175x_6x\Debug\liblpc_chip_175x_6x.a(sysinit_17xx_40xx.o)
                              0x107a5 (size before relaxing)
 .debug_str     0x00018fb5      0x352 C:\workspaces\workspresso-nxp\lpc_chip_175x_6x\Debug\liblpc_chip_175x_6x.a(uart_17xx_40xx.o)
                              0x11051 (size before relaxing)
 .debug_str     0x00019307      0x17a c:/workspaces/lpcxpresso_7.4.0_229/lpcxpresso/tools/bin/../lib/gcc/arm-none-eabi/4.8.4/../../../../arm-none-eabi/lib/armv7-m\libcr_newlib_semihost.a(_cr_sbrk.o)
                                0x213 (size before relaxing)
 .debug_str     0x00019481       0x25 c:/workspaces/lpcxpresso_7.4.0_229/lpcxpresso/tools/bin/../lib/gcc/arm-none-eabi/4.8.4/../../../../arm-none-eabi/lib/armv7-m\libcr_newlib_semihost.a(_cr_check_heap.o)
                                0x161 (size before relaxing)

.comment        0x00000000       0x70
 .comment       0x00000000       0x70 ./freertos/src/FreeRTOSCommonHooks.o
                                 0x71 (size before relaxing)
 .comment       0x00000000       0x71 ./freertos/src/heap_3.o
 .comment       0x00000000       0x71 ./freertos/src/list.o
 .comment       0x00000000       0x71 ./freertos/src/port.o
 .comment       0x00000000       0x71 ./freertos/src/queue.o
 .comment       0x00000000       0x71 ./freertos/src/tasks.o
 .comment       0x00000000       0x71 ./example/src/cr_startup_lpc175x_6x.o
 .comment       0x00000000       0x71 ./example/src/practica.o
 .comment       0x00000000       0x71 ./example/src/sysinit.o
 .comment       0x00000000       0x71 ./example/src/uart.o
 .comment       0x00000000       0x71 C:\workspaces\workspresso-nxp\lpc_board_nxp_lpcxpresso_1769\Debug\liblpc_board_nxp_lpcxpresso_1769.a(board.o)
 .comment       0x00000000       0x71 C:\workspaces\workspresso-nxp\lpc_board_nxp_lpcxpresso_1769\Debug\liblpc_board_nxp_lpcxpresso_1769.a(board_sysinit.o)
 .comment       0x00000000       0x71 C:\workspaces\workspresso-nxp\lpc_chip_175x_6x\Debug\liblpc_chip_175x_6x.a(adc_17xx_40xx.o)
 .comment       0x00000000       0x71 C:\workspaces\workspresso-nxp\lpc_chip_175x_6x\Debug\liblpc_chip_175x_6x.a(chip_17xx_40xx.o)
 .comment       0x00000000       0x71 C:\workspaces\workspresso-nxp\lpc_chip_175x_6x\Debug\liblpc_chip_175x_6x.a(clock_17xx_40xx.o)
 .comment       0x00000000       0x71 C:\workspaces\workspresso-nxp\lpc_chip_175x_6x\Debug\liblpc_chip_175x_6x.a(iocon_17xx_40xx.o)
 .comment       0x00000000       0x71 C:\workspaces\workspresso-nxp\lpc_chip_175x_6x\Debug\liblpc_chip_175x_6x.a(sysinit_17xx_40xx.o)
 .comment       0x00000000       0x71 C:\workspaces\workspresso-nxp\lpc_chip_175x_6x\Debug\liblpc_chip_175x_6x.a(uart_17xx_40xx.o)
 .comment       0x00000000       0x71 c:/workspaces/lpcxpresso_7.4.0_229/lpcxpresso/tools/bin/../lib/gcc/arm-none-eabi/4.8.4/../../../../arm-none-eabi/lib/armv7-m\libcr_newlib_semihost.a(_cr_sbrk.o)
 .comment       0x00000000       0x71 c:/workspaces/lpcxpresso_7.4.0_229/lpcxpresso/tools/bin/../lib/gcc/arm-none-eabi/4.8.4/../../../../arm-none-eabi/lib/armv7-m\libcr_newlib_semihost.a(_cr_check_heap.o)

.ARM.attributes
                0x00000000       0x33
 .ARM.attributes
                0x00000000       0x33 ./freertos/src/FreeRTOSCommonHooks.o
 .ARM.attributes
                0x00000033       0x33 ./freertos/src/heap_3.o
 .ARM.attributes
                0x00000066       0x33 ./freertos/src/list.o
 .ARM.attributes
                0x00000099       0x33 ./freertos/src/port.o
 .ARM.attributes
                0x000000cc       0x33 ./freertos/src/queue.o
 .ARM.attributes
                0x000000ff       0x33 ./freertos/src/tasks.o
 .ARM.attributes
                0x00000132       0x33 ./example/src/cr_startup_lpc175x_6x.o
 .ARM.attributes
                0x00000165       0x33 ./example/src/practica.o
 .ARM.attributes
                0x00000198       0x33 ./example/src/sysinit.o
 .ARM.attributes
                0x000001cb       0x33 ./example/src/uart.o
 .ARM.attributes
                0x000001fe       0x33 C:\workspaces\workspresso-nxp\lpc_board_nxp_lpcxpresso_1769\Debug\liblpc_board_nxp_lpcxpresso_1769.a(board.o)
 .ARM.attributes
                0x00000231       0x33 C:\workspaces\workspresso-nxp\lpc_board_nxp_lpcxpresso_1769\Debug\liblpc_board_nxp_lpcxpresso_1769.a(board_sysinit.o)
 .ARM.attributes
                0x00000264       0x33 C:\workspaces\workspresso-nxp\lpc_chip_175x_6x\Debug\liblpc_chip_175x_6x.a(adc_17xx_40xx.o)
 .ARM.attributes
                0x00000297       0x33 C:\workspaces\workspresso-nxp\lpc_chip_175x_6x\Debug\liblpc_chip_175x_6x.a(chip_17xx_40xx.o)
 .ARM.attributes
                0x000002ca       0x33 C:\workspaces\workspresso-nxp\lpc_chip_175x_6x\Debug\liblpc_chip_175x_6x.a(clock_17xx_40xx.o)
 .ARM.attributes
                0x000002fd       0x33 C:\workspaces\workspresso-nxp\lpc_chip_175x_6x\Debug\liblpc_chip_175x_6x.a(iocon_17xx_40xx.o)
 .ARM.attributes
                0x00000330       0x33 C:\workspaces\workspresso-nxp\lpc_chip_175x_6x\Debug\liblpc_chip_175x_6x.a(sysinit_17xx_40xx.o)
 .ARM.attributes
                0x00000363       0x33 C:\workspaces\workspresso-nxp\lpc_chip_175x_6x\Debug\liblpc_chip_175x_6x.a(uart_17xx_40xx.o)
 .ARM.attributes
                0x00000396       0x1d c:/workspaces/lpcxpresso_7.4.0_229/lpcxpresso/tools/bin/../lib/gcc/arm-none-eabi/4.8.4/armv7-m\libgcc.a(_aeabi_uldivmod.o)
 .ARM.attributes
                0x000003b3       0x2d c:/workspaces/lpcxpresso_7.4.0_229/lpcxpresso/tools/bin/../lib/gcc/arm-none-eabi/4.8.4/armv7-m\libgcc.a(bpabi.o)
 .ARM.attributes
                0x000003e0       0x1d c:/workspaces/lpcxpresso_7.4.0_229/lpcxpresso/tools/bin/../lib/gcc/arm-none-eabi/4.8.4/armv7-m\libgcc.a(_dvmd_tls.o)
 .ARM.attributes
                0x000003fd       0x2d c:/workspaces/lpcxpresso_7.4.0_229/lpcxpresso/tools/bin/../lib/gcc/arm-none-eabi/4.8.4/armv7-m\libgcc.a(_divdi3.o)
 .ARM.attributes
                0x0000042a       0x2d c:/workspaces/lpcxpresso_7.4.0_229/lpcxpresso/tools/bin/../lib/gcc/arm-none-eabi/4.8.4/armv7-m\libgcc.a(_udivdi3.o)
 .ARM.attributes
                0x00000457       0x2d c:/workspaces/lpcxpresso_7.4.0_229/lpcxpresso/tools/bin/../lib/gcc/arm-none-eabi/4.8.4/../../../../arm-none-eabi/lib/armv7-m\libc_s.a(lib_a-malloc.o)
 .ARM.attributes
                0x00000484       0x2d c:/workspaces/lpcxpresso_7.4.0_229/lpcxpresso/tools/bin/../lib/gcc/arm-none-eabi/4.8.4/../../../../arm-none-eabi/lib/armv7-m\libc_s.a(lib_a-memcpy-stub.o)
 .ARM.attributes
                0x000004b1       0x2d c:/workspaces/lpcxpresso_7.4.0_229/lpcxpresso/tools/bin/../lib/gcc/arm-none-eabi/4.8.4/../../../../arm-none-eabi/lib/armv7-m\libc_s.a(lib_a-memset.o)
 .ARM.attributes
                0x000004de       0x2d c:/workspaces/lpcxpresso_7.4.0_229/lpcxpresso/tools/bin/../lib/gcc/arm-none-eabi/4.8.4/../../../../arm-none-eabi/lib/armv7-m\libc_s.a(lib_a-nano-freer.o)
 .ARM.attributes
                0x0000050b       0x2d c:/workspaces/lpcxpresso_7.4.0_229/lpcxpresso/tools/bin/../lib/gcc/arm-none-eabi/4.8.4/../../../../arm-none-eabi/lib/armv7-m\libc_s.a(lib_a-nano-mallocr.o)
 .ARM.attributes
                0x00000538       0x2d c:/workspaces/lpcxpresso_7.4.0_229/lpcxpresso/tools/bin/../lib/gcc/arm-none-eabi/4.8.4/../../../../arm-none-eabi/lib/armv7-m\libc_s.a(lib_a-sbrkr.o)
 .ARM.attributes
                0x00000565       0x2d c:/workspaces/lpcxpresso_7.4.0_229/lpcxpresso/tools/bin/../lib/gcc/arm-none-eabi/4.8.4/../../../../arm-none-eabi/lib/armv7-m\libc_s.a(lib_a-sprintf.o)
 .ARM.attributes
                0x00000592       0x2d c:/workspaces/lpcxpresso_7.4.0_229/lpcxpresso/tools/bin/../lib/gcc/arm-none-eabi/4.8.4/../../../../arm-none-eabi/lib/armv7-m\libc_s.a(lib_a-strlen.o)
 .ARM.attributes
                0x000005bf       0x2d c:/workspaces/lpcxpresso_7.4.0_229/lpcxpresso/tools/bin/../lib/gcc/arm-none-eabi/4.8.4/../../../../arm-none-eabi/lib/armv7-m\libc_s.a(lib_a-strncat.o)
 .ARM.attributes
                0x000005ec       0x2d c:/workspaces/lpcxpresso_7.4.0_229/lpcxpresso/tools/bin/../lib/gcc/arm-none-eabi/4.8.4/../../../../arm-none-eabi/lib/armv7-m\libc_s.a(lib_a-strstr.o)
 .ARM.attributes
                0x00000619       0x2d c:/workspaces/lpcxpresso_7.4.0_229/lpcxpresso/tools/bin/../lib/gcc/arm-none-eabi/4.8.4/../../../../arm-none-eabi/lib/armv7-m\libc_s.a(lib_a-svfprintf.o)
 .ARM.attributes
                0x00000646       0x2d c:/workspaces/lpcxpresso_7.4.0_229/lpcxpresso/tools/bin/../lib/gcc/arm-none-eabi/4.8.4/../../../../arm-none-eabi/lib/armv7-m\libc_s.a(lib_a-vfprintf_i.o)
 .ARM.attributes
                0x00000673       0x2d c:/workspaces/lpcxpresso_7.4.0_229/lpcxpresso/tools/bin/../lib/gcc/arm-none-eabi/4.8.4/../../../../arm-none-eabi/lib/armv7-m\libc_s.a(lib_a-findfp.o)
 .ARM.attributes
                0x000006a0       0x2d c:/workspaces/lpcxpresso_7.4.0_229/lpcxpresso/tools/bin/../lib/gcc/arm-none-eabi/4.8.4/../../../../arm-none-eabi/lib/armv7-m\libc_s.a(lib_a-impure.o)
 .ARM.attributes
                0x000006cd       0x2d c:/workspaces/lpcxpresso_7.4.0_229/lpcxpresso/tools/bin/../lib/gcc/arm-none-eabi/4.8.4/../../../../arm-none-eabi/lib/armv7-m\libc_s.a(lib_a-memchr-stub.o)
 .ARM.attributes
                0x000006fa       0x2d c:/workspaces/lpcxpresso_7.4.0_229/lpcxpresso/tools/bin/../lib/gcc/arm-none-eabi/4.8.4/../../../../arm-none-eabi/lib/armv7-m\libc_s.a(lib_a-memmove.o)
 .ARM.attributes
                0x00000727       0x2d c:/workspaces/lpcxpresso_7.4.0_229/lpcxpresso/tools/bin/../lib/gcc/arm-none-eabi/4.8.4/../../../../arm-none-eabi/lib/armv7-m\libc_s.a(lib_a-nano-reallocr.o)
 .ARM.attributes
                0x00000754       0x2d c:/workspaces/lpcxpresso_7.4.0_229/lpcxpresso/tools/bin/../lib/gcc/arm-none-eabi/4.8.4/../../../../arm-none-eabi/lib/armv7-m\libc_s.a(lib_a-reent.o)
 .ARM.attributes
                0x00000781       0x2d c:/workspaces/lpcxpresso_7.4.0_229/lpcxpresso/tools/bin/../lib/gcc/arm-none-eabi/4.8.4/../../../../arm-none-eabi/lib/armv7-m\libc_s.a(lib_a-nano-msizer.o)
 .ARM.attributes
                0x000007ae       0x33 c:/workspaces/lpcxpresso_7.4.0_229/lpcxpresso/tools/bin/../lib/gcc/arm-none-eabi/4.8.4/../../../../arm-none-eabi/lib/armv7-m\libcr_newlib_semihost.a(_cr_sbrk.o)
 .ARM.attributes
                0x000007e1       0x33 c:/workspaces/lpcxpresso_7.4.0_229/lpcxpresso/tools/bin/../lib/gcc/arm-none-eabi/4.8.4/../../../../arm-none-eabi/lib/armv7-m\libcr_newlib_semihost.a(_cr_check_heap.o)
 .ARM.attributes
                0x00000814       0x2d c:/workspaces/lpcxpresso_7.4.0_229/lpcxpresso/tools/bin/../lib/gcc/arm-none-eabi/4.8.4/../../../../arm-none-eabi/lib/armv7-m\libc_s.a(lib_a-errno.o)

.debug_frame    0x00000000     0x1bb0
 .debug_frame   0x00000000       0x7c ./freertos/src/FreeRTOSCommonHooks.o
 .debug_frame   0x0000007c       0x40 ./freertos/src/heap_3.o
 .debug_frame   0x000000bc       0x68 ./freertos/src/list.o
 .debug_frame   0x00000124      0x134 ./freertos/src/port.o
 .debug_frame   0x00000258      0x2b8 ./freertos/src/queue.o
 .debug_frame   0x00000510      0x434 ./freertos/src/tasks.o
 .debug_frame   0x00000944       0xf4 ./example/src/cr_startup_lpc175x_6x.o
 .debug_frame   0x00000a38      0x1b8 ./example/src/practica.o
 .debug_frame   0x00000bf0       0x28 ./example/src/sysinit.o
 .debug_frame   0x00000c18      0x120 ./example/src/uart.o
 .debug_frame   0x00000d38      0x230 C:\workspaces\workspresso-nxp\lpc_board_nxp_lpcxpresso_1769\Debug\liblpc_board_nxp_lpcxpresso_1769.a(board.o)
 .debug_frame   0x00000f68       0x58 C:\workspaces\workspresso-nxp\lpc_board_nxp_lpcxpresso_1769\Debug\liblpc_board_nxp_lpcxpresso_1769.a(board_sysinit.o)
 .debug_frame   0x00000fc0      0x130 C:\workspaces\workspresso-nxp\lpc_chip_175x_6x\Debug\liblpc_chip_175x_6x.a(adc_17xx_40xx.o)
 .debug_frame   0x000010f0       0x40 C:\workspaces\workspresso-nxp\lpc_chip_175x_6x\Debug\liblpc_chip_175x_6x.a(chip_17xx_40xx.o)
 .debug_frame   0x00001130      0x1c8 C:\workspaces\workspresso-nxp\lpc_chip_175x_6x\Debug\liblpc_chip_175x_6x.a(clock_17xx_40xx.o)
 .debug_frame   0x000012f8       0x68 C:\workspaces\workspresso-nxp\lpc_chip_175x_6x\Debug\liblpc_chip_175x_6x.a(iocon_17xx_40xx.o)
 .debug_frame   0x00001360       0x58 C:\workspaces\workspresso-nxp\lpc_chip_175x_6x\Debug\liblpc_chip_175x_6x.a(sysinit_17xx_40xx.o)
 .debug_frame   0x000013b8      0x200 C:\workspaces\workspresso-nxp\lpc_chip_175x_6x\Debug\liblpc_chip_175x_6x.a(uart_17xx_40xx.o)
 .debug_frame   0x000015b8       0x58 c:/workspaces/lpcxpresso_7.4.0_229/lpcxpresso/tools/bin/../lib/gcc/arm-none-eabi/4.8.4/armv7-m\libgcc.a(bpabi.o)
 .debug_frame   0x00001610       0x34 c:/workspaces/lpcxpresso_7.4.0_229/lpcxpresso/tools/bin/../lib/gcc/arm-none-eabi/4.8.4/armv7-m\libgcc.a(_divdi3.o)
 .debug_frame   0x00001644       0x34 c:/workspaces/lpcxpresso_7.4.0_229/lpcxpresso/tools/bin/../lib/gcc/arm-none-eabi/4.8.4/armv7-m\libgcc.a(_udivdi3.o)
 .debug_frame   0x00001678       0x30 c:/workspaces/lpcxpresso_7.4.0_229/lpcxpresso/tools/bin/../lib/gcc/arm-none-eabi/4.8.4/../../../../arm-none-eabi/lib/armv7-m\libc_s.a(lib_a-malloc.o)
 .debug_frame   0x000016a8       0x28 c:/workspaces/lpcxpresso_7.4.0_229/lpcxpresso/tools/bin/../lib/gcc/arm-none-eabi/4.8.4/../../../../arm-none-eabi/lib/armv7-m\libc_s.a(lib_a-memcpy-stub.o)
 .debug_frame   0x000016d0       0x20 c:/workspaces/lpcxpresso_7.4.0_229/lpcxpresso/tools/bin/../lib/gcc/arm-none-eabi/4.8.4/../../../../arm-none-eabi/lib/armv7-m\libc_s.a(lib_a-memset.o)
 .debug_frame   0x000016f0       0x2c c:/workspaces/lpcxpresso_7.4.0_229/lpcxpresso/tools/bin/../lib/gcc/arm-none-eabi/4.8.4/../../../../arm-none-eabi/lib/armv7-m\libc_s.a(lib_a-nano-freer.o)
 .debug_frame   0x0000171c       0x2c c:/workspaces/lpcxpresso_7.4.0_229/lpcxpresso/tools/bin/../lib/gcc/arm-none-eabi/4.8.4/../../../../arm-none-eabi/lib/armv7-m\libc_s.a(lib_a-nano-mallocr.o)
 .debug_frame   0x00001748       0x2c c:/workspaces/lpcxpresso_7.4.0_229/lpcxpresso/tools/bin/../lib/gcc/arm-none-eabi/4.8.4/../../../../arm-none-eabi/lib/armv7-m\libc_s.a(lib_a-sbrkr.o)
 .debug_frame   0x00001774       0x58 c:/workspaces/lpcxpresso_7.4.0_229/lpcxpresso/tools/bin/../lib/gcc/arm-none-eabi/4.8.4/../../../../arm-none-eabi/lib/armv7-m\libc_s.a(lib_a-sprintf.o)
 .debug_frame   0x000017cc       0x20 c:/workspaces/lpcxpresso_7.4.0_229/lpcxpresso/tools/bin/../lib/gcc/arm-none-eabi/4.8.4/../../../../arm-none-eabi/lib/armv7-m\libc_s.a(lib_a-strlen.o)
 .debug_frame   0x000017ec       0x2c c:/workspaces/lpcxpresso_7.4.0_229/lpcxpresso/tools/bin/../lib/gcc/arm-none-eabi/4.8.4/../../../../arm-none-eabi/lib/armv7-m\libc_s.a(lib_a-strncat.o)
 .debug_frame   0x00001818       0x2c c:/workspaces/lpcxpresso_7.4.0_229/lpcxpresso/tools/bin/../lib/gcc/arm-none-eabi/4.8.4/../../../../arm-none-eabi/lib/armv7-m\libc_s.a(lib_a-strstr.o)
 .debug_frame   0x00001844       0x88 c:/workspaces/lpcxpresso_7.4.0_229/lpcxpresso/tools/bin/../lib/gcc/arm-none-eabi/4.8.4/../../../../arm-none-eabi/lib/armv7-m\libc_s.a(lib_a-svfprintf.o)
 .debug_frame   0x000018cc       0x60 c:/workspaces/lpcxpresso_7.4.0_229/lpcxpresso/tools/bin/../lib/gcc/arm-none-eabi/4.8.4/../../../../arm-none-eabi/lib/armv7-m\libc_s.a(lib_a-vfprintf_i.o)
 .debug_frame   0x0000192c      0x12c c:/workspaces/lpcxpresso_7.4.0_229/lpcxpresso/tools/bin/../lib/gcc/arm-none-eabi/4.8.4/../../../../arm-none-eabi/lib/armv7-m\libc_s.a(lib_a-findfp.o)
 .debug_frame   0x00001a58       0x28 c:/workspaces/lpcxpresso_7.4.0_229/lpcxpresso/tools/bin/../lib/gcc/arm-none-eabi/4.8.4/../../../../arm-none-eabi/lib/armv7-m\libc_s.a(lib_a-memchr-stub.o)
 .debug_frame   0x00001a80       0x2c c:/workspaces/lpcxpresso_7.4.0_229/lpcxpresso/tools/bin/../lib/gcc/arm-none-eabi/4.8.4/../../../../arm-none-eabi/lib/armv7-m\libc_s.a(lib_a-memmove.o)
 .debug_frame   0x00001aac       0x30 c:/workspaces/lpcxpresso_7.4.0_229/lpcxpresso/tools/bin/../lib/gcc/arm-none-eabi/4.8.4/../../../../arm-none-eabi/lib/armv7-m\libc_s.a(lib_a-nano-reallocr.o)
 .debug_frame   0x00001adc       0x48 c:/workspaces/lpcxpresso_7.4.0_229/lpcxpresso/tools/bin/../lib/gcc/arm-none-eabi/4.8.4/../../../../arm-none-eabi/lib/armv7-m\libc_s.a(lib_a-reent.o)
 .debug_frame   0x00001b24       0x20 c:/workspaces/lpcxpresso_7.4.0_229/lpcxpresso/tools/bin/../lib/gcc/arm-none-eabi/4.8.4/../../../../arm-none-eabi/lib/armv7-m\libc_s.a(lib_a-nano-msizer.o)
 .debug_frame   0x00001b44       0x2c c:/workspaces/lpcxpresso_7.4.0_229/lpcxpresso/tools/bin/../lib/gcc/arm-none-eabi/4.8.4/../../../../arm-none-eabi/lib/armv7-m\libcr_newlib_semihost.a(_cr_sbrk.o)
 .debug_frame   0x00001b70       0x20 c:/workspaces/lpcxpresso_7.4.0_229/lpcxpresso/tools/bin/../lib/gcc/arm-none-eabi/4.8.4/../../../../arm-none-eabi/lib/armv7-m\libcr_newlib_semihost.a(_cr_check_heap.o)
 .debug_frame   0x00001b90       0x20 c:/workspaces/lpcxpresso_7.4.0_229/lpcxpresso/tools/bin/../lib/gcc/arm-none-eabi/4.8.4/../../../../arm-none-eabi/lib/armv7-m\libc_s.a(lib_a-errno.o)
